Archive member included to satisfy reference by file (symbol)

/usr/lib/gcc/arm-none-eabi/10.3.1/thumb/v6-m/nofp/libgcc.a(_dvmd_tls.o)
                              CMakeFiles/bme280.dir/home/n17y17/pico/pico-sdk/src/rp2_common/pico_divider/divider.S.obj (__aeabi_idiv0)
/usr/lib/gcc/arm-none-eabi/10.3.1/../../../arm-none-eabi/lib/thumb/v6-m/nofp/libg.a(lib_a-atexit.o)
                              /usr/lib/gcc/arm-none-eabi/10.3.1/../../../arm-none-eabi/lib/thumb/v6-m/nofp/crt0.o (atexit)
/usr/lib/gcc/arm-none-eabi/10.3.1/../../../arm-none-eabi/lib/thumb/v6-m/nofp/libg.a(lib_a-calloc.o)
                              CMakeFiles/bme280.dir/home/n17y17/pico/pico-sdk/src/rp2_common/pico_malloc/pico_malloc.c.obj (calloc)
/usr/lib/gcc/arm-none-eabi/10.3.1/../../../arm-none-eabi/lib/thumb/v6-m/nofp/libg.a(lib_a-callocr.o)
                              /usr/lib/gcc/arm-none-eabi/10.3.1/../../../arm-none-eabi/lib/thumb/v6-m/nofp/libg.a(lib_a-calloc.o) (_calloc_r)
/usr/lib/gcc/arm-none-eabi/10.3.1/../../../arm-none-eabi/lib/thumb/v6-m/nofp/libg.a(lib_a-fini.o)
                              /usr/lib/gcc/arm-none-eabi/10.3.1/../../../arm-none-eabi/lib/thumb/v6-m/nofp/crt0.o (__libc_fini_array)
/usr/lib/gcc/arm-none-eabi/10.3.1/../../../arm-none-eabi/lib/thumb/v6-m/nofp/libg.a(lib_a-impure.o)
                              /usr/lib/gcc/arm-none-eabi/10.3.1/../../../arm-none-eabi/lib/thumb/v6-m/nofp/libg.a(lib_a-calloc.o) (_impure_ptr)
/usr/lib/gcc/arm-none-eabi/10.3.1/../../../arm-none-eabi/lib/thumb/v6-m/nofp/libg.a(lib_a-init.o)
                              /usr/lib/gcc/arm-none-eabi/10.3.1/../../../arm-none-eabi/lib/thumb/v6-m/nofp/crt0.o (__libc_init_array)
/usr/lib/gcc/arm-none-eabi/10.3.1/../../../arm-none-eabi/lib/thumb/v6-m/nofp/libg.a(lib_a-malloc.o)
                              CMakeFiles/bme280.dir/home/n17y17/pico/pico-sdk/src/rp2_common/pico_malloc/pico_malloc.c.obj (malloc)
/usr/lib/gcc/arm-none-eabi/10.3.1/../../../arm-none-eabi/lib/thumb/v6-m/nofp/libg.a(lib_a-mallocr.o)
                              /usr/lib/gcc/arm-none-eabi/10.3.1/../../../arm-none-eabi/lib/thumb/v6-m/nofp/libg.a(lib_a-callocr.o) (_malloc_r)
/usr/lib/gcc/arm-none-eabi/10.3.1/../../../arm-none-eabi/lib/thumb/v6-m/nofp/libg.a(lib_a-mlock.o)
                              /usr/lib/gcc/arm-none-eabi/10.3.1/../../../arm-none-eabi/lib/thumb/v6-m/nofp/libg.a(lib_a-mallocr.o) (__malloc_lock)
/usr/lib/gcc/arm-none-eabi/10.3.1/../../../arm-none-eabi/lib/thumb/v6-m/nofp/libg.a(lib_a-realloc.o)
                              CMakeFiles/bme280.dir/home/n17y17/pico/pico-sdk/src/rp2_common/pico_malloc/pico_malloc.c.obj (realloc)
/usr/lib/gcc/arm-none-eabi/10.3.1/../../../arm-none-eabi/lib/thumb/v6-m/nofp/libg.a(lib_a-reallocr.o)
                              /usr/lib/gcc/arm-none-eabi/10.3.1/../../../arm-none-eabi/lib/thumb/v6-m/nofp/libg.a(lib_a-realloc.o) (_realloc_r)
/usr/lib/gcc/arm-none-eabi/10.3.1/../../../arm-none-eabi/lib/thumb/v6-m/nofp/libg.a(lib_a-sbrkr.o)
                              /usr/lib/gcc/arm-none-eabi/10.3.1/../../../arm-none-eabi/lib/thumb/v6-m/nofp/libg.a(lib_a-mallocr.o) (_sbrk_r)
/usr/lib/gcc/arm-none-eabi/10.3.1/../../../arm-none-eabi/lib/thumb/v6-m/nofp/libg.a(lib_a-strlen-stub.o)
                              CMakeFiles/bme280.dir/home/n17y17/pico/pico-sdk/src/rp2_common/pico_stdio/stdio.c.obj (strlen)
/usr/lib/gcc/arm-none-eabi/10.3.1/../../../arm-none-eabi/lib/thumb/v6-m/nofp/libg.a(lib_a-__atexit.o)
                              /usr/lib/gcc/arm-none-eabi/10.3.1/../../../arm-none-eabi/lib/thumb/v6-m/nofp/libg.a(lib_a-atexit.o) (__register_exitproc)
/usr/lib/gcc/arm-none-eabi/10.3.1/../../../arm-none-eabi/lib/thumb/v6-m/nofp/libg.a(lib_a-freer.o)
                              /usr/lib/gcc/arm-none-eabi/10.3.1/../../../arm-none-eabi/lib/thumb/v6-m/nofp/libg.a(lib_a-malloc.o) (_free_r)
/usr/lib/gcc/arm-none-eabi/10.3.1/../../../arm-none-eabi/lib/thumb/v6-m/nofp/libg.a(lib_a-memmove.o)
                              /usr/lib/gcc/arm-none-eabi/10.3.1/../../../arm-none-eabi/lib/thumb/v6-m/nofp/libg.a(lib_a-reallocr.o) (memmove)
/usr/lib/gcc/arm-none-eabi/10.3.1/../../../arm-none-eabi/lib/thumb/v6-m/nofp/libg.a(lib_a-reent.o)
                              /usr/lib/gcc/arm-none-eabi/10.3.1/../../../arm-none-eabi/lib/thumb/v6-m/nofp/libg.a(lib_a-sbrkr.o) (errno)

Discarded input sections

 .text          0x0000000000000000        0x0 /usr/lib/gcc/arm-none-eabi/10.3.1/thumb/v6-m/nofp/crti.o
 .data          0x0000000000000000        0x0 /usr/lib/gcc/arm-none-eabi/10.3.1/thumb/v6-m/nofp/crti.o
 .bss           0x0000000000000000        0x0 /usr/lib/gcc/arm-none-eabi/10.3.1/thumb/v6-m/nofp/crti.o
 .data          0x0000000000000000        0x4 /usr/lib/gcc/arm-none-eabi/10.3.1/thumb/v6-m/nofp/crtbegin.o
 .rodata        0x0000000000000000       0x24 /usr/lib/gcc/arm-none-eabi/10.3.1/thumb/v6-m/nofp/crtbegin.o
 .fini_array    0x0000000000000000        0x4 /usr/lib/gcc/arm-none-eabi/10.3.1/thumb/v6-m/nofp/crtbegin.o
[...]
Memory Configuration

Name             Origin             Length             Attributes
FLASH            0x0000000010000000 0x0000000000200000 xr
RAM              0x0000000020000000 0x0000000000040000 xrw
SCRATCH_X        0x0000000020040000 0x0000000000001000 xrw
SCRATCH_Y        0x0000000020041000 0x0000000000001000 xrw
*default*        0x0000000000000000 0xffffffffffffffff

Linker script and memory map

LOAD /usr/lib/gcc/arm-none-eabi/10.3.1/thumb/v6-m/nofp/crti.o
LOAD /usr/lib/gcc/arm-none-eabi/10.3.1/thumb/v6-m/nofp/crtbegin.o
LOAD /usr/lib/gcc/arm-none-eabi/10.3.1/../../../arm-none-eabi/lib/thumb/v6-m/nofp/crt0.o

.flash_begin    0x0000000010000000        0x0
                0x0000000010000000                __flash_binary_start = .

.boot2          0x0000000010000000      0x100
                0x0000000010000000                __boot2_start__ = .
 *(.boot2)
 .boot2         0x0000000010000000      0x100 /tmp/ccppxirn.o
                0x0000000010000100                __boot2_end__ = .
                0x0000000000000001                ASSERT (((__boot2_end__ - __boot2_start__) == 0x100), ERROR: Pico second stage bootloader must be 256 bytes in size)

.text           0x0000000010000100     0x8038
                0x0000000010000100                __logical_binary_start = .
 *(.vectors)
 .vectors       0x0000000010000100       0xd4 CMakeFiles/bme280.dir/home/n17y17/pico/pico-sdk/src/rp2_common/pico_standard_link/crt0.S.obj
                0x0000000010000100                __vectors
                0x0000000010000100                __VECTOR_TABLE
                0x00000000100001c0                isr_invalid
                0x00000000100001c0                __default_isrs_start
                0x00000000100001c2                isr_nmi
                0x00000000100001c4                isr_hardfault
                0x00000000100001c6                isr_svcall
                0x00000000100001c8                isr_pendsv
                0x00000000100001ca                isr_systick
                0x00000000100001cc                isr_irq30
                0x00000000100001cc                __unhandled_user_irq
                0x00000000100001cc                isr_irq13
                0x00000000100001cc                isr_irq27
                0x00000000100001cc                isr_irq31
                0x00000000100001cc                isr_irq5
                0x00000000100001cc                isr_irq11
                0x00000000100001cc                isr_irq23
                0x00000000100001cc                isr_irq18
                0x00000000100001cc                isr_irq28
                0x00000000100001cc                isr_irq19
                0x00000000100001cc                isr_irq0
                0x00000000100001cc                isr_irq6
                0x00000000100001cc                isr_irq22
                0x00000000100001cc                isr_irq17
                0x00000000100001cc                isr_irq14
                0x00000000100001cc                isr_irq2
                0x00000000100001cc                isr_irq10
                0x00000000100001cc                isr_irq8
                0x00000000100001cc                isr_irq24
                0x00000000100001cc                isr_irq1
                0x00000000100001cc                isr_irq7
                0x00000000100001cc                isr_irq21
                0x00000000100001cc                isr_irq20
                0x00000000100001cc                isr_irq15
                0x00000000100001cc                isr_irq25
                0x00000000100001cc                isr_irq4
                0x00000000100001cc                isr_irq16
                0x00000000100001cc                isr_irq29
                0x00000000100001cc                isr_irq26
                0x00000000100001cc                __default_isrs_end
                0x00000000100001cc                isr_irq3
                0x00000000100001cc                isr_irq12
                0x00000000100001cc                isr_irq9
                0x00000000100001d2                unhandled_user_irq_num_in_r0
 *(.binary_info_header)
 .binary_info_header
                0x00000000100001d4       0x14 CMakeFiles/bme280.dir/home/n17y17/pico/pico-sdk/src/rp2_common/pico_standard_link/crt0.S.obj
                0x00000000100001e8                __binary_info_header_end = .
 *(.reset)
 .reset         0x00000000100001e8       0xa0 CMakeFiles/bme280.dir/home/n17y17/pico/pico-sdk/src/rp2_common/pico_standard_link/crt0.S.obj
                0x00000000100001e8                _entry_point
 .reset         0x0000000010000288       0x30 CMakeFiles/bme280.dir/home/n17y17/pico/pico-sdk/src/rp2_common/pico_standard_link/binary_info.c.obj
 *(.init)
 .init          0x00000000100002b8        0x4 /usr/lib/gcc/arm-none-eabi/10.3.1/thumb/v6-m/nofp/crti.o
                0x00000000100002b8                _init
 *(EXCLUDE_FILE(*libm.a: *libc.a:*lib_a-mem*.o *libgcc.a:) .text*)
 .text          0x00000000100002bc       0x98 /usr/lib/gcc/arm-none-eabi/10.3.1/thumb/v6-m/nofp/crtbegin.o
 .text._ZN6BME28010set_originEfff
                0x0000000010000354        0x8 CMakeFiles/bme280.dir/bme280.cpp.obj
                0x0000000010000354                BME280::set_origin(float, float, float)
 .text._ZN6BME28015compensate_tempEl
                0x000000001000035c       0x30 CMakeFiles/bme280.dir/bme280.cpp.obj
                0x000000001000035c                BME280::compensate_temp(long)
 .text._ZN6BME28019compensate_pressureEl
                0x000000001000038c       0xb4 CMakeFiles/bme280.dir/bme280.cpp.obj
                0x000000001000038c                BME280::compensate_pressure(long)
 .text._ZN6BME28019compensate_humidityEl
                0x0000000010000440       0x88 CMakeFiles/bme280.dir/bme280.cpp.obj
                0x0000000010000440                BME280::compensate_humidity(long)
 .text._ZN6BME28014write_registerEhh
                0x00000000100004c8       0x26 CMakeFiles/bme280.dir/bme280.cpp.obj
                0x00000000100004c8                BME280::write_register(unsigned char, unsigned char)
 .text._ZN6BME28014read_registersEhPht
                0x00000000100004ee       0x48 CMakeFiles/bme280.dir/bme280.cpp.obj
                0x00000000100004ee                BME280::read_registers(unsigned char, unsigned char*, unsigned short)
 .text._ZN6BME28028read_compensation_parametersEv
                0x0000000010000536      0x126 CMakeFiles/bme280.dir/bme280.cpp.obj
                0x0000000010000536                BME280::read_compensation_parameters()
 .text._ZN6BME280C2EjjjjjNS_4MODEE
                0x000000001000065c       0xf4 CMakeFiles/bme280.dir/bme280.cpp.obj
                0x000000001000065c                BME280::BME280(unsigned int, unsigned int, unsigned int, unsigned int, unsigned int, BME280::MODE)
                0x000000001000065c                BME280::BME280(unsigned int, unsigned int, unsigned int, unsigned int, unsigned int, BME280::MODE)
 .text._ZN6BME28015bme280_read_rawEPlS0_S0_
                0x0000000010000750       0x52 CMakeFiles/bme280.dir/bme280.cpp.obj
                0x0000000010000750                BME280::bme280_read_raw(long*, long*, long*)
 *fill*         0x00000000100007a2        0x2 
 .text._ZN6BME2807measureEv
                0x00000000100007a4      0x170 CMakeFiles/bme280.dir/bme280.cpp.obj
                0x00000000100007a4                BME280::measure()
 .text.main     0x0000000010000914       0xe0 CMakeFiles/bme280.dir/example.cpp.obj
                0x0000000010000914                main
 .text.gpio_set_function
                0x00000000100009f4       0x30 CMakeFiles/bme280.dir/home/n17y17/pico/pico-sdk/src/rp2_common/hardware_gpio/gpio.c.obj
                0x00000000100009f4                gpio_set_function
 .text.gpio_set_pulls
                0x0000000010000a24       0x34 CMakeFiles/bme280.dir/home/n17y17/pico/pico-sdk/src/rp2_common/hardware_gpio/gpio.c.obj
                0x0000000010000a24                gpio_set_pulls
 .text.running_on_fpga
                0x0000000010000a58       0x14 CMakeFiles/bme280.dir/home/n17y17/pico/pico-sdk/src/rp2_common/pico_platform/platform.c.obj
                0x0000000010000a58                running_on_fpga
 .text.hw_claim_lock
                0x0000000010000a6c       0x18 CMakeFiles/bme280.dir/home/n17y17/pico/pico-sdk/src/rp2_common/hardware_claim/claim.c.obj
                0x0000000010000a6c                hw_claim_lock
 .text.hw_claim_unlock
                0x0000000010000a84       0x14 CMakeFiles/bme280.dir/home/n17y17/pico/pico-sdk/src/rp2_common/hardware_claim/claim.c.obj
                0x0000000010000a84                hw_claim_unlock
 .text.hw_claim_or_assert
                0x0000000010000a98       0x32 CMakeFiles/bme280.dir/home/n17y17/pico/pico-sdk/src/rp2_common/hardware_claim/claim.c.obj
                0x0000000010000a98                hw_claim_or_assert
 .text.hw_claim_unused_from_range
                0x0000000010000aca       0x50 CMakeFiles/bme280.dir/home/n17y17/pico/pico-sdk/src/rp2_common/hardware_claim/claim.c.obj
                0x0000000010000aca                hw_claim_unused_from_range
 *fill*         0x0000000010000b1a        0x2 
 .text.spin_locks_reset
                0x0000000010000b1c       0x20 CMakeFiles/bme280.dir/home/n17y17/pico/pico-sdk/src/rp2_common/hardware_sync/sync.c.obj
                0x0000000010000b1c                spin_locks_reset
 .text.next_striped_spin_lock_num
                0x0000000010000b3c       0x1c CMakeFiles/bme280.dir/home/n17y17/pico/pico-sdk/src/rp2_common/hardware_sync/sync.c.obj
                0x0000000010000b3c                next_striped_spin_lock_num
 .text.spin_lock_claim_unused
                0x0000000010000b58       0x20 CMakeFiles/bme280.dir/home/n17y17/pico/pico-sdk/src/rp2_common/hardware_sync/sync.c.obj
                0x0000000010000b58                spin_lock_claim_unused
 .text.set_raw_irq_handler_and_unlock
                0x0000000010000b78       0x28 CMakeFiles/bme280.dir/home/n17y17/pico/pico-sdk/src/rp2_common/hardware_irq/irq.c.obj
 .text.make_branch
                0x0000000010000ba0       0x48 CMakeFiles/bme280.dir/home/n17y17/pico/pico-sdk/src/rp2_common/hardware_irq/irq.c.obj
 .text.insert_branch_and_link
                0x0000000010000be8       0x40 CMakeFiles/bme280.dir/home/n17y17/pico/pico-sdk/src/rp2_common/hardware_irq/irq.c.obj
 .text.irq_is_enabled
                0x0000000010000c28       0x18 CMakeFiles/bme280.dir/home/n17y17/pico/pico-sdk/src/rp2_common/hardware_irq/irq.c.obj
                0x0000000010000c28                irq_is_enabled
 .text.irq_set_mask_enabled
                0x0000000010000c40       0x20 CMakeFiles/bme280.dir/home/n17y17/pico/pico-sdk/src/rp2_common/hardware_irq/irq.c.obj
                0x0000000010000c40                irq_set_mask_enabled
 .text.irq_set_enabled
                0x0000000010000c60        0xe CMakeFiles/bme280.dir/home/n17y17/pico/pico-sdk/src/rp2_common/hardware_irq/irq.c.obj
                0x0000000010000c60                irq_set_enabled
 *fill*         0x0000000010000c6e        0x2 
 .text.irq_set_pending
                0x0000000010000c70       0x10 CMakeFiles/bme280.dir/home/n17y17/pico/pico-sdk/src/rp2_common/hardware_irq/irq.c.obj
                0x0000000010000c70                irq_set_pending
 .text.irq_get_vtable_handler
                0x0000000010000c80       0x10 CMakeFiles/bme280.dir/home/n17y17/pico/pico-sdk/src/rp2_common/hardware_irq/irq.c.obj
                0x0000000010000c80                irq_get_vtable_handler
 .text.irq_has_shared_handler
                0x0000000010000c90       0x24 CMakeFiles/bme280.dir/home/n17y17/pico/pico-sdk/src/rp2_common/hardware_irq/irq.c.obj
                0x0000000010000c90                irq_has_shared_handler
 .text.irq_set_exclusive_handler
                0x0000000010000cb4       0x54 CMakeFiles/bme280.dir/home/n17y17/pico/pico-sdk/src/rp2_common/hardware_irq/irq.c.obj
                0x0000000010000cb4                irq_set_exclusive_handler
 .text.irq_add_shared_handler
                0x0000000010000d08      0x234 CMakeFiles/bme280.dir/home/n17y17/pico/pico-sdk/src/rp2_common/hardware_irq/irq.c.obj
                0x0000000010000d08                irq_add_shared_handler
 .text.irq_remove_handler
                0x0000000010000f3c      0x1ac CMakeFiles/bme280.dir/home/n17y17/pico/pico-sdk/src/rp2_common/hardware_irq/irq.c.obj
                0x0000000010000f3c                irq_remove_handler
 .text.irq_add_tail_to_free_list
                0x00000000100010e8       0xf0 CMakeFiles/bme280.dir/home/n17y17/pico/pico-sdk/src/rp2_common/hardware_irq/irq.c.obj
                0x00000000100010e8                irq_add_tail_to_free_list
 .text.irq_init_priorities
                0x00000000100011d8       0x1c CMakeFiles/bme280.dir/home/n17y17/pico/pico-sdk/src/rp2_common/hardware_irq/irq.c.obj
                0x00000000100011d8                irq_init_priorities
 .text.user_irq_claim_unused
                0x00000000100011f4       0x28 CMakeFiles/bme280.dir/home/n17y17/pico/pico-sdk/src/rp2_common/hardware_irq/irq.c.obj
                0x00000000100011f4                user_irq_claim_unused
 .text.lock_init
                0x000000001000121c       0x10 CMakeFiles/bme280.dir/home/n17y17/pico/pico-sdk/src/common/pico_sync/lock_core.c.obj
                0x000000001000121c                lock_init
 .text.mutex_init
                0x000000001000122c       0x1a CMakeFiles/bme280.dir/home/n17y17/pico/pico-sdk/src/common/pico_sync/mutex.c.obj
                0x000000001000122c                mutex_init
 .text.recursive_mutex_init
                0x0000000010001246       0x1e CMakeFiles/bme280.dir/home/n17y17/pico/pico-sdk/src/common/pico_sync/mutex.c.obj
                0x0000000010001246                recursive_mutex_init
 .text.critical_section_init_with_lock_num
                0x0000000010001264       0x14 CMakeFiles/bme280.dir/home/n17y17/pico/pico-sdk/src/common/pico_sync/critical_section.c.obj
                0x0000000010001264                critical_section_init_with_lock_num
 .text.critical_section_init
                0x0000000010001278       0x14 CMakeFiles/bme280.dir/home/n17y17/pico/pico-sdk/src/common/pico_sync/critical_section.c.obj
                0x0000000010001278                critical_section_init
 .text.alarm_pool_post_alloc_init
                0x000000001000128c       0x40 CMakeFiles/bme280.dir/home/n17y17/pico/pico-sdk/src/common/pico_time/time.c.obj
 .text.sleep_until_callback
                0x00000000100012cc       0x30 CMakeFiles/bme280.dir/home/n17y17/pico/pico-sdk/src/common/pico_time/time.c.obj
 .text.timer_pool_entry_comparator
                0x00000000100012fc       0x7c CMakeFiles/bme280.dir/home/n17y17/pico/pico-sdk/src/common/pico_time/time.c.obj
                0x00000000100012fc                timer_pool_entry_comparator
 .text.ph_add_child_node
                0x0000000010001378       0xa4 CMakeFiles/bme280.dir/home/n17y17/pico/pico-sdk/src/common/pico_time/time.c.obj
 .text.ph_merge_nodes
                0x000000001000141c       0x3e CMakeFiles/bme280.dir/home/n17y17/pico/pico-sdk/src/common/pico_time/time.c.obj
 *fill*         0x000000001000145a        0x2 
 .text.add_alarm_under_lock
                0x000000001000145c      0x174 CMakeFiles/bme280.dir/home/n17y17/pico/pico-sdk/src/common/pico_time/time.c.obj
 .text.alarm_pool_alarm_callback
                0x00000000100015d0      0x33c CMakeFiles/bme280.dir/home/n17y17/pico/pico-sdk/src/common/pico_time/time.c.obj
 .text.alarm_pool_init_default
                0x000000001000190c       0x40 CMakeFiles/bme280.dir/home/n17y17/pico/pico-sdk/src/common/pico_time/time.c.obj
                0x000000001000190c                alarm_pool_init_default
 .text.alarm_pool_get_default
                0x000000001000194c       0x2c CMakeFiles/bme280.dir/home/n17y17/pico/pico-sdk/src/common/pico_time/time.c.obj
                0x000000001000194c                alarm_pool_get_default
 .text.alarm_pool_add_alarm_at
                0x0000000010001978      0x168 CMakeFiles/bme280.dir/home/n17y17/pico/pico-sdk/src/common/pico_time/time.c.obj
                0x0000000010001978                alarm_pool_add_alarm_at
 .text.alarm_pool_cancel_alarm
                0x0000000010001ae0       0xf8 CMakeFiles/bme280.dir/home/n17y17/pico/pico-sdk/src/common/pico_time/time.c.obj
                0x0000000010001ae0                alarm_pool_cancel_alarm
 .text.alarm_pool_core_num
                0x0000000010001bd8        0x4 CMakeFiles/bme280.dir/home/n17y17/pico/pico-sdk/src/common/pico_time/time.c.obj
                0x0000000010001bd8                alarm_pool_core_num
 .text.sleep_until
                0x0000000010001bdc       0xfc CMakeFiles/bme280.dir/home/n17y17/pico/pico-sdk/src/common/pico_time/time.c.obj
                0x0000000010001bdc                sleep_until
 .text.sleep_us
                0x0000000010001cd8       0x58 CMakeFiles/bme280.dir/home/n17y17/pico/pico-sdk/src/common/pico_time/time.c.obj
                0x0000000010001cd8                sleep_us
 .text.sleep_ms
                0x0000000010001d30       0x14 CMakeFiles/bme280.dir/home/n17y17/pico/pico-sdk/src/common/pico_time/time.c.obj
                0x0000000010001d30                sleep_ms
 .text.best_effort_wfe_or_timeout
                0x0000000010001d44       0xac CMakeFiles/bme280.dir/home/n17y17/pico/pico-sdk/src/common/pico_time/time.c.obj
                0x0000000010001d44                best_effort_wfe_or_timeout
 .text.hardware_alarm_irq_handler
                0x0000000010001df0       0x90 CMakeFiles/bme280.dir/home/n17y17/pico/pico-sdk/src/rp2_common/hardware_timer/timer.c.obj
 .text.hardware_alarm_claim
                0x0000000010001e80       0x18 CMakeFiles/bme280.dir/home/n17y17/pico/pico-sdk/src/rp2_common/hardware_timer/timer.c.obj
                0x0000000010001e80                hardware_alarm_claim
 .text.time_us_64
                0x0000000010001e98       0x18 CMakeFiles/bme280.dir/home/n17y17/pico/pico-sdk/src/rp2_common/hardware_timer/timer.c.obj
                0x0000000010001e98                time_us_64
 .text.busy_wait_until
                0x0000000010001eb0       0x28 CMakeFiles/bme280.dir/home/n17y17/pico/pico-sdk/src/rp2_common/hardware_timer/timer.c.obj
                0x0000000010001eb0                busy_wait_until
 .text.hardware_alarm_set_callback
                0x0000000010001ed8       0x90 CMakeFiles/bme280.dir/home/n17y17/pico/pico-sdk/src/rp2_common/hardware_timer/timer.c.obj
                0x0000000010001ed8                hardware_alarm_set_callback
 .text.hardware_alarm_set_target
                0x0000000010001f68       0xe8 CMakeFiles/bme280.dir/home/n17y17/pico/pico-sdk/src/rp2_common/hardware_timer/timer.c.obj
                0x0000000010001f68                hardware_alarm_set_target
 .text.hardware_alarm_cancel
                0x0000000010002050       0x40 CMakeFiles/bme280.dir/home/n17y17/pico/pico-sdk/src/rp2_common/hardware_timer/timer.c.obj
                0x0000000010002050                hardware_alarm_cancel
 .text.ph_add_child_node
                0x0000000010002090       0xa4 CMakeFiles/bme280.dir/home/n17y17/pico/pico-sdk/src/common/pico_util/pheap.c.obj
 .text.ph_merge_nodes
                0x0000000010002134       0x3e CMakeFiles/bme280.dir/home/n17y17/pico/pico-sdk/src/common/pico_util/pheap.c.obj
 *fill*         0x0000000010002172        0x2 
 .text.ph_clear
                0x0000000010002174       0x70 CMakeFiles/bme280.dir/home/n17y17/pico/pico-sdk/src/common/pico_util/pheap.c.obj
                0x0000000010002174                ph_clear
 .text.ph_post_alloc_init
                0x00000000100021e4        0xe CMakeFiles/bme280.dir/home/n17y17/pico/pico-sdk/src/common/pico_util/pheap.c.obj
                0x00000000100021e4                ph_post_alloc_init
 *fill*         0x00000000100021f2        0x2 
 .text.ph_merge_two_pass
                0x00000000100021f4       0xa8 CMakeFiles/bme280.dir/home/n17y17/pico/pico-sdk/src/common/pico_util/pheap.c.obj
                0x00000000100021f4                ph_merge_two_pass
 .text.ph_remove_any_head
                0x000000001000229c      0x128 CMakeFiles/bme280.dir/home/n17y17/pico/pico-sdk/src/common/pico_util/pheap.c.obj
 .text.ph_remove_head
                0x00000000100023c4       0x14 CMakeFiles/bme280.dir/home/n17y17/pico/pico-sdk/src/common/pico_util/pheap.c.obj
                0x00000000100023c4                ph_remove_head
 .text.ph_remove_and_free_node
                0x00000000100023d8       0xf8 CMakeFiles/bme280.dir/home/n17y17/pico/pico-sdk/src/common/pico_util/pheap.c.obj
                0x00000000100023d8                ph_remove_and_free_node
 .text.clock_configure
                0x00000000100024d0      0x108 CMakeFiles/bme280.dir/home/n17y17/pico/pico-sdk/src/rp2_common/hardware_clocks/clocks.c.obj
                0x00000000100024d0                clock_configure
 .text.clocks_init
                0x00000000100025d8      0x100 CMakeFiles/bme280.dir/home/n17y17/pico/pico-sdk/src/rp2_common/hardware_clocks/clocks.c.obj
                0x00000000100025d8                clocks_init
 .text.clock_get_hz
                0x00000000100026d8        0xc CMakeFiles/bme280.dir/home/n17y17/pico/pico-sdk/src/rp2_common/hardware_clocks/clocks.c.obj
                0x00000000100026d8                clock_get_hz
 .text.pll_init
                0x00000000100026e4      0x120 CMakeFiles/bme280.dir/home/n17y17/pico/pico-sdk/src/rp2_common/hardware_pll/pll.c.obj
                0x00000000100026e4                pll_init
 .text.watchdog_start_tick
                0x0000000010002804       0x10 CMakeFiles/bme280.dir/home/n17y17/pico/pico-sdk/src/rp2_common/hardware_watchdog/watchdog.c.obj
                0x0000000010002804                watchdog_start_tick
 .text.watchdog_update
                0x0000000010002814       0x14 CMakeFiles/bme280.dir/home/n17y17/pico/pico-sdk/src/rp2_common/hardware_watchdog/watchdog.c.obj
                0x0000000010002814                watchdog_update
 .text._watchdog_enable
                0x0000000010002828       0x78 CMakeFiles/bme280.dir/home/n17y17/pico/pico-sdk/src/rp2_common/hardware_watchdog/watchdog.c.obj
                0x0000000010002828                _watchdog_enable
 .text.watchdog_reboot
                0x00000000100028a0       0x48 CMakeFiles/bme280.dir/home/n17y17/pico/pico-sdk/src/rp2_common/hardware_watchdog/watchdog.c.obj
                0x00000000100028a0                watchdog_reboot
 .text.xosc_init
                0x00000000100028e8       0x28 CMakeFiles/bme280.dir/home/n17y17/pico/pico-sdk/src/rp2_common/hardware_xosc/xosc.c.obj
                0x00000000100028e8                xosc_init
 .text._exit    0x0000000010002910        0x4 CMakeFiles/bme280.dir/home/n17y17/pico/pico-sdk/src/rp2_common/pico_runtime/runtime.c.obj
                0x0000000010002910                _exit
 .text.exit     0x0000000010002914        0x6 CMakeFiles/bme280.dir/home/n17y17/pico/pico-sdk/src/rp2_common/pico_runtime/runtime.c.obj
                0x0000000010002914                exit
 *fill*         0x000000001000291a        0x2 
 .text.__assert_func
                0x000000001000291c       0x3c CMakeFiles/bme280.dir/home/n17y17/pico/pico-sdk/src/rp2_common/pico_runtime/runtime.c.obj
                0x000000001000291c                __assert_func
 .text.runtime_init
                0x0000000010002958       0xf8 CMakeFiles/bme280.dir/home/n17y17/pico/pico-sdk/src/rp2_common/pico_runtime/runtime.c.obj
                0x0000000010002958                runtime_init
 .text.panic    0x0000000010002a50       0x30 CMakeFiles/bme280.dir/home/n17y17/pico/pico-sdk/src/rp2_common/pico_runtime/runtime.c.obj
                0x0000000010002a50                panic
 .text._out_null
                0x0000000010002a80        0x2 CMakeFiles/bme280.dir/home/n17y17/pico/pico-sdk/src/rp2_common/pico_printf/printf.c.obj
 .text._out_fct
                0x0000000010002a82        0xe CMakeFiles/bme280.dir/home/n17y17/pico/pico-sdk/src/rp2_common/pico_printf/printf.c.obj
 .text._atoi    0x0000000010002a90       0x24 CMakeFiles/bme280.dir/home/n17y17/pico/pico-sdk/src/rp2_common/pico_printf/printf.c.obj
 .text._out_rev
                0x0000000010002ab4       0xae CMakeFiles/bme280.dir/home/n17y17/pico/pico-sdk/src/rp2_common/pico_printf/printf.c.obj
 .text._ntoa_format
                0x0000000010002b62      0x112 CMakeFiles/bme280.dir/home/n17y17/pico/pico-sdk/src/rp2_common/pico_printf/printf.c.obj
 .text._ntoa_long
                0x0000000010002c74       0xbc CMakeFiles/bme280.dir/home/n17y17/pico/pico-sdk/src/rp2_common/pico_printf/printf.c.obj
 .text._ntoa_long_long
                0x0000000010002d30       0xe2 CMakeFiles/bme280.dir/home/n17y17/pico/pico-sdk/src/rp2_common/pico_printf/printf.c.obj
 *fill*         0x0000000010002e12        0x2 
 .text._etoa    0x0000000010002e14      0x414 CMakeFiles/bme280.dir/home/n17y17/pico/pico-sdk/src/rp2_common/pico_printf/printf.c.obj
 .text._ftoa    0x0000000010003228      0x354 CMakeFiles/bme280.dir/home/n17y17/pico/pico-sdk/src/rp2_common/pico_printf/printf.c.obj
 .text._vsnprintf
                0x000000001000357c      0x624 CMakeFiles/bme280.dir/home/n17y17/pico/pico-sdk/src/rp2_common/pico_printf/printf.c.obj
 .text.vfctprintf
                0x0000000010003ba0       0x20 CMakeFiles/bme280.dir/home/n17y17/pico/pico-sdk/src/rp2_common/pico_printf/printf.c.obj
                0x0000000010003ba0                vfctprintf
 .text          0x0000000010003bc0       0x10 CMakeFiles/bme280.dir/home/n17y17/pico/pico-sdk/src/rp2_common/pico_bit_ops/bit_ops_aeabi.S.obj
 .text.rom_func_lookup
                0x0000000010003bd0       0x10 CMakeFiles/bme280.dir/home/n17y17/pico/pico-sdk/src/rp2_common/pico_bootrom/bootrom.c.obj
                0x0000000010003bd0                rom_func_lookup
 .text.rom_data_lookup
                0x0000000010003be0       0x10 CMakeFiles/bme280.dir/home/n17y17/pico/pico-sdk/src/rp2_common/pico_bootrom/bootrom.c.obj
                0x0000000010003be0                rom_data_lookup
 .text.rom_funcs_lookup
                0x0000000010003bf0       0x36 CMakeFiles/bme280.dir/home/n17y17/pico/pico-sdk/src/rp2_common/pico_bootrom/bootrom.c.obj
                0x0000000010003bf0                rom_funcs_lookup
 *fill*         0x0000000010003c26        0x2 
 .text.__wrap___aeabi_idiv
                0x0000000010003c28       0x50 CMakeFiles/bme280.dir/home/n17y17/pico/pico-sdk/src/rp2_common/pico_divider/divider.S.obj
                0x0000000010003c28                __wrap___aeabi_idivmod
                0x0000000010003c28                divmod_s32s32
                0x0000000010003c28                div_s32s32
                0x0000000010003c28                __wrap___aeabi_idiv
                0x0000000010003c30                divmod_s32s32_unsafe
                0x0000000010003c5c                divmod_s32s32_savestate
 .text.__wrap___aeabi_uidiv
                0x0000000010003c78       0x4c CMakeFiles/bme280.dir/home/n17y17/pico/pico-sdk/src/rp2_common/pico_divider/divider.S.obj
                0x0000000010003c78                __wrap___aeabi_uidiv
                0x0000000010003c78                __wrap___aeabi_uidivmod
                0x0000000010003c78                div_u32u32
                0x0000000010003c78                divmod_u32u32
                0x0000000010003c80                divmod_u32u32_unsafe
                0x0000000010003ca8                divmod_u32u32_savestate
 .text.__wrap___aeabi_ldiv
                0x0000000010003cc4      0x424 CMakeFiles/bme280.dir/home/n17y17/pico/pico-sdk/src/rp2_common/pico_divider/divider.S.obj
                0x0000000010003cc4                div_s64s64
                0x0000000010003cc4                divmod_s64s64
                0x0000000010003cc4                __wrap___aeabi_ldivmod
                0x0000000010003cf4                div_u64u64
                0x0000000010003cf4                divmod_u64u64
                0x0000000010003cf4                __wrap___aeabi_uldivmod
                0x0000000010003d04                divmod_u64u64_savestate
                0x0000000010003d24                divmod_s64s64_unsafe
                0x0000000010003dac                divmod_u64u64_unsafe
 .text.__wrap___aeabi_darithmetic
                0x00000000100040e8       0x80 CMakeFiles/bme280.dir/home/n17y17/pico/pico-sdk/src/rp2_common/pico_double/double_aeabi.S.obj
                0x00000000100040e8                __wrap___aeabi_drsub
                0x00000000100040ee                __wrap___aeabi_dsub
                0x0000000010004100                __wrap___aeabi_dadd
                0x0000000010004112                __wrap___aeabi_ddiv
                0x000000001000414e                __wrap___aeabi_dmul
 .text.__wrap___aeabi_cdcmple
                0x0000000010004168       0x6c CMakeFiles/bme280.dir/home/n17y17/pico/pico-sdk/src/rp2_common/pico_double/double_aeabi.S.obj
                0x0000000010004168                __wrap___aeabi_cdrcmple
                0x0000000010004178                __wrap___aeabi_cdcmple
                0x0000000010004178                __wrap___aeabi_cdcmpeq
 .text.__wrap___aeabi_dcmplt
                0x00000000100041d4        0xc CMakeFiles/bme280.dir/home/n17y17/pico/pico-sdk/src/rp2_common/pico_double/double_aeabi.S.obj
                0x00000000100041d4                __wrap___aeabi_dcmplt
 .text.__wrap___aeabi_dcmple
                0x00000000100041e0       0x10 CMakeFiles/bme280.dir/home/n17y17/pico/pico-sdk/src/rp2_common/pico_double/double_aeabi.S.obj
                0x00000000100041e0                __wrap___aeabi_dcmple
 .text.__wrap___aeabi_dcmpge
                0x00000000100041f0       0x10 CMakeFiles/bme280.dir/home/n17y17/pico/pico-sdk/src/rp2_common/pico_double/double_aeabi.S.obj
                0x00000000100041f0                __wrap___aeabi_dcmpge
 .text.__wrap___aeabi_dcmpgt
                0x0000000010004200        0xa CMakeFiles/bme280.dir/home/n17y17/pico/pico-sdk/src/rp2_common/pico_double/double_aeabi.S.obj
                0x0000000010004200                __wrap___aeabi_dcmpgt
 .text.__wrap___aeabi_dcmpun
                0x000000001000420a       0x1c CMakeFiles/bme280.dir/home/n17y17/pico/pico-sdk/src/rp2_common/pico_double/double_aeabi.S.obj
                0x000000001000420a                __wrap___aeabi_dcmpun
 *fill*         0x0000000010004226        0x2 
 .text.__wrap___aeabi_i2d
                0x0000000010004228       0x38 CMakeFiles/bme280.dir/home/n17y17/pico/pico-sdk/src/rp2_common/pico_double/double_aeabi.S.obj
                0x0000000010004228                __wrap___aeabi_ui2d
                0x0000000010004230                __wrap___aeabi_i2d
 .text.__wrap___aeabi_d2iz
                0x0000000010004260       0x48 CMakeFiles/bme280.dir/home/n17y17/pico/pico-sdk/src/rp2_common/pico_double/double_aeabi.S.obj
                0x0000000010004260                __wrap___aeabi_d2iz
                0x0000000010004260                double2int_z
 .text.__wrap___aeabi_d2uiz
                0x00000000100042a8       0x18 CMakeFiles/bme280.dir/home/n17y17/pico/pico-sdk/src/rp2_common/pico_double/double_aeabi.S.obj
                0x00000000100042a8                double2uint
                0x00000000100042a8                __wrap___aeabi_d2uiz
 .text.__wrap___aeabi_d2f
                0x00000000100042c0       0x18 CMakeFiles/bme280.dir/home/n17y17/pico/pico-sdk/src/rp2_common/pico_double/double_aeabi.S.obj
                0x00000000100042c0                __wrap___aeabi_d2f
 .text.__wrap_exp
                0x00000000100042d8       0x18 CMakeFiles/bme280.dir/home/n17y17/pico/pico-sdk/src/rp2_common/pico_double/double_aeabi.S.obj
                0x00000000100042d8                __wrap_exp
 .text.__wrap_log
                0x00000000100042f0       0x18 CMakeFiles/bme280.dir/home/n17y17/pico/pico-sdk/src/rp2_common/pico_double/double_aeabi.S.obj
                0x00000000100042f0                __wrap_log
 .text.__aeabi_double_init
                0x0000000010004308       0xc8 CMakeFiles/bme280.dir/home/n17y17/pico/pico-sdk/src/rp2_common/pico_double/double_init_rom.c.obj
                0x0000000010004308                __aeabi_double_init
 .text.double_table_shim_on_use_helper
                0x00000000100043d0       0x34 CMakeFiles/bme280.dir/home/n17y17/pico/pico-sdk/src/rp2_common/pico_double/double_v1_rom_shim.S.obj
                0x00000000100043d0                double_table_shim_on_use_helper
 .text.__wrap___aeabi_dsub
                0x0000000010004404       0x10 CMakeFiles/bme280.dir/home/n17y17/pico/pico-sdk/src/rp2_common/pico_double/double_v1_rom_shim.S.obj
                0x0000000010004404                drsub_shim
                0x000000001000440a                dsub_shim
 .text.dadd_shim
                0x0000000010004414      0x15c CMakeFiles/bme280.dir/home/n17y17/pico/pico-sdk/src/rp2_common/pico_double/double_v1_rom_shim.S.obj
                0x0000000010004414                dadd_shim
 .text.dmul_shim
                0x0000000010004570      0x15c CMakeFiles/bme280.dir/home/n17y17/pico/pico-sdk/src/rp2_common/pico_double/double_v1_rom_shim.S.obj
                0x0000000010004570                dmul_shim
 .text.ddiv_shim
                0x00000000100046cc      0x1b0 CMakeFiles/bme280.dir/home/n17y17/pico/pico-sdk/src/rp2_common/pico_double/double_v1_rom_shim.S.obj
                0x00000000100046cc                ddiv_shim
 .text.double2uint_shim
                0x000000001000487c        0xe CMakeFiles/bme280.dir/home/n17y17/pico/pico-sdk/src/rp2_common/pico_double/double_v1_rom_shim.S.obj
                0x000000001000487c                double2uint_shim
                0x000000001000487e                double2ufix_shim
 *fill*         0x000000001000488a        0x2 
 .text.double2uint64_shim
                0x000000001000488c       0x70 CMakeFiles/bme280.dir/home/n17y17/pico/pico-sdk/src/rp2_common/pico_double/double_v1_rom_shim.S.obj
                0x000000001000488c                double2uint64_shim
                0x000000001000488e                double2ufix64_shim
                0x00000000100048ae                d2fix_a
 .text.double2float_shim
                0x00000000100048fc       0x5c CMakeFiles/bme280.dir/home/n17y17/pico/pico-sdk/src/rp2_common/pico_double/double_v1_rom_shim.S.obj
                0x00000000100048fc                double2float_shim
 .text.x2double_shims
                0x0000000010004958       0x90 CMakeFiles/bme280.dir/home/n17y17/pico/pico-sdk/src/rp2_common/pico_double/double_v1_rom_shim.S.obj
                0x0000000010004958                uint2double_shim
                0x000000001000495a                ufix2double_shim
                0x0000000010004960                int2double_shim
                0x0000000010004962                fix2double_shim
                0x0000000010004968                uint642double_shim
                0x000000001000496a                ufix642double_shim
                0x0000000010004970                int642double_shim
                0x0000000010004972                fix642double_shim
 .text.dunpacks
                0x00000000100049e8       0x3c CMakeFiles/bme280.dir/home/n17y17/pico/pico-sdk/src/rp2_common/pico_double/double_v1_rom_shim.S.obj
                0x00000000100049e8                dunpacks
 .text.dreduce  0x0000000010004a24       0x82 CMakeFiles/bme280.dir/home/n17y17/pico/pico-sdk/src/rp2_common/pico_double/double_v1_rom_shim.S.obj
                0x0000000010004a24                dreduce
 *fill*         0x0000000010004aa6        0x2 
 .text.dexp_guts
                0x0000000010004aa8      0x268 CMakeFiles/bme280.dir/home/n17y17/pico/pico-sdk/src/rp2_common/pico_double/double_v1_rom_shim.S.obj
                0x0000000010004aa8                dexp_shim
                0x0000000010004b44                dln_shim
 .text.__aeabi_lmul
                0x0000000010004d10       0x32 CMakeFiles/bme280.dir/home/n17y17/pico/pico-sdk/src/rp2_common/pico_int64_ops/pico_int64_ops_aeabi.S.obj
                0x0000000010004d10                __wrap___aeabi_lmul
 *fill*         0x0000000010004d42        0x2 
 .text.__wrap___aeabi_farithmetic
                0x0000000010004d44       0x58 CMakeFiles/bme280.dir/home/n17y17/pico/pico-sdk/src/rp2_common/pico_float/float_aeabi.S.obj
                0x0000000010004d44                __wrap___aeabi_frsub
                0x0000000010004d4a                __wrap___aeabi_fsub
                0x0000000010004d54                __wrap___aeabi_fadd
                0x0000000010004d5e                __wrap___aeabi_fdiv
                0x0000000010004d8a                __wrap___aeabi_fmul
 .text.__wrap___aeabi_cfcmple
                0x0000000010004d9c       0x50 CMakeFiles/bme280.dir/home/n17y17/pico/pico-sdk/src/rp2_common/pico_float/float_aeabi.S.obj
                0x0000000010004d9c                __wrap___aeabi_cfrcmple
                0x0000000010004da8                __wrap___aeabi_cfcmpeq
                0x0000000010004da8                __wrap___aeabi_cfcmple
 .text.__wrap___aeabi_fcmpeq
                0x0000000010004dec       0x10 CMakeFiles/bme280.dir/home/n17y17/pico/pico-sdk/src/rp2_common/pico_float/float_aeabi.S.obj
                0x0000000010004dec                __wrap___aeabi_fcmpeq
 .text.__wrap___aeabi_f2iz
                0x0000000010004dfc       0x4e CMakeFiles/bme280.dir/home/n17y17/pico/pico-sdk/src/rp2_common/pico_float/float_aeabi.S.obj
                0x0000000010004dfc                __wrap___aeabi_f2iz
                0x0000000010004dfc                float2int_z
 *fill*         0x0000000010004e4a        0x2 
 .text.float2int
                0x0000000010004e4c       0x14 CMakeFiles/bme280.dir/home/n17y17/pico/pico-sdk/src/rp2_common/pico_float/float_aeabi.S.obj
                0x0000000010004e4c                float2int
 .text.__wrap___aeabi_f2uiz
                0x0000000010004e60       0x10 CMakeFiles/bme280.dir/home/n17y17/pico/pico-sdk/src/rp2_common/pico_float/float_aeabi.S.obj
                0x0000000010004e60                __wrap___aeabi_f2uiz
 .text.__wrap___aeabi_f2d
                0x0000000010004e70       0x14 CMakeFiles/bme280.dir/home/n17y17/pico/pico-sdk/src/rp2_common/pico_float/float_aeabi.S.obj
                0x0000000010004e70                __wrap___aeabi_f2d
 .text.__aeabi_float_init
                0x0000000010004e84       0xfc CMakeFiles/bme280.dir/home/n17y17/pico/pico-sdk/src/rp2_common/pico_float/float_init_rom.c.obj
                0x0000000010004e84                __aeabi_float_init
 .text.fpow_int2
                0x0000000010004f80       0x26 CMakeFiles/bme280.dir/home/n17y17/pico/pico-sdk/src/rp2_common/pico_float/float_math.c.obj
 *fill*         0x0000000010004fa6        0x2 
 .text.fpow_0   0x0000000010004fa8      0x140 CMakeFiles/bme280.dir/home/n17y17/pico/pico-sdk/src/rp2_common/pico_float/float_math.c.obj
 .text.__wrap_powf
                0x00000000100050e8      0x20c CMakeFiles/bme280.dir/home/n17y17/pico/pico-sdk/src/rp2_common/pico_float/float_math.c.obj
                0x00000000100050e8                __wrap_powf
 .text.float_table_shim_on_use_helper
                0x00000000100052f4       0x34 CMakeFiles/bme280.dir/home/n17y17/pico/pico-sdk/src/rp2_common/pico_float/float_v1_rom_shim.S.obj
                0x00000000100052f4                float_table_shim_on_use_helper
 .text.float232_shims
                0x0000000010005328       0x18 CMakeFiles/bme280.dir/home/n17y17/pico/pico-sdk/src/rp2_common/pico_float/float_v1_rom_shim.S.obj
                0x0000000010005328                float2int_shim
                0x000000001000532a                float2fix_shim
 .text.float2double_shim
                0x0000000010005340       0x30 CMakeFiles/bme280.dir/home/n17y17/pico/pico-sdk/src/rp2_common/pico_float/float_v1_rom_shim.S.obj
                0x0000000010005340                float2double_shim
 .text          0x0000000010005370       0x10 CMakeFiles/bme280.dir/home/n17y17/pico/pico-sdk/src/rp2_common/pico_mem_ops/mem_ops_aeabi.S.obj
                0x0000000010005370                __aeabi_mem_init
 .text.memset   0x0000000010005380        0xc CMakeFiles/bme280.dir/home/n17y17/pico/pico-sdk/src/rp2_common/pico_mem_ops/mem_ops_aeabi.S.obj
                0x0000000010005380                __wrap_memset
 .text.memcpy   0x000000001000538c        0xc CMakeFiles/bme280.dir/home/n17y17/pico/pico-sdk/src/rp2_common/pico_mem_ops/mem_ops_aeabi.S.obj
                0x000000001000538c                __wrap___aeabi_memcpy
                0x000000001000538c                __wrap_memcpy
 .text.stdio_out_chars_no_crlf
                0x0000000010005398        0xe CMakeFiles/bme280.dir/home/n17y17/pico/pico-sdk/src/rp2_common/pico_stdio/stdio.c.obj
 *fill*         0x00000000100053a6        0x2 
 .text.stdio_out_chars_crlf
                0x00000000100053a8       0x80 CMakeFiles/bme280.dir/home/n17y17/pico/pico-sdk/src/rp2_common/pico_stdio/stdio.c.obj
 .text.stdio_stack_buffer_flush
                0x0000000010005428       0x44 CMakeFiles/bme280.dir/home/n17y17/pico/pico-sdk/src/rp2_common/pico_stdio/stdio.c.obj
 .text.stdio_buffered_printer
                0x000000001000546c       0x20 CMakeFiles/bme280.dir/home/n17y17/pico/pico-sdk/src/rp2_common/pico_stdio/stdio.c.obj
 .text.stdout_serialize_begin
                0x000000001000548c       0x5c CMakeFiles/bme280.dir/home/n17y17/pico/pico-sdk/src/rp2_common/pico_stdio/stdio.c.obj
                0x000000001000548c                stdout_serialize_begin
 .text.stdout_serialize_end
                0x00000000100054e8       0x10 CMakeFiles/bme280.dir/home/n17y17/pico/pico-sdk/src/rp2_common/pico_stdio/stdio.c.obj
                0x00000000100054e8                stdout_serialize_end
 .text.stdio_put_string
                0x00000000100054f8       0x98 CMakeFiles/bme280.dir/home/n17y17/pico/pico-sdk/src/rp2_common/pico_stdio/stdio.c.obj
 .text.stdio_set_driver_enabled
                0x0000000010005590       0x2c CMakeFiles/bme280.dir/home/n17y17/pico/pico-sdk/src/rp2_common/pico_stdio/stdio.c.obj
                0x0000000010005590                stdio_set_driver_enabled
 .text.stdio_flush
                0x00000000100055bc       0x20 CMakeFiles/bme280.dir/home/n17y17/pico/pico-sdk/src/rp2_common/pico_stdio/stdio.c.obj
                0x00000000100055bc                stdio_flush
 .text.__wrap_puts
                0x00000000100055dc       0x1e CMakeFiles/bme280.dir/home/n17y17/pico/pico-sdk/src/rp2_common/pico_stdio/stdio.c.obj
                0x00000000100055dc                __wrap_puts
 *fill*         0x00000000100055fa        0x2 
 .text.__wrap_vprintf
                0x00000000100055fc       0x40 CMakeFiles/bme280.dir/home/n17y17/pico/pico-sdk/src/rp2_common/pico_stdio/stdio.c.obj
                0x00000000100055fc                __wrap_vprintf
 .text.__wrap_printf
                0x000000001000563c       0x18 CMakeFiles/bme280.dir/home/n17y17/pico/pico-sdk/src/rp2_common/pico_stdio/stdio.c.obj
                0x000000001000563c                __wrap_printf
 .text.stdio_init_all
                0x0000000010005654        0x8 CMakeFiles/bme280.dir/home/n17y17/pico/pico-sdk/src/rp2_common/pico_stdio/stdio.c.obj
                0x0000000010005654                stdio_init_all
 .text.resetd_init
                0x000000001000565c        0x2 CMakeFiles/bme280.dir/home/n17y17/pico/pico-sdk/src/rp2_common/pico_stdio_usb/reset_interface.c.obj
 *fill*         0x000000001000565e        0x2 
 .text.resetd_reset
                0x0000000010005660        0xc CMakeFiles/bme280.dir/home/n17y17/pico/pico-sdk/src/rp2_common/pico_stdio_usb/reset_interface.c.obj
 .text.resetd_open
                0x000000001000566c       0x34 CMakeFiles/bme280.dir/home/n17y17/pico/pico-sdk/src/rp2_common/pico_stdio_usb/reset_interface.c.obj
 .text.resetd_xfer_cb
                0x00000000100056a0        0x4 CMakeFiles/bme280.dir/home/n17y17/pico/pico-sdk/src/rp2_common/pico_stdio_usb/reset_interface.c.obj
 .text.reset_usb_boot
                0x00000000100056a4       0x18 CMakeFiles/bme280.dir/home/n17y17/pico/pico-sdk/src/rp2_common/pico_stdio_usb/reset_interface.c.obj
 .text.resetd_control_xfer_cb
                0x00000000100056bc       0x5c CMakeFiles/bme280.dir/home/n17y17/pico/pico-sdk/src/rp2_common/pico_stdio_usb/reset_interface.c.obj
 .text.usbd_app_driver_get_cb
                0x0000000010005718        0xc CMakeFiles/bme280.dir/home/n17y17/pico/pico-sdk/src/rp2_common/pico_stdio_usb/reset_interface.c.obj
                0x0000000010005718                usbd_app_driver_get_cb
 .text.tud_cdc_line_coding_cb
                0x0000000010005724       0x28 CMakeFiles/bme280.dir/home/n17y17/pico/pico-sdk/src/rp2_common/pico_stdio_usb/reset_interface.c.obj
                0x0000000010005724                tud_cdc_line_coding_cb
 .text.stdio_usb_set_chars_available_callback
                0x000000001000574c       0x14 CMakeFiles/bme280.dir/home/n17y17/pico/pico-sdk/src/rp2_common/pico_stdio_usb/stdio_usb.c.obj
                0x000000001000574c                stdio_usb_set_chars_available_callback
 .text.usb_irq  0x0000000010005760       0x10 CMakeFiles/bme280.dir/home/n17y17/pico/pico-sdk/src/rp2_common/pico_stdio_usb/stdio_usb.c.obj
 .text.timer_task
                0x0000000010005770       0x5c CMakeFiles/bme280.dir/home/n17y17/pico/pico-sdk/src/rp2_common/pico_stdio_usb/stdio_usb.c.obj
 .text.low_priority_worker_irq
                0x00000000100057cc       0xdc CMakeFiles/bme280.dir/home/n17y17/pico/pico-sdk/src/rp2_common/pico_stdio_usb/stdio_usb.c.obj
 .text.tud_cdc_rx_cb
                0x00000000100058a8       0x20 CMakeFiles/bme280.dir/home/n17y17/pico/pico-sdk/src/rp2_common/pico_stdio_usb/stdio_usb.c.obj
                0x00000000100058a8                tud_cdc_rx_cb
 .text.stdio_usb_init
                0x00000000100058c8      0x11c CMakeFiles/bme280.dir/home/n17y17/pico/pico-sdk/src/rp2_common/pico_stdio_usb/stdio_usb.c.obj
                0x00000000100058c8                stdio_usb_init
 .text.stdio_usb_connected
                0x00000000100059e4        0xa CMakeFiles/bme280.dir/home/n17y17/pico/pico-sdk/src/rp2_common/pico_stdio_usb/stdio_usb.c.obj
                0x00000000100059e4                stdio_usb_connected
 *fill*         0x00000000100059ee        0x2 
 .text.stdio_usb_in_chars
                0x00000000100059f0       0xc4 CMakeFiles/bme280.dir/home/n17y17/pico/pico-sdk/src/rp2_common/pico_stdio_usb/stdio_usb.c.obj
                0x00000000100059f0                stdio_usb_in_chars
 .text.stdio_usb_out_chars
                0x0000000010005ab4      0x114 CMakeFiles/bme280.dir/home/n17y17/pico/pico-sdk/src/rp2_common/pico_stdio_usb/stdio_usb.c.obj
 .text.tud_descriptor_device_cb
                0x0000000010005bc8        0x8 CMakeFiles/bme280.dir/home/n17y17/pico/pico-sdk/src/rp2_common/pico_stdio_usb/stdio_usb_descriptors.c.obj
                0x0000000010005bc8                tud_descriptor_device_cb
 .text.tud_descriptor_configuration_cb
                0x0000000010005bd0        0x8 CMakeFiles/bme280.dir/home/n17y17/pico/pico-sdk/src/rp2_common/pico_stdio_usb/stdio_usb_descriptors.c.obj
                0x0000000010005bd0                tud_descriptor_configuration_cb
 .text.tud_descriptor_string_cb
                0x0000000010005bd8       0x6c CMakeFiles/bme280.dir/home/n17y17/pico/pico-sdk/src/rp2_common/pico_stdio_usb/stdio_usb_descriptors.c.obj
                0x0000000010005bd8                tud_descriptor_string_cb
 .text._retrieve_unique_id_on_boot
                0x0000000010005c44       0x10 CMakeFiles/bme280.dir/home/n17y17/pico/pico-sdk/src/rp2_common/pico_unique_id/unique_id.c.obj
 .text.pico_get_unique_board_id_string
                0x0000000010005c54       0x60 CMakeFiles/bme280.dir/home/n17y17/pico/pico-sdk/src/rp2_common/pico_unique_id/unique_id.c.obj
                0x0000000010005c54                pico_get_unique_board_id_string
 .text.flash_get_unique_id
                0x0000000010005cb4       0x46 CMakeFiles/bme280.dir/home/n17y17/pico/pico-sdk/src/rp2_common/hardware_flash/flash.c.obj
                0x0000000010005cb4                flash_get_unique_id
 *fill*         0x0000000010005cfa        0x2 
 .text.hw_endpoint_get_by_addr
                0x0000000010005cfc       0x18 CMakeFiles/bme280.dir/home/n17y17/pico/pico-sdk/lib/tinyusb/src/portable/raspberrypi/rp2040/dcd_rp2040.c.obj
 .text._hw_endpoint_alloc
                0x0000000010005d14       0x70 CMakeFiles/bme280.dir/home/n17y17/pico/pico-sdk/lib/tinyusb/src/portable/raspberrypi/rp2040/dcd_rp2040.c.obj
 .text.hw_endpoint_init
                0x0000000010005d84       0x88 CMakeFiles/bme280.dir/home/n17y17/pico/pico-sdk/lib/tinyusb/src/portable/raspberrypi/rp2040/dcd_rp2040.c.obj
 .text.hw_endpoint_xfer
                0x0000000010005e0c       0x14 CMakeFiles/bme280.dir/home/n17y17/pico/pico-sdk/lib/tinyusb/src/portable/raspberrypi/rp2040/dcd_rp2040.c.obj
 .text.dcd_int_enable
                0x0000000010005e20       0x2c CMakeFiles/bme280.dir/home/n17y17/pico/pico-sdk/lib/tinyusb/src/portable/raspberrypi/rp2040/dcd_rp2040.c.obj
                0x0000000010005e20                dcd_int_enable
 .text.dcd_set_address
                0x0000000010005e4c       0x2c CMakeFiles/bme280.dir/home/n17y17/pico/pico-sdk/lib/tinyusb/src/portable/raspberrypi/rp2040/dcd_rp2040.c.obj
                0x0000000010005e4c                dcd_set_address
 .text.dcd_connect
                0x0000000010005e78       0x10 CMakeFiles/bme280.dir/home/n17y17/pico/pico-sdk/lib/tinyusb/src/portable/raspberrypi/rp2040/dcd_rp2040.c.obj
                0x0000000010005e78                dcd_connect
 .text.dcd_init
                0x0000000010005e88       0x80 CMakeFiles/bme280.dir/home/n17y17/pico/pico-sdk/lib/tinyusb/src/portable/raspberrypi/rp2040/dcd_rp2040.c.obj
                0x0000000010005e88                dcd_init
 .text.dcd_edpt0_status_complete
                0x0000000010005f08       0x1c CMakeFiles/bme280.dir/home/n17y17/pico/pico-sdk/lib/tinyusb/src/portable/raspberrypi/rp2040/dcd_rp2040.c.obj
                0x0000000010005f08                dcd_edpt0_status_complete
 .text.dcd_edpt_open
                0x0000000010005f24       0x40 CMakeFiles/bme280.dir/home/n17y17/pico/pico-sdk/lib/tinyusb/src/portable/raspberrypi/rp2040/dcd_rp2040.c.obj
                0x0000000010005f24                dcd_edpt_open
 .text.dcd_edpt_close_all
                0x0000000010005f64        0x8 CMakeFiles/bme280.dir/home/n17y17/pico/pico-sdk/lib/tinyusb/src/portable/raspberrypi/rp2040/dcd_rp2040.c.obj
                0x0000000010005f64                dcd_edpt_close_all
 .text.dcd_edpt_xfer
                0x0000000010005f6c       0x34 CMakeFiles/bme280.dir/home/n17y17/pico/pico-sdk/lib/tinyusb/src/portable/raspberrypi/rp2040/dcd_rp2040.c.obj
                0x0000000010005f6c                dcd_edpt_xfer
 .text.dcd_edpt_stall
                0x0000000010005fa0       0x2c CMakeFiles/bme280.dir/home/n17y17/pico/pico-sdk/lib/tinyusb/src/portable/raspberrypi/rp2040/dcd_rp2040.c.obj
                0x0000000010005fa0                dcd_edpt_stall
 .text.dcd_edpt_clear_stall
                0x0000000010005fcc       0x20 CMakeFiles/bme280.dir/home/n17y17/pico/pico-sdk/lib/tinyusb/src/portable/raspberrypi/rp2040/dcd_rp2040.c.obj
                0x0000000010005fcc                dcd_edpt_clear_stall
 .text.rp2040_usb_init
                0x0000000010005fec       0x4c CMakeFiles/bme280.dir/home/n17y17/pico/pico-sdk/lib/tinyusb/src/portable/raspberrypi/rp2040/rp2040_usb.c.obj
                0x0000000010005fec                rp2040_usb_init
 .text.hw_endpoint_xfer_start
                0x0000000010006038       0x50 CMakeFiles/bme280.dir/home/n17y17/pico/pico-sdk/lib/tinyusb/src/portable/raspberrypi/rp2040/rp2040_usb.c.obj
                0x0000000010006038                hw_endpoint_xfer_start
 .text.configuration_reset
                0x0000000010006088       0x84 CMakeFiles/bme280.dir/home/n17y17/pico/pico-sdk/lib/tinyusb/src/device/usbd.c.obj
 .text.usbd_reset
                0x000000001000610c        0xc CMakeFiles/bme280.dir/home/n17y17/pico/pico-sdk/lib/tinyusb/src/device/usbd.c.obj
 .text.invoke_class_control
                0x0000000010006118       0x1a CMakeFiles/bme280.dir/home/n17y17/pico/pico-sdk/lib/tinyusb/src/device/usbd.c.obj
 *fill*         0x0000000010006132        0x2 
 .text.process_set_config
                0x0000000010006134      0x178 CMakeFiles/bme280.dir/home/n17y17/pico/pico-sdk/lib/tinyusb/src/device/usbd.c.obj
 .text.process_get_descriptor
                0x00000000100062ac       0xdc CMakeFiles/bme280.dir/home/n17y17/pico/pico-sdk/lib/tinyusb/src/device/usbd.c.obj
 .text.tud_mounted
                0x0000000010006388       0x10 CMakeFiles/bme280.dir/home/n17y17/pico/pico-sdk/lib/tinyusb/src/device/usbd.c.obj
                0x0000000010006388                tud_mounted
 .text.tud_suspended
                0x0000000010006398       0x10 CMakeFiles/bme280.dir/home/n17y17/pico/pico-sdk/lib/tinyusb/src/device/usbd.c.obj
                0x0000000010006398                tud_suspended
 .text.tud_inited
                0x00000000100063a8       0x14 CMakeFiles/bme280.dir/home/n17y17/pico/pico-sdk/lib/tinyusb/src/device/usbd.c.obj
                0x00000000100063a8                tud_inited
 .text.tud_init
                0x00000000100063bc       0xcc CMakeFiles/bme280.dir/home/n17y17/pico/pico-sdk/lib/tinyusb/src/device/usbd.c.obj
                0x00000000100063bc                tud_init
 .text.usbd_defer_func
                0x0000000010006488       0x2a CMakeFiles/bme280.dir/home/n17y17/pico/pico-sdk/lib/tinyusb/src/device/usbd.c.obj
                0x0000000010006488                usbd_defer_func
 *fill*         0x00000000100064b2        0x2 
 .text.usbd_edpt_open
                0x00000000100064b4       0x34 CMakeFiles/bme280.dir/home/n17y17/pico/pico-sdk/lib/tinyusb/src/device/usbd.c.obj
                0x00000000100064b4                usbd_edpt_open
 .text.usbd_open_edpt_pair
                0x00000000100064e8       0x62 CMakeFiles/bme280.dir/home/n17y17/pico/pico-sdk/lib/tinyusb/src/device/usbd.c.obj
                0x00000000100064e8                usbd_open_edpt_pair
 *fill*         0x000000001000654a        0x2 
 .text.usbd_edpt_claim
                0x000000001000654c       0x28 CMakeFiles/bme280.dir/home/n17y17/pico/pico-sdk/lib/tinyusb/src/device/usbd.c.obj
                0x000000001000654c                usbd_edpt_claim
 .text.usbd_edpt_release
                0x0000000010006574       0x28 CMakeFiles/bme280.dir/home/n17y17/pico/pico-sdk/lib/tinyusb/src/device/usbd.c.obj
                0x0000000010006574                usbd_edpt_release
 .text.usbd_edpt_xfer
                0x000000001000659c       0x78 CMakeFiles/bme280.dir/home/n17y17/pico/pico-sdk/lib/tinyusb/src/device/usbd.c.obj
                0x000000001000659c                usbd_edpt_xfer
 .text.usbd_edpt_stall
                0x0000000010006614       0x48 CMakeFiles/bme280.dir/home/n17y17/pico/pico-sdk/lib/tinyusb/src/device/usbd.c.obj
                0x0000000010006614                usbd_edpt_stall
 .text.usbd_edpt_clear_stall
                0x000000001000665c       0x48 CMakeFiles/bme280.dir/home/n17y17/pico/pico-sdk/lib/tinyusb/src/device/usbd.c.obj
                0x000000001000665c                usbd_edpt_clear_stall
 .text.usbd_edpt_stalled
                0x00000000100066a4       0x1c CMakeFiles/bme280.dir/home/n17y17/pico/pico-sdk/lib/tinyusb/src/device/usbd.c.obj
                0x00000000100066a4                usbd_edpt_stalled
 .text.process_control_request
                0x00000000100066c0      0x37c CMakeFiles/bme280.dir/home/n17y17/pico/pico-sdk/lib/tinyusb/src/device/usbd.c.obj
 .text.tud_task_ext
                0x0000000010006a3c      0x1b8 CMakeFiles/bme280.dir/home/n17y17/pico/pico-sdk/lib/tinyusb/src/device/usbd.c.obj
                0x0000000010006a3c                tud_task_ext
 .text._data_stage_xact
                0x0000000010006bf4       0x58 CMakeFiles/bme280.dir/home/n17y17/pico/pico-sdk/lib/tinyusb/src/device/usbd_control.c.obj
 .text.tud_control_status
                0x0000000010006c4c       0x38 CMakeFiles/bme280.dir/home/n17y17/pico/pico-sdk/lib/tinyusb/src/device/usbd_control.c.obj
                0x0000000010006c4c                tud_control_status
 .text.tud_control_xfer
                0x0000000010006c84       0x74 CMakeFiles/bme280.dir/home/n17y17/pico/pico-sdk/lib/tinyusb/src/device/usbd_control.c.obj
                0x0000000010006c84                tud_control_xfer
 .text.usbd_control_reset
                0x0000000010006cf8       0x14 CMakeFiles/bme280.dir/home/n17y17/pico/pico-sdk/lib/tinyusb/src/device/usbd_control.c.obj
                0x0000000010006cf8                usbd_control_reset
 .text.usbd_control_set_complete_callback
                0x0000000010006d0c        0xc CMakeFiles/bme280.dir/home/n17y17/pico/pico-sdk/lib/tinyusb/src/device/usbd_control.c.obj
                0x0000000010006d0c                usbd_control_set_complete_callback
 .text.usbd_control_set_request
                0x0000000010006d18       0x1c CMakeFiles/bme280.dir/home/n17y17/pico/pico-sdk/lib/tinyusb/src/device/usbd_control.c.obj
                0x0000000010006d18                usbd_control_set_request
 .text.usbd_control_xfer_cb
                0x0000000010006d34       0xcc CMakeFiles/bme280.dir/home/n17y17/pico/pico-sdk/lib/tinyusb/src/device/usbd_control.c.obj
                0x0000000010006d34                usbd_control_xfer_cb
 .text._prep_out_transaction
                0x0000000010006e00       0x4a CMakeFiles/bme280.dir/home/n17y17/pico/pico-sdk/lib/tinyusb/src/class/cdc/cdc_device.c.obj
 *fill*         0x0000000010006e4a        0x2 
 .text.tud_cdc_n_connected
                0x0000000010006e4c       0x44 CMakeFiles/bme280.dir/home/n17y17/pico/pico-sdk/lib/tinyusb/src/class/cdc/cdc_device.c.obj
                0x0000000010006e4c                tud_cdc_n_connected
 .text.tud_cdc_n_available
                0x0000000010006e90       0x18 CMakeFiles/bme280.dir/home/n17y17/pico/pico-sdk/lib/tinyusb/src/class/cdc/cdc_device.c.obj
                0x0000000010006e90                tud_cdc_n_available
 .text.tud_cdc_n_read
                0x0000000010006ea8       0x28 CMakeFiles/bme280.dir/home/n17y17/pico/pico-sdk/lib/tinyusb/src/class/cdc/cdc_device.c.obj
                0x0000000010006ea8                tud_cdc_n_read
 .text.tud_cdc_n_write_flush
                0x0000000010006ed0       0xb8 CMakeFiles/bme280.dir/home/n17y17/pico/pico-sdk/lib/tinyusb/src/class/cdc/cdc_device.c.obj
                0x0000000010006ed0                tud_cdc_n_write_flush
 .text.tud_cdc_n_write
                0x0000000010006f88       0x38 CMakeFiles/bme280.dir/home/n17y17/pico/pico-sdk/lib/tinyusb/src/class/cdc/cdc_device.c.obj
                0x0000000010006f88                tud_cdc_n_write
 .text.tud_cdc_n_write_available
                0x0000000010006fc0       0x1c CMakeFiles/bme280.dir/home/n17y17/pico/pico-sdk/lib/tinyusb/src/class/cdc/cdc_device.c.obj
                0x0000000010006fc0                tud_cdc_n_write_available
 .text.cdcd_init
                0x0000000010006fdc       0xbc CMakeFiles/bme280.dir/home/n17y17/pico/pico-sdk/lib/tinyusb/src/class/cdc/cdc_device.c.obj
                0x0000000010006fdc                cdcd_init
 .text.cdcd_reset
                0x0000000010007098       0x44 CMakeFiles/bme280.dir/home/n17y17/pico/pico-sdk/lib/tinyusb/src/class/cdc/cdc_device.c.obj
                0x0000000010007098                cdcd_reset
 .text.cdcd_open
                0x00000000100070dc       0xcc CMakeFiles/bme280.dir/home/n17y17/pico/pico-sdk/lib/tinyusb/src/class/cdc/cdc_device.c.obj
                0x00000000100070dc                cdcd_open
 .text.cdcd_control_xfer_cb
                0x00000000100071a8      0x134 CMakeFiles/bme280.dir/home/n17y17/pico/pico-sdk/lib/tinyusb/src/class/cdc/cdc_device.c.obj
                0x00000000100071a8                cdcd_control_xfer_cb
 .text.cdcd_xfer_cb
                0x00000000100072dc      0x130 CMakeFiles/bme280.dir/home/n17y17/pico/pico-sdk/lib/tinyusb/src/class/cdc/cdc_device.c.obj
                0x00000000100072dc                cdcd_xfer_cb
 .text.tusb_init
                0x000000001000740c        0xa CMakeFiles/bme280.dir/home/n17y17/pico/pico-sdk/lib/tinyusb/src/tusb.c.obj
                0x000000001000740c                tusb_init
 .text.tusb_inited
                0x0000000010007416        0xe CMakeFiles/bme280.dir/home/n17y17/pico/pico-sdk/lib/tinyusb/src/tusb.c.obj
                0x0000000010007416                tusb_inited
 .text.tu_edpt_claim
                0x0000000010007424       0x50 CMakeFiles/bme280.dir/home/n17y17/pico/pico-sdk/lib/tinyusb/src/tusb.c.obj
                0x0000000010007424                tu_edpt_claim
 .text.tu_edpt_release
                0x0000000010007474       0x3c CMakeFiles/bme280.dir/home/n17y17/pico/pico-sdk/lib/tinyusb/src/tusb.c.obj
                0x0000000010007474                tu_edpt_release
 .text.tu_edpt_validate
                0x00000000100074b0       0x78 CMakeFiles/bme280.dir/home/n17y17/pico/pico-sdk/lib/tinyusb/src/tusb.c.obj
                0x00000000100074b0                tu_edpt_validate
 .text.tu_edpt_bind_driver
                0x0000000010007528       0x26 CMakeFiles/bme280.dir/home/n17y17/pico/pico-sdk/lib/tinyusb/src/tusb.c.obj
                0x0000000010007528                tu_edpt_bind_driver
 .text.advance_index
                0x000000001000754e       0x1a CMakeFiles/bme280.dir/home/n17y17/pico/pico-sdk/lib/tinyusb/src/common/tusb_fifo.c.obj
 .text._tu_fifo_peek
                0x0000000010007568       0x56 CMakeFiles/bme280.dir/home/n17y17/pico/pico-sdk/lib/tinyusb/src/common/tusb_fifo.c.obj
 .text._ff_pull_const_addr
                0x00000000100075be       0x4c CMakeFiles/bme280.dir/home/n17y17/pico/pico-sdk/lib/tinyusb/src/common/tusb_fifo.c.obj
 .text._ff_pull_n
                0x000000001000760a      0x110 CMakeFiles/bme280.dir/home/n17y17/pico/pico-sdk/lib/tinyusb/src/common/tusb_fifo.c.obj
 .text._tu_fifo_peek_n
                0x000000001000771a       0x6a CMakeFiles/bme280.dir/home/n17y17/pico/pico-sdk/lib/tinyusb/src/common/tusb_fifo.c.obj
 .text._tu_fifo_read_n
                0x0000000010007784       0x4e CMakeFiles/bme280.dir/home/n17y17/pico/pico-sdk/lib/tinyusb/src/common/tusb_fifo.c.obj
 .text._ff_push_const_addr
                0x00000000100077d2       0x40 CMakeFiles/bme280.dir/home/n17y17/pico/pico-sdk/lib/tinyusb/src/common/tusb_fifo.c.obj
 .text._ff_push_n
                0x0000000010007812      0x10c CMakeFiles/bme280.dir/home/n17y17/pico/pico-sdk/lib/tinyusb/src/common/tusb_fifo.c.obj
 .text._tu_fifo_write_n
                0x000000001000791e       0xf0 CMakeFiles/bme280.dir/home/n17y17/pico/pico-sdk/lib/tinyusb/src/common/tusb_fifo.c.obj
 .text.tu_fifo_config
                0x0000000010007a0e       0x7c CMakeFiles/bme280.dir/home/n17y17/pico/pico-sdk/lib/tinyusb/src/common/tusb_fifo.c.obj
                0x0000000010007a0e                tu_fifo_config
 .text.tu_fifo_count
                0x0000000010007a8a       0x2a CMakeFiles/bme280.dir/home/n17y17/pico/pico-sdk/lib/tinyusb/src/common/tusb_fifo.c.obj
                0x0000000010007a8a                tu_fifo_count
 .text.tu_fifo_empty
                0x0000000010007ab4       0x10 CMakeFiles/bme280.dir/home/n17y17/pico/pico-sdk/lib/tinyusb/src/common/tusb_fifo.c.obj
                0x0000000010007ab4                tu_fifo_empty
 .text.tu_fifo_full
                0x0000000010007ac4       0x28 CMakeFiles/bme280.dir/home/n17y17/pico/pico-sdk/lib/tinyusb/src/common/tusb_fifo.c.obj
                0x0000000010007ac4                tu_fifo_full
 .text.tu_fifo_remaining
                0x0000000010007aec       0x2c CMakeFiles/bme280.dir/home/n17y17/pico/pico-sdk/lib/tinyusb/src/common/tusb_fifo.c.obj
                0x0000000010007aec                tu_fifo_remaining
 .text.tu_fifo_read
                0x0000000010007b18       0x42 CMakeFiles/bme280.dir/home/n17y17/pico/pico-sdk/lib/tinyusb/src/common/tusb_fifo.c.obj
                0x0000000010007b18                tu_fifo_read
 .text.tu_fifo_read_n
                0x0000000010007b5a        0xa CMakeFiles/bme280.dir/home/n17y17/pico/pico-sdk/lib/tinyusb/src/common/tusb_fifo.c.obj
                0x0000000010007b5a                tu_fifo_read_n
 .text.tu_fifo_write
                0x0000000010007b64       0x64 CMakeFiles/bme280.dir/home/n17y17/pico/pico-sdk/lib/tinyusb/src/common/tusb_fifo.c.obj
                0x0000000010007b64                tu_fifo_write
 .text.tu_fifo_write_n
                0x0000000010007bc8        0xa CMakeFiles/bme280.dir/home/n17y17/pico/pico-sdk/lib/tinyusb/src/common/tusb_fifo.c.obj
                0x0000000010007bc8                tu_fifo_write_n
 .text.tu_fifo_clear
                0x0000000010007bd2       0x3e CMakeFiles/bme280.dir/home/n17y17/pico/pico-sdk/lib/tinyusb/src/common/tusb_fifo.c.obj
                0x0000000010007bd2                tu_fifo_clear
 .text.tu_fifo_set_overwritable
                0x0000000010007c10       0x46 CMakeFiles/bme280.dir/home/n17y17/pico/pico-sdk/lib/tinyusb/src/common/tusb_fifo.c.obj
                0x0000000010007c10                tu_fifo_set_overwritable
 .text.i2c_write_blocking_internal
                0x0000000010007c56      0x140 CMakeFiles/bme280.dir/home/n17y17/pico/pico-sdk/src/rp2_common/hardware_i2c/i2c.c.obj
 .text.i2c_read_blocking_internal
                0x0000000010007d96       0xe6 CMakeFiles/bme280.dir/home/n17y17/pico/pico-sdk/src/rp2_common/hardware_i2c/i2c.c.obj
 .text.i2c_set_baudrate
                0x0000000010007e7c       0xf0 CMakeFiles/bme280.dir/home/n17y17/pico/pico-sdk/src/rp2_common/hardware_i2c/i2c.c.obj
                0x0000000010007e7c                i2c_set_baudrate
 .text.i2c_init
                0x0000000010007f6c       0x58 CMakeFiles/bme280.dir/home/n17y17/pico/pico-sdk/src/rp2_common/hardware_i2c/i2c.c.obj
                0x0000000010007f6c                i2c_init
 .text.i2c_write_blocking
                0x0000000010007fc4       0x18 CMakeFiles/bme280.dir/home/n17y17/pico/pico-sdk/src/rp2_common/hardware_i2c/i2c.c.obj
                0x0000000010007fc4                i2c_write_blocking
 .text.i2c_read_blocking
                0x0000000010007fdc       0x18 CMakeFiles/bme280.dir/home/n17y17/pico/pico-sdk/src/rp2_common/hardware_i2c/i2c.c.obj
                0x0000000010007fdc                i2c_read_blocking
 .text          0x0000000010007ff4       0x5c /usr/lib/gcc/arm-none-eabi/10.3.1/../../../arm-none-eabi/lib/thumb/v6-m/nofp/libg.a(lib_a-strlen-stub.o)
                0x0000000010007ff4                strlen
 *(.fini)
 .fini          0x0000000010008050        0x4 /usr/lib/gcc/arm-none-eabi/10.3.1/thumb/v6-m/nofp/crti.o
                0x0000000010008050                _fini
 *fill*         0x0000000010008054        0x4 
 .fini.__stub   0x0000000010008058       0xe0 linker stubs
 *crtbegin.o(.ctors)
 *crtbegin?.o(.ctors)
 *(EXCLUDE_FILE(*crtend.o *crtend?.o) .ctors)
 *(SORT_BY_NAME(.ctors.*))
 *(.ctors)
 *crtbegin.o(.dtors)
 *crtbegin?.o(.dtors)
 *(EXCLUDE_FILE(*crtend.o *crtend?.o) .dtors)
 *(SORT_BY_NAME(.dtors.*))
 *(.dtors)
 *(.eh_frame*)
 .eh_frame      0x0000000010008138        0x0 /usr/lib/gcc/arm-none-eabi/10.3.1/thumb/v6-m/nofp/crtbegin.o
                0x0000000010008138                . = ALIGN (0x4)

.glue_7         0x0000000010008138        0x0
 .glue_7        0x0000000010008138        0x0 linker stubs

.glue_7t        0x0000000010008138        0x0
 .glue_7t       0x0000000010008138        0x0 linker stubs

.vfp11_veneer   0x0000000010008138        0x0
 .vfp11_veneer  0x0000000010008138        0x0 linker stubs

.v4_bx          0x0000000010008138        0x0
 .v4_bx         0x0000000010008138        0x0 linker stubs

.iplt           0x0000000010008138        0x0
 .iplt          0x0000000010008138        0x0 /usr/lib/gcc/arm-none-eabi/10.3.1/thumb/v6-m/nofp/crtbegin.o

.rodata         0x0000000010008138     0x1624
 *(EXCLUDE_FILE(*libm.a: *libc.a:*lib_a-mem*.o *libgcc.a:) .rodata*)
 .rodata.main.str1.4
                0x0000000010008138       0x5e CMakeFiles/bme280.dir/example.cpp.obj
                                         0x62 (size before relaxing)
 *fill*         0x0000000010008196        0x2 
 .rodata.spin_lock_claim_unused.str1.4
                0x0000000010008198       0x1b CMakeFiles/bme280.dir/home/n17y17/pico/pico-sdk/src/rp2_common/hardware_sync/sync.c.obj
 *fill*         0x00000000100081b3        0x1 
 .rodata.make_branch.str1.4
                0x00000000100081b4       0x6d CMakeFiles/bme280.dir/home/n17y17/pico/pico-sdk/src/rp2_common/hardware_irq/irq.c.obj
 *fill*         0x0000000010008221        0x3 
 .rodata.insert_branch_and_link.str1.4
                0x0000000010008224       0x10 CMakeFiles/bme280.dir/home/n17y17/pico/pico-sdk/src/rp2_common/hardware_irq/irq.c.obj
 .rodata.irq_set_exclusive_handler.str1.4
                0x0000000010008234       0x36 CMakeFiles/bme280.dir/home/n17y17/pico/pico-sdk/src/rp2_common/hardware_irq/irq.c.obj
 *fill*         0x000000001000826a        0x2 
 .rodata.irq_add_shared_handler.str1.4
                0x000000001000826c       0xd9 CMakeFiles/bme280.dir/home/n17y17/pico/pico-sdk/src/rp2_common/hardware_irq/irq.c.obj
 *fill*         0x0000000010008345        0x3 
 .rodata.irq_remove_handler.str1.4
                0x0000000010008348       0x3a CMakeFiles/bme280.dir/home/n17y17/pico/pico-sdk/src/rp2_common/hardware_irq/irq.c.obj
 *fill*         0x0000000010008382        0x2 
 .rodata.irq_add_tail_to_free_list.str1.4
                0x0000000010008384       0x3a CMakeFiles/bme280.dir/home/n17y17/pico/pico-sdk/src/rp2_common/hardware_irq/irq.c.obj
 *fill*         0x00000000100083be        0x2 
 .rodata.user_irq_claim_unused.str1.4
                0x00000000100083c0       0x1b CMakeFiles/bme280.dir/home/n17y17/pico/pico-sdk/src/rp2_common/hardware_irq/irq.c.obj
 *fill*         0x00000000100083db        0x1 
 .rodata.__func__.0
                0x00000000100083dc       0x1a CMakeFiles/bme280.dir/home/n17y17/pico/pico-sdk/src/rp2_common/hardware_irq/irq.c.obj
 *fill*         0x00000000100083f6        0x2 
 .rodata.__func__.1
                0x00000000100083f8       0x17 CMakeFiles/bme280.dir/home/n17y17/pico/pico-sdk/src/rp2_common/hardware_irq/irq.c.obj
 *fill*         0x000000001000840f        0x1 
 .rodata.__func__.2
                0x0000000010008410       0x13 CMakeFiles/bme280.dir/home/n17y17/pico/pico-sdk/src/rp2_common/hardware_irq/irq.c.obj
 *fill*         0x0000000010008423        0x1 
 .rodata.__func__.3
                0x0000000010008424        0xc CMakeFiles/bme280.dir/home/n17y17/pico/pico-sdk/src/rp2_common/hardware_irq/irq.c.obj
 .rodata.__func__.4
                0x0000000010008430        0xf CMakeFiles/bme280.dir/home/n17y17/pico/pico-sdk/src/rp2_common/hardware_irq/irq.c.obj
 *fill*         0x000000001000843f        0x1 
 .rodata.__func__.5
                0x0000000010008440       0x17 CMakeFiles/bme280.dir/home/n17y17/pico/pico-sdk/src/rp2_common/hardware_irq/irq.c.obj
 *fill*         0x0000000010008457        0x1 
 .rodata.__func__.6
                0x0000000010008458       0x1a CMakeFiles/bme280.dir/home/n17y17/pico/pico-sdk/src/rp2_common/hardware_irq/irq.c.obj
 *fill*         0x0000000010008472        0x2 
 .rodata.str1.4
                0x0000000010008474       0xed CMakeFiles/bme280.dir/home/n17y17/pico/pico-sdk/src/common/pico_sync/mutex.c.obj
 *fill*         0x0000000010008561        0x3 
 .rodata.__func__.1
                0x0000000010008564        0xb CMakeFiles/bme280.dir/home/n17y17/pico/pico-sdk/src/common/pico_sync/mutex.c.obj
 *fill*         0x000000001000856f        0x1 
 .rodata.__func__.3
                0x0000000010008570       0x18 CMakeFiles/bme280.dir/home/n17y17/pico/pico-sdk/src/common/pico_sync/mutex.c.obj
 .rodata.__func__.4
                0x0000000010008588       0x15 CMakeFiles/bme280.dir/home/n17y17/pico/pico-sdk/src/common/pico_sync/mutex.c.obj
 *fill*         0x000000001000859d        0x3 
 .rodata.repeating_timer_callback.str1.4
                0x00000000100085a0       0x4b CMakeFiles/bme280.dir/home/n17y17/pico/pico-sdk/src/common/pico_time/time.c.obj
 *fill*         0x00000000100085eb        0x1 
 .rodata.timer_pool_entry_comparator.str1.4
                0x00000000100085ec       0x22 CMakeFiles/bme280.dir/home/n17y17/pico/pico-sdk/src/common/pico_time/time.c.obj
 *fill*         0x000000001000860e        0x2 
 .rodata.ph_add_child_node.str1.4
                0x0000000010008610       0x96 CMakeFiles/bme280.dir/home/n17y17/pico/pico-sdk/src/common/pico_time/time.c.obj
 *fill*         0x00000000100086a6        0x2 
 .rodata.add_alarm_under_lock.str1.4
                0x00000000100086a8       0x28 CMakeFiles/bme280.dir/home/n17y17/pico/pico-sdk/src/common/pico_time/time.c.obj
                                         0x2b (size before relaxing)
 .rodata.alarm_pool_alarm_callback.str1.4
                0x00000000100086d0       0x98 CMakeFiles/bme280.dir/home/n17y17/pico/pico-sdk/src/common/pico_time/time.c.obj
                                         0xfc (size before relaxing)
 .rodata.alarm_pool_get_default.str1.4
                0x0000000010008768       0x21 CMakeFiles/bme280.dir/home/n17y17/pico/pico-sdk/src/common/pico_time/time.c.obj
 *fill*         0x0000000010008789        0x3 
 .rodata.alarm_pool_cancel_alarm.str1.4
                0x000000001000878c       0x27 CMakeFiles/bme280.dir/home/n17y17/pico/pico-sdk/src/common/pico_time/time.c.obj
 *fill*         0x00000000100087b3        0x1 
 .rodata.sleep_until.str1.4
                0x00000000100087b4       0x4d CMakeFiles/bme280.dir/home/n17y17/pico/pico-sdk/src/common/pico_time/time.c.obj
 *fill*         0x0000000010008801        0x3 
 .rodata.__func__.1
                0x0000000010008804       0x18 CMakeFiles/bme280.dir/home/n17y17/pico/pico-sdk/src/common/pico_time/time.c.obj
 .rodata.__func__.10
                0x000000001000881c       0x15 CMakeFiles/bme280.dir/home/n17y17/pico/pico-sdk/src/common/pico_time/time.c.obj
 *fill*         0x0000000010008831        0x3 
 .rodata.__func__.11
                0x0000000010008834       0x1a CMakeFiles/bme280.dir/home/n17y17/pico/pico-sdk/src/common/pico_time/time.c.obj
 *fill*         0x000000001000884e        0x2 
 .rodata.__func__.12
                0x0000000010008850        0xa CMakeFiles/bme280.dir/home/n17y17/pico/pico-sdk/src/common/pico_time/time.c.obj
 *fill*         0x000000001000885a        0x2 
 .rodata.__func__.3
                0x000000001000885c       0x17 CMakeFiles/bme280.dir/home/n17y17/pico/pico-sdk/src/common/pico_time/time.c.obj
 *fill*         0x0000000010008873        0x1 
 .rodata.__func__.4
                0x0000000010008874       0x12 CMakeFiles/bme280.dir/home/n17y17/pico/pico-sdk/src/common/pico_time/time.c.obj
 *fill*         0x0000000010008886        0x2 
 .rodata.__func__.5
                0x0000000010008888        0xd CMakeFiles/bme280.dir/home/n17y17/pico/pico-sdk/src/common/pico_time/time.c.obj
 *fill*         0x0000000010008895        0x3 
 .rodata.__func__.6
                0x0000000010008898       0x12 CMakeFiles/bme280.dir/home/n17y17/pico/pico-sdk/src/common/pico_time/time.c.obj
 *fill*         0x00000000100088aa        0x2 
 .rodata.__func__.7
                0x00000000100088ac        0xf CMakeFiles/bme280.dir/home/n17y17/pico/pico-sdk/src/common/pico_time/time.c.obj
 *fill*         0x00000000100088bb        0x1 
 .rodata.__func__.8
                0x00000000100088bc        0xc CMakeFiles/bme280.dir/home/n17y17/pico/pico-sdk/src/common/pico_time/time.c.obj
 .rodata.__func__.9
                0x00000000100088c8       0x15 CMakeFiles/bme280.dir/home/n17y17/pico/pico-sdk/src/common/pico_time/time.c.obj
 *fill*         0x00000000100088dd        0x3 
 .rodata.hardware_alarm_claim.str1.4
                0x00000000100088e0       0x22 CMakeFiles/bme280.dir/home/n17y17/pico/pico-sdk/src/rp2_common/hardware_timer/timer.c.obj
 *fill*         0x0000000010008902        0x2 
 .rodata.hardware_alarm_set_target.str1.4
                0x0000000010008904       0x65 CMakeFiles/bme280.dir/home/n17y17/pico/pico-sdk/src/rp2_common/hardware_timer/timer.c.obj
 *fill*         0x0000000010008969        0x3 
 .rodata.__func__.0
                0x000000001000896c       0x1a CMakeFiles/bme280.dir/home/n17y17/pico/pico-sdk/src/rp2_common/hardware_timer/timer.c.obj
 .rodata.ph_add_child_node.str1.4
                0x0000000010008986       0x96 CMakeFiles/bme280.dir/home/n17y17/pico/pico-sdk/src/common/pico_util/pheap.c.obj
 *fill*         0x0000000010008986        0x2 
 .rodata.ph_remove_any_head.str1.4
                0x0000000010008988       0x8c CMakeFiles/bme280.dir/home/n17y17/pico/pico-sdk/src/common/pico_util/pheap.c.obj
                                         0xa0 (size before relaxing)
 .rodata.ph_remove_and_free_node.str1.4
                0x0000000010008a14       0x1e CMakeFiles/bme280.dir/home/n17y17/pico/pico-sdk/src/common/pico_util/pheap.c.obj
                                         0x26 (size before relaxing)
 *fill*         0x0000000010008a32        0x2 
 .rodata.__func__.0
                0x0000000010008a34       0x18 CMakeFiles/bme280.dir/home/n17y17/pico/pico-sdk/src/common/pico_util/pheap.c.obj
 .rodata.__func__.1
                0x0000000010008a4c       0x13 CMakeFiles/bme280.dir/home/n17y17/pico/pico-sdk/src/common/pico_util/pheap.c.obj
 *fill*         0x0000000010008a5f        0x1 
 .rodata.__func__.2
                0x0000000010008a60       0x12 CMakeFiles/bme280.dir/home/n17y17/pico/pico-sdk/src/common/pico_util/pheap.c.obj
 *fill*         0x0000000010008a72        0x2 
 .rodata.__func__.3
                0x0000000010008a74        0xc CMakeFiles/bme280.dir/home/n17y17/pico/pico-sdk/src/common/pico_util/pheap.c.obj
 .rodata.clock_configure.str1.4
                0x0000000010008a80       0x57 CMakeFiles/bme280.dir/home/n17y17/pico/pico-sdk/src/rp2_common/hardware_clocks/clocks.c.obj
 *fill*         0x0000000010008ad7        0x1 
 .rodata.__func__.1
                0x0000000010008ad8       0x10 CMakeFiles/bme280.dir/home/n17y17/pico/pico-sdk/src/rp2_common/hardware_clocks/clocks.c.obj
 .rodata.pll_init.str1.4
                0x0000000010008ae8      0x124 CMakeFiles/bme280.dir/home/n17y17/pico/pico-sdk/src/rp2_common/hardware_pll/pll.c.obj
 .rodata.__func__.0
                0x0000000010008c0c        0x9 CMakeFiles/bme280.dir/home/n17y17/pico/pico-sdk/src/rp2_common/hardware_pll/pll.c.obj
 *fill*         0x0000000010008c15        0x3 
 .rodata.__assert_func.str1.4
                0x0000000010008c18       0x3f CMakeFiles/bme280.dir/home/n17y17/pico/pico-sdk/src/rp2_common/pico_runtime/runtime.c.obj
                                         0x43 (size before relaxing)
 *fill*         0x0000000010008c57        0x1 
 .rodata.runtime_init.str1.4
                0x0000000010008c58       0x61 CMakeFiles/bme280.dir/home/n17y17/pico/pico-sdk/src/rp2_common/pico_runtime/runtime.c.obj
 *fill*         0x0000000010008cb9        0x3 
 .rodata.panic.str1.4
                0x0000000010008cbc       0x10 CMakeFiles/bme280.dir/home/n17y17/pico/pico-sdk/src/rp2_common/pico_runtime/runtime.c.obj
                                         0x12 (size before relaxing)
 .rodata.__func__.2
                0x0000000010008ccc        0xd CMakeFiles/bme280.dir/home/n17y17/pico/pico-sdk/src/rp2_common/pico_runtime/runtime.c.obj
 *fill*         0x0000000010008cd9        0x3 
 .rodata._ftoa.str1.4
                0x0000000010008cdc       0x15 CMakeFiles/bme280.dir/home/n17y17/pico/pico-sdk/src/rp2_common/pico_printf/printf.c.obj
 *fill*         0x0000000010008cf1        0x3 
 .rodata._vsnprintf
                0x0000000010008cf4      0x1e0 CMakeFiles/bme280.dir/home/n17y17/pico/pico-sdk/src/rp2_common/pico_printf/printf.c.obj
 *fill*         0x0000000010008ed4        0x4 
 .rodata.pow10.0
                0x0000000010008ed8       0x50 CMakeFiles/bme280.dir/home/n17y17/pico/pico-sdk/src/rp2_common/pico_printf/printf.c.obj
 .rodata.__aeabi_double_init.str1.4
                0x0000000010008f28       0x9c CMakeFiles/bme280.dir/home/n17y17/pico/pico-sdk/src/rp2_common/pico_double/double_init_rom.c.obj
 .rodata.__func__.0
                0x0000000010008fc4       0x14 CMakeFiles/bme280.dir/home/n17y17/pico/pico-sdk/src/rp2_common/pico_double/double_init_rom.c.obj
 .rodata.__aeabi_float_init.str1.4
                0x0000000010008fd8       0x7a CMakeFiles/bme280.dir/home/n17y17/pico/pico-sdk/src/rp2_common/pico_float/float_init_rom.c.obj
                                         0x7e (size before relaxing)
 *fill*         0x0000000010009052        0x2 
 .rodata.__func__.0
                0x0000000010009054       0x13 CMakeFiles/bme280.dir/home/n17y17/pico/pico-sdk/src/rp2_common/pico_float/float_init_rom.c.obj
 *fill*         0x0000000010009067        0x1 
 .rodata.str1.4
                0x0000000010009068       0x3c CMakeFiles/bme280.dir/home/n17y17/pico/pico-sdk/src/rp2_common/pico_standard_link/binary_info.c.obj
 .rodata.__bi_44
                0x00000000100090a4        0xc CMakeFiles/bme280.dir/home/n17y17/pico/pico-sdk/src/rp2_common/pico_standard_link/binary_info.c.obj
 .rodata.__bi_75
                0x00000000100090b0        0xc CMakeFiles/bme280.dir/home/n17y17/pico/pico-sdk/src/rp2_common/pico_standard_link/binary_info.c.obj
 .rodata.__bi_81
                0x00000000100090bc        0xc CMakeFiles/bme280.dir/home/n17y17/pico/pico-sdk/src/rp2_common/pico_standard_link/binary_info.c.obj
 .rodata.stdout_serialize_begin.str1.4
                0x00000000100090c8       0x61 CMakeFiles/bme280.dir/home/n17y17/pico/pico-sdk/src/rp2_common/pico_stdio/stdio.c.obj
 .rodata.__func__.3
                0x00000000100090c8       0x15 CMakeFiles/bme280.dir/home/n17y17/pico/pico-sdk/src/rp2_common/pico_stdio/stdio.c.obj
 *fill*         0x00000000100090dd        0x3 
 .rodata.crlf_str.2
                0x00000000100090e0        0x2 CMakeFiles/bme280.dir/home/n17y17/pico/pico-sdk/src/rp2_common/pico_stdio/stdio.c.obj
 *fill*         0x00000000100090e2        0x2 
 .rodata._resetd_driver
                0x00000000100090e4       0x18 CMakeFiles/bme280.dir/home/n17y17/pico/pico-sdk/src/rp2_common/pico_stdio_usb/reset_interface.c.obj
 .rodata.low_priority_worker_irq.str1.4
                0x00000000100090fc       0x61 CMakeFiles/bme280.dir/home/n17y17/pico/pico-sdk/src/rp2_common/pico_stdio_usb/stdio_usb.c.obj
 .rodata.stdio_usb_init.str1.4
                0x00000000100090fc       0x45 CMakeFiles/bme280.dir/home/n17y17/pico/pico-sdk/src/rp2_common/pico_stdio_usb/stdio_usb.c.obj
                                         0x4d (size before relaxing)
 *fill*         0x0000000010009141        0x3 
 .rodata.str1.4
                0x0000000010009144       0x13 CMakeFiles/bme280.dir/home/n17y17/pico/pico-sdk/src/rp2_common/pico_stdio_usb/stdio_usb.c.obj
 *fill*         0x0000000010009157        0x1 
 .rodata.__bi_182.0
                0x0000000010009158        0xc CMakeFiles/bme280.dir/home/n17y17/pico/pico-sdk/src/rp2_common/pico_stdio_usb/stdio_usb.c.obj
 .rodata.__func__.1
                0x0000000010009164        0xf CMakeFiles/bme280.dir/home/n17y17/pico/pico-sdk/src/rp2_common/pico_stdio_usb/stdio_usb.c.obj
 *fill*         0x0000000010009173        0x1 
 .rodata.__func__.3
                0x0000000010009174       0x15 CMakeFiles/bme280.dir/home/n17y17/pico/pico-sdk/src/rp2_common/pico_stdio_usb/stdio_usb.c.obj
 *fill*         0x0000000010009189        0x3 
 .rodata.str1.4
                0x000000001000918c       0x2a CMakeFiles/bme280.dir/home/n17y17/pico/pico-sdk/src/rp2_common/pico_stdio_usb/stdio_usb_descriptors.c.obj
 *fill*         0x00000000100091b6        0x2 
 .rodata.usbd_desc_cfg
                0x00000000100091b8       0x54 CMakeFiles/bme280.dir/home/n17y17/pico/pico-sdk/src/rp2_common/pico_stdio_usb/stdio_usb_descriptors.c.obj
 .rodata.usbd_desc_device
                0x000000001000920c       0x12 CMakeFiles/bme280.dir/home/n17y17/pico/pico-sdk/src/rp2_common/pico_stdio_usb/stdio_usb_descriptors.c.obj
 *fill*         0x000000001000921e        0x2 
 .rodata.usbd_desc_str
                0x0000000010009220       0x18 CMakeFiles/bme280.dir/home/n17y17/pico/pico-sdk/src/rp2_common/pico_stdio_usb/stdio_usb_descriptors.c.obj
 .rodata.pico_get_unique_board_id_string.str1.4
                0x0000000010009238       0x4d CMakeFiles/bme280.dir/home/n17y17/pico/pico-sdk/src/rp2_common/pico_unique_id/unique_id.c.obj
 *fill*         0x0000000010009285        0x3 
 .rodata.__func__.0
                0x0000000010009288       0x20 CMakeFiles/bme280.dir/home/n17y17/pico/pico-sdk/src/rp2_common/pico_unique_id/unique_id.c.obj
 .rodata.str1.4
                0x00000000100092a8      0x15a CMakeFiles/bme280.dir/home/n17y17/pico/pico-sdk/src/rp2_common/hardware_flash/flash.c.obj
 *fill*         0x0000000010009402        0x2 
 .rodata.__func__.0
                0x0000000010009404        0xd CMakeFiles/bme280.dir/home/n17y17/pico/pico-sdk/src/rp2_common/hardware_flash/flash.c.obj
 *fill*         0x0000000010009411        0x3 
 .rodata._hw_endpoint_alloc.str1.4
                0x0000000010009414       0xb5 CMakeFiles/bme280.dir/home/n17y17/pico/pico-sdk/lib/tinyusb/src/portable/raspberrypi/rp2040/dcd_rp2040.c.obj
 *fill*         0x00000000100094c9        0x3 
 .rodata.str1.4
                0x00000000100094cc       0x14 CMakeFiles/bme280.dir/home/n17y17/pico/pico-sdk/lib/tinyusb/src/portable/raspberrypi/rp2040/dcd_rp2040.c.obj
 .rodata.dcd_int_enable.str1.4
                0x00000000100094e0        0xc CMakeFiles/bme280.dir/home/n17y17/pico/pico-sdk/lib/tinyusb/src/portable/raspberrypi/rp2040/dcd_rp2040.c.obj
 .rodata.__func__.0
                0x00000000100094ec        0xe CMakeFiles/bme280.dir/home/n17y17/pico/pico-sdk/lib/tinyusb/src/portable/raspberrypi/rp2040/dcd_rp2040.c.obj
 *fill*         0x00000000100094fa        0x2 
 .rodata.__func__.1
                0x00000000100094fc        0xe CMakeFiles/bme280.dir/home/n17y17/pico/pico-sdk/lib/tinyusb/src/portable/raspberrypi/rp2040/dcd_rp2040.c.obj
 *fill*         0x000000001000950a        0x2 
 .rodata.__func__.3
                0x000000001000950c       0x10 CMakeFiles/bme280.dir/home/n17y17/pico/pico-sdk/lib/tinyusb/src/portable/raspberrypi/rp2040/dcd_rp2040.c.obj
 .rodata.__func__.5
                0x000000001000951c        0xf CMakeFiles/bme280.dir/home/n17y17/pico/pico-sdk/lib/tinyusb/src/portable/raspberrypi/rp2040/dcd_rp2040.c.obj
 *fill*         0x000000001000952b        0x1 
 .rodata.__func__.6
                0x000000001000952c       0x13 CMakeFiles/bme280.dir/home/n17y17/pico/pico-sdk/lib/tinyusb/src/portable/raspberrypi/rp2040/dcd_rp2040.c.obj
 *fill*         0x000000001000953f        0x1 
 .rodata.__func__.7
                0x0000000010009540        0x9 CMakeFiles/bme280.dir/home/n17y17/pico/pico-sdk/lib/tinyusb/src/portable/raspberrypi/rp2040/dcd_rp2040.c.obj
 *fill*         0x0000000010009549        0x3 
 .rodata.str1.4
                0x000000001000954c       0xe7 CMakeFiles/bme280.dir/home/n17y17/pico/pico-sdk/lib/tinyusb/src/portable/raspberrypi/rp2040/rp2040_usb.c.obj
 *fill*         0x0000000010009633        0x1 
 .rodata.__func__.0
                0x0000000010009634        0xf CMakeFiles/bme280.dir/home/n17y17/pico/pico-sdk/lib/tinyusb/src/portable/raspberrypi/rp2040/rp2040_usb.c.obj
 *fill*         0x0000000010009643        0x1 
 .rodata.process_get_descriptor
                0x0000000010009644       0x40 CMakeFiles/bme280.dir/home/n17y17/pico/pico-sdk/lib/tinyusb/src/device/usbd.c.obj
 .rodata.process_control_request
                0x0000000010009684       0x28 CMakeFiles/bme280.dir/home/n17y17/pico/pico-sdk/lib/tinyusb/src/device/usbd.c.obj
 .rodata.tud_task_ext
                0x00000000100096ac       0x24 CMakeFiles/bme280.dir/home/n17y17/pico/pico-sdk/lib/tinyusb/src/device/usbd.c.obj
 .rodata._usbd_driver
                0x00000000100096d0       0x18 CMakeFiles/bme280.dir/home/n17y17/pico/pico-sdk/lib/tinyusb/src/device/usbd.c.obj
 .rodata.i2c_set_baudrate.str1.4
                0x00000000100096e8       0x5d CMakeFiles/bme280.dir/home/n17y17/pico/pico-sdk/src/rp2_common/hardware_i2c/i2c.c.obj
 *fill*         0x0000000010009745        0x3 
 .rodata.__func__.0
                0x0000000010009748       0x11 CMakeFiles/bme280.dir/home/n17y17/pico/pico-sdk/src/rp2_common/hardware_i2c/i2c.c.obj
                0x000000001000975c                . = ALIGN (0x4)
 *fill*         0x0000000010009759        0x3 
 *(SORT_BY_ALIGNMENT(SORT_BY_NAME(.flashdata*)))
                0x000000001000975c                . = ALIGN (0x4)

.ARM.extab
 *(.ARM.extab* .gnu.linkonce.armextab.*)
                0x000000001000975c                __exidx_start = .

.ARM.exidx
 *(.ARM.exidx* .gnu.linkonce.armexidx.*)
                0x000000001000975c                __exidx_end = .
                0x000000001000975c                . = ALIGN (0x4)
                0x000000001000975c                __binary_info_start = .

.binary_info    0x000000001000975c       0x20
 *(.binary_info.keep.*)
 .binary_info.keep.__bi_ptr22
                0x000000001000975c        0x4 CMakeFiles/bme280.dir/home/n17y17/pico/pico-sdk/src/rp2_common/pico_standard_link/binary_info.c.obj
 .binary_info.keep.__bi_ptr30
                0x0000000010009760        0x4 CMakeFiles/bme280.dir/home/n17y17/pico/pico-sdk/src/rp2_common/pico_standard_link/binary_info.c.obj
 .binary_info.keep.__bi_ptr38
                0x0000000010009764        0x4 CMakeFiles/bme280.dir/home/n17y17/pico/pico-sdk/src/rp2_common/pico_standard_link/binary_info.c.obj
 .binary_info.keep.__bi_ptr44
                0x0000000010009768        0x4 CMakeFiles/bme280.dir/home/n17y17/pico/pico-sdk/src/rp2_common/pico_standard_link/binary_info.c.obj
 .binary_info.keep.__bi_ptr50
                0x000000001000976c        0x4 CMakeFiles/bme280.dir/home/n17y17/pico/pico-sdk/src/rp2_common/pico_standard_link/binary_info.c.obj
 .binary_info.keep.__bi_ptr75
                0x0000000010009770        0x4 CMakeFiles/bme280.dir/home/n17y17/pico/pico-sdk/src/rp2_common/pico_standard_link/binary_info.c.obj
 .binary_info.keep.__bi_ptr81
                0x0000000010009774        0x4 CMakeFiles/bme280.dir/home/n17y17/pico/pico-sdk/src/rp2_common/pico_standard_link/binary_info.c.obj
 *(.binary_info.*)
 .binary_info.__bi_ptr182
                0x0000000010009778        0x4 CMakeFiles/bme280.dir/home/n17y17/pico/pico-sdk/src/rp2_common/pico_stdio_usb/stdio_usb.c.obj
                0x000000001000977c                __binary_info_end = .

.rel.dyn        0x000000001000977c        0x0
 .rel.iplt      0x000000001000977c        0x0 /usr/lib/gcc/arm-none-eabi/10.3.1/thumb/v6-m/nofp/crtbegin.o
                0x000000001000977c                . = ALIGN (0x4)

.ram_vector_table
                0x0000000020000000       0xc0
 *(.ram_vector_table)
 .ram_vector_table
                0x0000000020000000       0xc0 CMakeFiles/bme280.dir/home/n17y17/pico/pico-sdk/src/rp2_common/pico_runtime/runtime.c.obj
                0x0000000020000000                ram_vector_table

.data           0x00000000200000c0      0xc00 load address 0x000000001000977c
                0x00000000200000c0                __data_start__ = .
 *(vtable)
 *(.time_critical*)
 .time_critical.mutex_try_enter
                0x00000000200000c0       0x46 CMakeFiles/bme280.dir/home/n17y17/pico/pico-sdk/src/common/pico_sync/mutex.c.obj
                0x00000000200000c0                mutex_try_enter
 *fill*         0x0000000020000106        0x2 
 .time_critical.mutex_enter_block_until
                0x0000000020000108       0x8c CMakeFiles/bme280.dir/home/n17y17/pico/pico-sdk/src/common/pico_sync/mutex.c.obj
                0x0000000020000108                mutex_enter_block_until
 .time_critical.mutex_try_enter_block_until
                0x0000000020000194       0x34 CMakeFiles/bme280.dir/home/n17y17/pico/pico-sdk/src/common/pico_sync/mutex.c.obj
                0x0000000020000194                mutex_try_enter_block_until
 .time_critical.mutex_enter_timeout_ms
                0x00000000200001c8       0x68 CMakeFiles/bme280.dir/home/n17y17/pico/pico-sdk/src/common/pico_sync/mutex.c.obj
                0x00000000200001c8                mutex_enter_timeout_ms
 .time_critical.mutex_exit
                0x0000000020000230       0x4c CMakeFiles/bme280.dir/home/n17y17/pico/pico-sdk/src/common/pico_sync/mutex.c.obj
                0x0000000020000230                mutex_exit
 .time_critical.flash_init_boot2_copyout
                0x000000002000027c       0x30 CMakeFiles/bme280.dir/home/n17y17/pico/pico-sdk/src/rp2_common/hardware_flash/flash.c.obj
 .time_critical.flash_enable_xip_via_boot2
                0x00000000200002ac       0x10 CMakeFiles/bme280.dir/home/n17y17/pico/pico-sdk/src/rp2_common/hardware_flash/flash.c.obj
 .time_critical.flash_cs_force
                0x00000000200002bc       0x28 CMakeFiles/bme280.dir/home/n17y17/pico/pico-sdk/src/rp2_common/hardware_flash/flash.c.obj
 .time_critical.flash_do_cmd
                0x00000000200002e4       0xd8 CMakeFiles/bme280.dir/home/n17y17/pico/pico-sdk/src/rp2_common/hardware_flash/flash.c.obj
                0x00000000200002e4                flash_do_cmd
 .time_critical.reset_non_control_endpoints
                0x00000000200003bc       0x40 CMakeFiles/bme280.dir/home/n17y17/pico/pico-sdk/lib/tinyusb/src/portable/raspberrypi/rp2040/dcd_rp2040.c.obj
 .time_critical.hw_handle_buff_status
                0x00000000200003fc       0xa4 CMakeFiles/bme280.dir/home/n17y17/pico/pico-sdk/lib/tinyusb/src/portable/raspberrypi/rp2040/dcd_rp2040.c.obj
 .time_critical.dcd_rp2040_irq
                0x00000000200004a0      0x1cc CMakeFiles/bme280.dir/home/n17y17/pico/pico-sdk/lib/tinyusb/src/portable/raspberrypi/rp2040/dcd_rp2040.c.obj
 .time_critical.e15_is_bulkin_ep
                0x000000002000066c       0x2c CMakeFiles/bme280.dir/home/n17y17/pico/pico-sdk/lib/tinyusb/src/portable/raspberrypi/rp2040/rp2040_usb.c.obj
 .time_critical.e15_is_critical_frame_period
                0x0000000020000698       0x30 CMakeFiles/bme280.dir/home/n17y17/pico/pico-sdk/lib/tinyusb/src/portable/raspberrypi/rp2040/rp2040_usb.c.obj
 .time_critical.prepare_ep_buffer
                0x00000000200006c8       0x70 CMakeFiles/bme280.dir/home/n17y17/pico/pico-sdk/lib/tinyusb/src/portable/raspberrypi/rp2040/rp2040_usb.c.obj
 .time_critical.sync_ep_buffer
                0x0000000020000738       0x80 CMakeFiles/bme280.dir/home/n17y17/pico/pico-sdk/lib/tinyusb/src/portable/raspberrypi/rp2040/rp2040_usb.c.obj
 .time_critical._hw_endpoint_xfer_sync