Archive member included to satisfy reference by file (symbol)

/usr/lib/gcc/arm-none-eabi/10.3.1/../../../arm-none-eabi/lib/thumb/v6-m/nofp/libstdc++.a(functexcept.o)
                              CMakeFiles/E2E.dir/GT_902PMGG_irq.cpp.obj (std::__throw_bad_alloc())
/usr/lib/gcc/arm-none-eabi/10.3.1/../../../arm-none-eabi/lib/thumb/v6-m/nofp/libstdc++.a(snprintf_lite.o)
                              /usr/lib/gcc/arm-none-eabi/10.3.1/../../../arm-none-eabi/lib/thumb/v6-m/nofp/libstdc++.a(functexcept.o) (__gnu_cxx::__snprintf_lite(char*, unsigned int, char const*, std::__va_list))
/usr/lib/gcc/arm-none-eabi/10.3.1/../../../arm-none-eabi/lib/thumb/v6-m/nofp/libstdc++.a(string-inst.o)
                              CMakeFiles/E2E.dir/GT_902PMGG_irq.cpp.obj (std::__cxx11::basic_string<char, std::char_traits<char>, std::allocator<char> >::_M_create(unsigned int&, unsigned int))
/usr/lib/gcc/arm-none-eabi/10.3.1/../../../arm-none-eabi/lib/thumb/v6-m/nofp/libstdc++.a(bad_alloc.o)
                              /usr/lib/gcc/arm-none-eabi/10.3.1/../../../arm-none-eabi/lib/thumb/v6-m/nofp/libstdc++.a(functexcept.o) (std::bad_alloc::~bad_alloc())
/usr/lib/gcc/arm-none-eabi/10.3.1/../../../arm-none-eabi/lib/thumb/v6-m/nofp/libstdc++.a(bad_cast.o)
                              /usr/lib/gcc/arm-none-eabi/10.3.1/../../../arm-none-eabi/lib/thumb/v6-m/nofp/libstdc++.a(functexcept.o) (std::bad_cast::~bad_cast())
/usr/lib/gcc/arm-none-eabi/10.3.1/../../../arm-none-eabi/lib/thumb/v6-m/nofp/libstdc++.a(bad_typeid.o)
                              /usr/lib/gcc/arm-none-eabi/10.3.1/../../../arm-none-eabi/lib/thumb/v6-m/nofp/libstdc++.a(functexcept.o) (std::bad_typeid::~bad_typeid())
/usr/lib/gcc/arm-none-eabi/10.3.1/../../../arm-none-eabi/lib/thumb/v6-m/nofp/libstdc++.a(eh_alloc.o)
                              /usr/lib/gcc/arm-none-eabi/10.3.1/../../../arm-none-eabi/lib/thumb/v6-m/nofp/libstdc++.a(functexcept.o) (__cxa_allocate_exception)
/usr/lib/gcc/arm-none-eabi/10.3.1/../../../arm-none-eabi/lib/thumb/v6-m/nofp/libstdc++.a(eh_arm.o)
                              /usr/lib/gcc/arm-none-eabi/10.3.1/../../../arm-none-eabi/lib/thumb/v6-m/nofp/libstdc++.a(functexcept.o) (__cxa_end_cleanup)
/usr/lib/gcc/arm-none-eabi/10.3.1/../../../arm-none-eabi/lib/thumb/v6-m/nofp/libstdc++.a(eh_catch.o)
                              /usr/lib/gcc/arm-none-eabi/10.3.1/../../../arm-none-eabi/lib/thumb/v6-m/nofp/libstdc++.a(string-inst.o) (__cxa_begin_catch)
/usr/lib/gcc/arm-none-eabi/10.3.1/../../../arm-none-eabi/lib/thumb/v6-m/nofp/libstdc++.a(eh_exception.o)
                              /usr/lib/gcc/arm-none-eabi/10.3.1/../../../arm-none-eabi/lib/thumb/v6-m/nofp/libstdc++.a(bad_alloc.o) (std::exception::~exception())
/usr/lib/gcc/arm-none-eabi/10.3.1/../../../arm-none-eabi/lib/thumb/v6-m/nofp/libstdc++.a(eh_globals.o)
                              /usr/lib/gcc/arm-none-eabi/10.3.1/../../../arm-none-eabi/lib/thumb/v6-m/nofp/libstdc++.a(eh_catch.o) (__cxa_get_globals_fast)
/usr/lib/gcc/arm-none-eabi/10.3.1/../../../arm-none-eabi/lib/thumb/v6-m/nofp/libstdc++.a(eh_personality.o)
                              /usr/lib/gcc/arm-none-eabi/10.3.1/../../../arm-none-eabi/lib/thumb/v6-m/nofp/libstdc++.a(functexcept.o) (__gxx_personality_v0)
/usr/lib/gcc/arm-none-eabi/10.3.1/../../../arm-none-eabi/lib/thumb/v6-m/nofp/libstdc++.a(eh_terminate.o)
                              /usr/lib/gcc/arm-none-eabi/10.3.1/../../../arm-none-eabi/lib/thumb/v6-m/nofp/libstdc++.a(eh_alloc.o) (std::terminate())
/usr/lib/gcc/arm-none-eabi/10.3.1/../../../arm-none-eabi/lib/thumb/v6-m/nofp/libstdc++.a(eh_throw.o)
                              /usr/lib/gcc/arm-none-eabi/10.3.1/../../../arm-none-eabi/lib/thumb/v6-m/nofp/libstdc++.a(functexcept.o) (__cxa_throw)
/usr/lib/gcc/arm-none-eabi/10.3.1/../../../arm-none-eabi/lib/thumb/v6-m/nofp/libstdc++.a(eh_unex_handler.o)
                              /usr/lib/gcc/arm-none-eabi/10.3.1/../../../arm-none-eabi/lib/thumb/v6-m/nofp/libstdc++.a(eh_terminate.o) (__cxxabiv1::__unexpected_handler)
/usr/lib/gcc/arm-none-eabi/10.3.1/../../../arm-none-eabi/lib/thumb/v6-m/nofp/libstdc++.a(pure.o)
                              /usr/lib/gcc/arm-none-eabi/10.3.1/../../../arm-none-eabi/lib/thumb/v6-m/nofp/libstdc++.a(eh_exception.o) (__cxa_pure_virtual)
/usr/lib/gcc/arm-none-eabi/10.3.1/../../../arm-none-eabi/lib/thumb/v6-m/nofp/libstdc++.a(si_class_type_info.o)
                              /usr/lib/gcc/arm-none-eabi/10.3.1/../../../arm-none-eabi/lib/thumb/v6-m/nofp/libstdc++.a(bad_alloc.o) (vtable for __cxxabiv1::__si_class_type_info)
/usr/lib/gcc/arm-none-eabi/10.3.1/../../../arm-none-eabi/lib/thumb/v6-m/nofp/libstdc++.a(tinfo.o)
                              /usr/lib/gcc/arm-none-eabi/10.3.1/../../../arm-none-eabi/lib/thumb/v6-m/nofp/libstdc++.a(si_class_type_info.o) (std::type_info::__is_pointer_p() const)
/usr/lib/gcc/arm-none-eabi/10.3.1/../../../arm-none-eabi/lib/thumb/v6-m/nofp/libstdc++.a(stdexcept.o)
[...]
Memory Configuration

Name             Origin             Length             Attributes
FLASH            0x0000000010000000 0x0000000000200000 xr
RAM              0x0000000020000000 0x0000000000040000 xrw
SCRATCH_X        0x0000000020040000 0x0000000000001000 xrw
SCRATCH_Y        0x0000000020041000 0x0000000000001000 xrw
*default*        0x0000000000000000 0xffffffffffffffff

Linker script and memory map

LOAD /usr/lib/gcc/arm-none-eabi/10.3.1/thumb/v6-m/nofp/crti.o
LOAD /usr/lib/gcc/arm-none-eabi/10.3.1/thumb/v6-m/nofp/crtbegin.o
LOAD /usr/lib/gcc/arm-none-eabi/10.3.1/../../../arm-none-eabi/lib/thumb/v6-m/nofp/crt0.o

.flash_begin    0x0000000010000000        0x0
                0x0000000010000000                __flash_binary_start = .

.boot2          0x0000000010000000      0x100
                0x0000000010000000                __boot2_start__ = .
 *(.boot2)
 .boot2         0x0000000010000000      0x100 /tmp/ccmEpuVZ.o
                0x0000000010000100                __boot2_end__ = .
                0x0000000000000001                ASSERT (((__boot2_end__ - __boot2_start__) == 0x100), ERROR: Pico second stage bootloader must be 256 bytes in size)

.text           0x0000000010000100    0x151d8
                0x0000000010000100                __logical_binary_start = .
 *(.vectors)
 .vectors       0x0000000010000100       0xd4 CMakeFiles/E2E.dir/home/n17y17/pico/pico-sdk/src/rp2_common/pico_standard_link/crt0.S.obj
                0x0000000010000100                __vectors
                0x0000000010000100                __VECTOR_TABLE
                0x00000000100001c0                isr_invalid
                0x00000000100001c0                __default_isrs_start
                0x00000000100001c2                isr_nmi
                0x00000000100001c4                isr_hardfault
                0x00000000100001c6                isr_svcall
                0x00000000100001c8                isr_pendsv
                0x00000000100001ca                isr_systick
                0x00000000100001cc                isr_irq30
                0x00000000100001cc                __unhandled_user_irq
                0x00000000100001cc                isr_irq13
                0x00000000100001cc                isr_irq27
                0x00000000100001cc                isr_irq31
                0x00000000100001cc                isr_irq5
                0x00000000100001cc                isr_irq11
                0x00000000100001cc                isr_irq23
                0x00000000100001cc                isr_irq18
                0x00000000100001cc                isr_irq28
                0x00000000100001cc                isr_irq19
                0x00000000100001cc                isr_irq0
                0x00000000100001cc                isr_irq6
                0x00000000100001cc                isr_irq22
                0x00000000100001cc                isr_irq17
                0x00000000100001cc                isr_irq14
                0x00000000100001cc                isr_irq2
                0x00000000100001cc                isr_irq10
                0x00000000100001cc                isr_irq8
                0x00000000100001cc                isr_irq24
                0x00000000100001cc                isr_irq1
                0x00000000100001cc                isr_irq7
                0x00000000100001cc                isr_irq21
                0x00000000100001cc                isr_irq20
                0x00000000100001cc                isr_irq15
                0x00000000100001cc                isr_irq25
                0x00000000100001cc                isr_irq4
                0x00000000100001cc                isr_irq16
                0x00000000100001cc                isr_irq29
                0x00000000100001cc                isr_irq26
                0x00000000100001cc                __default_isrs_end
                0x00000000100001cc                isr_irq3
                0x00000000100001cc                isr_irq12
                0x00000000100001cc                isr_irq9
                0x00000000100001d2                unhandled_user_irq_num_in_r0
 *(.binary_info_header)
 .binary_info_header
                0x00000000100001d4       0x14 CMakeFiles/E2E.dir/home/n17y17/pico/pico-sdk/src/rp2_common/pico_standard_link/crt0.S.obj
                0x00000000100001e8                __binary_info_header_end = .
 *(.reset)
 .reset         0x00000000100001e8       0xa0 CMakeFiles/E2E.dir/home/n17y17/pico/pico-sdk/src/rp2_common/pico_standard_link/crt0.S.obj
                0x00000000100001e8                _entry_point
 .reset         0x0000000010000288       0x30 CMakeFiles/E2E.dir/home/n17y17/pico/pico-sdk/src/rp2_common/pico_standard_link/binary_info.c.obj
 *(.init)
 .init          0x00000000100002b8        0x4 /usr/lib/gcc/arm-none-eabi/10.3.1/thumb/v6-m/nofp/crti.o
                0x00000000100002b8                _init
 *(EXCLUDE_FILE(*libm.a: *libc.a:*lib_a-mem*.o *libgcc.a:) .text*)
 .text          0x00000000100002bc       0x98 /usr/lib/gcc/arm-none-eabi/10.3.1/thumb/v6-m/nofp/crtbegin.o
 .text.uart_puts
                0x0000000010000354       0x98 CMakeFiles/E2E.dir/E2E.cpp.obj
 .text.get_absolute_time
                0x00000000100003ec       0x2c CMakeFiles/E2E.dir/E2E.cpp.obj
 .text._Z11BNO055_initv
                0x0000000010000418      0x198 CMakeFiles/E2E.dir/E2E.cpp.obj
                0x0000000010000418                BNO055_init()
 .text._Z16BNO055_accel_magv
                0x00000000100005b0      0x218 CMakeFiles/E2E.dir/E2E.cpp.obj
                0x00000000100005b0                BNO055_accel_mag()
 .text._Z10motor_initv
                0x00000000100007c8       0xc4 CMakeFiles/E2E.dir/E2E.cpp.obj
                0x00000000100007c8                motor_init()
 .text._Z7forwardd
                0x000000001000088c       0x68 CMakeFiles/E2E.dir/E2E.cpp.obj
                0x000000001000088c                forward(double)
 .text._Z5rightd
                0x00000000100008f4       0x68 CMakeFiles/E2E.dir/E2E.cpp.obj
                0x00000000100008f4                right(double)
 .text._Z4leftd
                0x000000001000095c       0x68 CMakeFiles/E2E.dir/E2E.cpp.obj
                0x000000001000095c                left(double)
 .text.main     0x00000000100009c4      0xa80 CMakeFiles/E2E.dir/E2E.cpp.obj
                0x00000000100009c4                main
 .text._ZN3GPS10set_targetEdd
                0x0000000010001444       0x1a CMakeFiles/E2E.dir/GT_902PMGG_irq.cpp.obj
                0x0000000010001444                GPS::set_target(double, double)
 *fill*         0x000000001000145e        0x2 
 .text._ZN3GPS11output_timeERNSt7__cxx1112basic_stringIcSt11char_traitsIcESaIcEEE
                0x0000000010001460       0xb4 CMakeFiles/E2E.dir/GT_902PMGG_irq.cpp.obj
                0x0000000010001460                GPS::output_time(std::__cxx11::basic_string<char, std::char_traits<char>, std::allocator<char> >&)
 .text._ZN3GPS10output_latERNSt7__cxx1112basic_stringIcSt11char_traitsIcESaIcEEES6_
                0x0000000010001514      0x204 CMakeFiles/E2E.dir/GT_902PMGG_irq.cpp.obj
                0x0000000010001514                GPS::output_lat(std::__cxx11::basic_string<char, std::char_traits<char>, std::allocator<char> >&, std::__cxx11::basic_string<char, std::char_traits<char>, std::allocator<char> >&)
 .text._ZN3GPS10output_lonERNSt7__cxx1112basic_stringIcSt11char_traitsIcESaIcEEES6_
                0x0000000010001718      0x220 CMakeFiles/E2E.dir/GT_902PMGG_irq.cpp.obj
                0x0000000010001718                GPS::output_lon(std::__cxx11::basic_string<char, std::char_traits<char>, std::allocator<char> >&, std::__cxx11::basic_string<char, std::char_traits<char>, std::allocator<char> >&)
 .text._ZN3GPS13output_targetEv
                0x0000000010001938      0x2d4 CMakeFiles/E2E.dir/GT_902PMGG_irq.cpp.obj
                0x0000000010001938                GPS::output_target()
 .text._ZN3GPS13UTCtoJST_dateEv
                0x0000000010001c0c       0x98 CMakeFiles/E2E.dir/GT_902PMGG_irq.cpp.obj
                0x0000000010001c0c                GPS::UTCtoJST_date()
 .text._ZN9__gnu_cxx6__stoaIlicJiEEET0_PFT_PKT1_PPS3_DpT2_EPKcS5_PjS9_
                0x0000000010001ca4       0x66 CMakeFiles/E2E.dir/GT_902PMGG_irq.cpp.obj
                0x0000000010001ca4                int __gnu_cxx::__stoa<long, int, char, int>(long (*)(char const*, char**, int), char const*, char const*, unsigned int*, int)
 .text._ZN9__gnu_cxx6__stoaIffcJEEET0_PFT_PKT1_PPS3_DpT2_EPKcS5_PjS9_
                0x0000000010001d0a       0x64 CMakeFiles/E2E.dir/GT_902PMGG_irq.cpp.obj
                0x0000000010001d0a                float __gnu_cxx::__stoa<float, float, char>(float (*)(char const*, char**), char const*, char const*, unsigned int*)
 .text._ZNSt11_Deque_baseIcSaIcEE16_M_destroy_nodesEPPcS3_
                0x0000000010001d6e       0x18 CMakeFiles/E2E.dir/GT_902PMGG_irq.cpp.obj
                0x0000000010001d6e                std::_Deque_base<char, std::allocator<char> >::_M_destroy_nodes(char**, char**)
 .text._ZNSt11_Deque_baseIcSaIcEED2Ev
                0x0000000010001d86       0x22 CMakeFiles/E2E.dir/GT_902PMGG_irq.cpp.obj
                0x0000000010001d86                std::_Deque_base<char, std::allocator<char> >::~_Deque_base()
                0x0000000010001d86                std::_Deque_base<char, std::allocator<char> >::~_Deque_base()
 .text._ZNSt5dequeIcSaIcEED2Ev
                0x0000000010001da8       0x30 CMakeFiles/E2E.dir/GT_902PMGG_irq.cpp.obj
                0x0000000010001da8                std::deque<char, std::allocator<char> >::~deque()
                0x0000000010001da8                std::deque<char, std::allocator<char> >::~deque()
 .text._ZNSt5dequeIcSaIcEE16_M_pop_front_auxEv
                0x0000000010001dd8       0x24 CMakeFiles/E2E.dir/GT_902PMGG_irq.cpp.obj
                0x0000000010001dd8                std::deque<char, std::allocator<char> >::_M_pop_front_aux()
 .text._ZNSt5dequeINSt7__cxx1112basic_stringIcSt11char_traitsIcESaIcEEESaIS5_EE21_M_default_initializeEv
                0x0000000010001dfc       0x46 CMakeFiles/E2E.dir/GT_902PMGG_irq.cpp.obj
                0x0000000010001dfc                std::deque<std::__cxx11::basic_string<char, std::char_traits<char>, std::allocator<char> >, std::allocator<std::__cxx11::basic_string<char, std::char_traits<char>, std::allocator<char> > > >::_M_default_initialize()
 *fill*         0x0000000010001e42        0x2 
 .text._ZNSt7__cxx1112basic_stringIcSt11char_traitsIcESaIcEE12_M_constructIPKcEEvT_S8_St20forward_iterator_tag
                0x0000000010001e44       0x5c CMakeFiles/E2E.dir/GT_902PMGG_irq.cpp.obj
                0x0000000010001e44                void std::__cxx11::basic_string<char, std::char_traits<char>, std::allocator<char> >::_M_construct<char const*>(char const*, char const*, std::forward_iterator_tag)
 .text._ZNSt11_Deque_baseIcSaIcEE15_M_create_nodesEPPcS3_
                0x0000000010001ea0       0x18 CMakeFiles/E2E.dir/GT_902PMGG_irq.cpp.obj
                0x0000000010001ea0                std::_Deque_base<char, std::allocator<char> >::_M_create_nodes(char**, char**)
 .text._ZNSt11_Deque_baseIcSaIcEE17_M_initialize_mapEj
                0x0000000010001eb8       0x78 CMakeFiles/E2E.dir/GT_902PMGG_irq.cpp.obj
                0x0000000010001eb8                std::_Deque_base<char, std::allocator<char> >::_M_initialize_map(unsigned int)
 .text._ZNSt11_Deque_baseIcSaIcEEC2Ev
                0x0000000010001f30       0x24 CMakeFiles/E2E.dir/GT_902PMGG_irq.cpp.obj
                0x0000000010001f30                std::_Deque_base<char, std::allocator<char> >::_Deque_base()
                0x0000000010001f30                std::_Deque_base<char, std::allocator<char> >::_Deque_base()
 .text._Z41__static_initialization_and_destruction_0ii
                0x0000000010001f54       0x44 CMakeFiles/E2E.dir/GT_902PMGG_irq.cpp.obj
 .text._ZNSt11_Deque_baseINSt7__cxx1112basic_stringIcSt11char_traitsIcESaIcEEESaIS5_EE16_M_destroy_nodesEPPS5_S9_
                0x0000000010001f98       0x18 CMakeFiles/E2E.dir/GT_902PMGG_irq.cpp.obj
                0x0000000010001f98                std::_Deque_base<std::__cxx11::basic_string<char, std::char_traits<char>, std::allocator<char> >, std::allocator<std::__cxx11::basic_string<char, std::char_traits<char>, std::allocator<char> > > >::_M_destroy_nodes(std::__cxx11::basic_string<char, std::char_traits<char>, std::allocator<char> >**, std::__cxx11::basic_string<char, std::char_traits<char>, std::allocator<char> >**)
 .text._ZNSt11_Deque_baseINSt7__cxx1112basic_stringIcSt11char_traitsIcESaIcEEESaIS5_EED2Ev
                0x0000000010001fb0       0x22 CMakeFiles/E2E.dir/GT_902PMGG_irq.cpp.obj
                0x0000000010001fb0                std::_Deque_base<std::__cxx11::basic_string<char, std::char_traits<char>, std::allocator<char> >, std::allocator<std::__cxx11::basic_string<char, std::char_traits<char>, std::allocator<char> > > >::~_Deque_base()
                0x0000000010001fb0                std::_Deque_base<std::__cxx11::basic_string<char, std::char_traits<char>, std::allocator<char> >, std::allocator<std::__cxx11::basic_string<char, std::char_traits<char>, std::allocator<char> > > >::~_Deque_base()
 .text._ZNSt5dequeINSt7__cxx1112basic_stringIcSt11char_traitsIcESaIcEEESaIS5_EE19_M_destroy_data_auxESt15_Deque_iteratorIS5_RS5_PS5_ESB_
                0x0000000010001fd2       0xae CMakeFiles/E2E.dir/GT_902PMGG_irq.cpp.obj
                0x0000000010001fd2                std::deque<std::__cxx11::basic_string<char, std::char_traits<char>, std::allocator<char> >, std::allocator<std::__cxx11::basic_string<char, std::char_traits<char>, std::allocator<char> > > >::_M_destroy_data_aux(std::_Deque_iterator<std::__cxx11::basic_string<char, std::char_traits<char>, std::allocator<char> >, std::__cxx11::basic_string<char, std::char_traits<char>, std::allocator<char> >&, std::__cxx11::basic_string<char, std::char_traits<char>, std::allocator<char> >*>, std::_Deque_iterator<std::__cxx11::basic_string<char, std::char_traits<char>, std::allocator<char> >, std::__cxx11::basic_string<char, std::char_traits<char>, std::allocator<char> >&, std::__cxx11::basic_string<char, std::char_traits<char>, std::allocator<char> >*>)
 .text._ZNSt11_Deque_baseINSt7__cxx1112basic_stringIcSt11char_traitsIcESaIcEEESaIS5_EE15_M_create_nodesEPPS5_S9_
                0x0000000010002080       0x18 CMakeFiles/E2E.dir/GT_902PMGG_irq.cpp.obj
                0x0000000010002080                std::_Deque_base<std::__cxx11::basic_string<char, std::char_traits<char>, std::allocator<char> >, std::allocator<std::__cxx11::basic_string<char, std::char_traits<char>, std::allocator<char> > > >::_M_create_nodes(std::__cxx11::basic_string<char, std::char_traits<char>, std::allocator<char> >**, std::__cxx11::basic_string<char, std::char_traits<char>, std::allocator<char> >**)
 .text._ZNSt11_Deque_baseINSt7__cxx1112basic_stringIcSt11char_traitsIcESaIcEEESaIS5_EE17_M_initialize_mapEj
                0x0000000010002098       0x8e CMakeFiles/E2E.dir/GT_902PMGG_irq.cpp.obj
                0x0000000010002098                std::_Deque_base<std::__cxx11::basic_string<char, std::char_traits<char>, std::allocator<char> >, std::allocator<std::__cxx11::basic_string<char, std::char_traits<char>, std::allocator<char> > > >::_M_initialize_map(unsigned int)
 .text._ZNSt5dequeIcSaIcEE17_M_reallocate_mapEjb
                0x0000000010002126       0xea CMakeFiles/E2E.dir/GT_902PMGG_irq.cpp.obj
                0x0000000010002126                std::deque<char, std::allocator<char> >::_M_reallocate_map(unsigned int, bool)
 .text._ZNSt5dequeIcSaIcEE23_M_new_elements_at_backEj
                0x0000000010002210       0x84 CMakeFiles/E2E.dir/GT_902PMGG_irq.cpp.obj
                0x0000000010002210                std::deque<char, std::allocator<char> >::_M_new_elements_at_back(unsigned int)
 .text._ZNSt5dequeIcSaIcEE24_M_new_elements_at_frontEj
                0x0000000010002294       0x7c CMakeFiles/E2E.dir/GT_902PMGG_irq.cpp.obj
                0x0000000010002294                std::deque<char, std::allocator<char> >::_M_new_elements_at_front(unsigned int)
 .text._ZNSt5dequeIcSaIcEE16_M_push_back_auxIJcEEEvDpOT_
                0x0000000010002310       0x80 CMakeFiles/E2E.dir/GT_902PMGG_irq.cpp.obj
                0x0000000010002310                void std::deque<char, std::allocator<char> >::_M_push_back_aux<char>(char&&)
 .text._ZNSt5dequeIcSaIcEE12emplace_backIJcEEERcDpOT_
                0x0000000010002390       0x58 CMakeFiles/E2E.dir/GT_902PMGG_irq.cpp.obj
                0x0000000010002390                char& std::deque<char, std::allocator<char> >::emplace_back<char>(char&&)
 .text._ZN3gps9read_raw0Ev
                0x00000000100023e8       0x68 CMakeFiles/E2E.dir/GT_902PMGG_irq.cpp.obj
                0x00000000100023e8                gps::read_raw0()
 .text._ZN3gps9read_raw1Ev
                0x0000000010002450       0x68 CMakeFiles/E2E.dir/GT_902PMGG_irq.cpp.obj
                0x0000000010002450                gps::read_raw1()
 .text._ZNSt5dequeINSt7__cxx1112basic_stringIcSt11char_traitsIcESaIcEEESaIS5_EE17_M_reallocate_mapEjb
                0x00000000100024b8       0xe8 CMakeFiles/E2E.dir/GT_902PMGG_irq.cpp.obj
                0x00000000100024b8                std::deque<std::__cxx11::basic_string<char, std::char_traits<char>, std::allocator<char> >, std::allocator<std::__cxx11::basic_string<char, std::char_traits<char>, std::allocator<char> > > >::_M_reallocate_map(unsigned int, bool)
 .text._ZNSt5dequeINSt7__cxx1112basic_stringIcSt11char_traitsIcESaIcEEESaIS5_EE16_M_push_back_auxIJS5_EEEvDpOT_
                0x00000000100025a0       0xd8 CMakeFiles/E2E.dir/GT_902PMGG_irq.cpp.obj
                0x00000000100025a0                void std::deque<std::__cxx11::basic_string<char, std::char_traits<char>, std::allocator<char> >, std::allocator<std::__cxx11::basic_string<char, std::char_traits<char>, std::allocator<char> > > >::_M_push_back_aux<std::__cxx11::basic_string<char, std::char_traits<char>, std::allocator<char> > >(std::__cxx11::basic_string<char, std::char_traits<char>, std::allocator<char> >&&)
 .text._ZNSt5dequeINSt7__cxx1112basic_stringIcSt11char_traitsIcESaIcEEESaIS5_EE12emplace_backIJS5_EEERS5_DpOT_
                0x0000000010002678       0x7e CMakeFiles/E2E.dir/GT_902PMGG_irq.cpp.obj
                0x0000000010002678                std::__cxx11::basic_string<char, std::char_traits<char>, std::allocator<char> >& std::deque<std::__cxx11::basic_string<char, std::char_traits<char>, std::allocator<char> >, std::allocator<std::__cxx11::basic_string<char, std::char_traits<char>, std::allocator<char> > > >::emplace_back<std::__cxx11::basic_string<char, std::char_traits<char>, std::allocator<char> > >(std::__cxx11::basic_string<char, std::char_traits<char>, std::allocator<char> >&&)
 .text._ZSt14__copy_move_a1ILb0EPccEN9__gnu_cxx11__enable_ifIXsrSt23__is_random_access_iterIT0_NSt15iterator_traitsIS4_E17iterator_categoryEE7__valueESt15_Deque_iteratorIT1_RSA_PSA_EE6__typeES4_S4_SD_
                0x00000000100026f6       0xa0 CMakeFiles/E2E.dir/GT_902PMGG_irq.cpp.obj
                0x00000000100026f6                __gnu_cxx::__enable_if<std::__is_random_access_iter<char*, std::iterator_traits<char*>::iterator_category>::__value, std::_Deque_iterator<char, char&, char*> >::__type std::__copy_move_a1<false, char*, char>(char*, char*, std::_Deque_iterator<char, char&, char*>)
 .text._ZSt15__copy_move_ditILb0EcRKcPS0_St15_Deque_iteratorIcRcPcEET3_S3_IT0_T1_T2_ESB_S7_
                0x0000000010002796       0xbe CMakeFiles/E2E.dir/GT_902PMGG_irq.cpp.obj
                0x0000000010002796                std::_Deque_iterator<char, char&, char*> std::__copy_move_dit<false, char, char const&, char const*, std::_Deque_iterator<char, char&, char*> >(std::_Deque_iterator<char, char const&, char const*>, std::_Deque_iterator<char, char const&, char const*>, std::_Deque_iterator<char, char&, char*>)
 .text._ZSt14__copy_move_a1ILb0EcRKcPS0_cESt15_Deque_iteratorIT3_RS4_PS4_ES3_IT0_T1_T2_ESB_S7_
                0x0000000010002854       0x4e CMakeFiles/E2E.dir/GT_902PMGG_irq.cpp.obj
                0x0000000010002854                std::_Deque_iterator<char, char&, char*> std::__copy_move_a1<false, char, char const&, char const*, char>(std::_Deque_iterator<char, char const&, char const*>, std::_Deque_iterator<char, char const&, char const*>, std::_Deque_iterator<char, char&, char*>)
 .text._ZSt22__uninitialized_copy_aISt15_Deque_iteratorIcRKcPS1_ES0_IcRcPcEcET0_T_S9_S8_RSaIT1_E
                0x00000000100028a2      0x13e CMakeFiles/E2E.dir/GT_902PMGG_irq.cpp.obj
                0x00000000100028a2                std::_Deque_iterator<char, char&, char*> std::__uninitialized_copy_a<std::_Deque_iterator<char, char const&, char const*>, std::_Deque_iterator<char, char&, char*>, char>(std::_Deque_iterator<char, char const&, char const*>, std::_Deque_iterator<char, char const&, char const*>, std::_Deque_iterator<char, char&, char*>, std::allocator<char>&)
 .text._ZSt9__fill_a1IccEvRKSt15_Deque_iteratorIT_RS1_PS1_ES6_RKT0_
                0x00000000100029e0       0x60 CMakeFiles/E2E.dir/GT_902PMGG_irq.cpp.obj
                0x00000000100029e0                void std::__fill_a1<char, char>(std::_Deque_iterator<char, char&, char*> const&, std::_Deque_iterator<char, char&, char*> const&, char const&)
 .text._ZNSt5dequeIcSaIcEE17_M_default_appendEj
                0x0000000010002a40      0x144 CMakeFiles/E2E.dir/GT_902PMGG_irq.cpp.obj
                0x0000000010002a40                std::deque<char, std::allocator<char> >::_M_default_append(unsigned int)
 .text._ZN3GPSC2Ejjjj
                0x0000000010002b84      0x234 CMakeFiles/E2E.dir/GT_902PMGG_irq.cpp.obj
                0x0000000010002b84                GPS::GPS(unsigned int, unsigned int, unsigned int, unsigned int)
                0x0000000010002b84                GPS::GPS(unsigned int, unsigned int, unsigned int, unsigned int)
 .text._ZSt14__copy_move_a1ILb1EPccEN9__gnu_cxx11__enable_ifIXsrSt23__is_random_access_iterIT0_NSt15iterator_traitsIS4_E17iterator_categoryEE7__valueESt15_Deque_iteratorIT1_RSA_PSA_EE6__typeES4_S4_SD_
                0x0000000010002db8       0xa0 CMakeFiles/E2E.dir/GT_902PMGG_irq.cpp.obj
                0x0000000010002db8                __gnu_cxx::__enable_if<std::__is_random_access_iter<char*, std::iterator_traits<char*>::iterator_category>::__value, std::_Deque_iterator<char, char&, char*> >::__type std::__copy_move_a1<true, char*, char>(char*, char*, std::_Deque_iterator<char, char&, char*>)
 .text._ZSt15__copy_move_ditILb1EcRcPcSt15_Deque_iteratorIcS0_S1_EET3_S2_IT0_T1_T2_ES8_S4_
                0x0000000010002e58       0xbe CMakeFiles/E2E.dir/GT_902PMGG_irq.cpp.obj
                0x0000000010002e58                std::_Deque_iterator<char, char&, char*> std::__copy_move_dit<true, char, char&, char*, std::_Deque_iterator<char, char&, char*> >(std::_Deque_iterator<char, char&, char*>, std::_Deque_iterator<char, char&, char*>, std::_Deque_iterator<char, char&, char*>)
 .text._ZSt14__copy_move_a1ILb1EcRcPccESt15_Deque_iteratorIT3_RS3_PS3_ES2_IT0_T1_T2_ESA_S6_
                0x0000000010002f16       0x4e CMakeFiles/E2E.dir/GT_902PMGG_irq.cpp.obj
                0x0000000010002f16                std::_Deque_iterator<char, char&, char*> std::__copy_move_a1<true, char, char&, char*, char>(std::_Deque_iterator<char, char&, char*>, std::_Deque_iterator<char, char&, char*>, std::_Deque_iterator<char, char&, char*>)
 .text._ZSt23__copy_move_backward_a1ILb1EPccEN9__gnu_cxx11__enable_ifIXsrSt23__is_random_access_iterIT0_NSt15iterator_traitsIS4_E17iterator_categoryEE7__valueESt15_Deque_iteratorIT1_RSA_PSA_EE6__typeES4_S4_SD_
                0x0000000010002f64       0xbe CMakeFiles/E2E.dir/GT_902PMGG_irq.cpp.obj
                0x0000000010002f64                __gnu_cxx::__enable_if<std::__is_random_access_iter<char*, std::iterator_traits<char*>::iterator_category>::__value, std::_Deque_iterator<char, char&, char*> >::__type std::__copy_move_backward_a1<true, char*, char>(char*, char*, std::_Deque_iterator<char, char&, char*>)
 .text._ZSt24__copy_move_backward_ditILb1EcRcPcSt15_Deque_iteratorIcS0_S1_EET3_S2_IT0_T1_T2_ES8_S4_
                0x0000000010003022       0xc0 CMakeFiles/E2E.dir/GT_902PMGG_irq.cpp.obj
                0x0000000010003022                std::_Deque_iterator<char, char&, char*> std::__copy_move_backward_dit<true, char, char&, char*, std::_Deque_iterator<char, char&, char*> >(std::_Deque_iterator<char, char&, char*>, std::_Deque_iterator<char, char&, char*>, std::_Deque_iterator<char, char&, char*>)
 .text._ZSt23__copy_move_backward_a1ILb1EcRcPccESt15_Deque_iteratorIT3_RS3_PS3_ES2_IT0_T1_T2_ESA_S6_
                0x00000000100030e2       0x4e CMakeFiles/E2E.dir/GT_902PMGG_irq.cpp.obj
                0x00000000100030e2                std::_Deque_iterator<char, char&, char*> std::__copy_move_backward_a1<true, char, char&, char*, char>(std::_Deque_iterator<char, char&, char*>, std::_Deque_iterator<char, char&, char*>, std::_Deque_iterator<char, char&, char*>)
 .text._ZSt12__miter_baseISt15_Deque_iteratorIcRcPcEEDTcl12__miter_basecldtfp_4baseEEESt13move_iteratorIT_E
                0x0000000010003130       0x20 CMakeFiles/E2E.dir/GT_902PMGG_irq.cpp.obj
                0x0000000010003130                decltype (__miter_base(({parm#1}.base)())) std::__miter_base<std::_Deque_iterator<char, char&, char*> >(std::move_iterator<std::_Deque_iterator<char, char&, char*> >)
 .text._ZSt22__uninitialized_copy_aISt13move_iteratorISt15_Deque_iteratorIcRcPcEES4_cET0_T_S7_S6_RSaIT1_E
                0x0000000010003150      0x13e CMakeFiles/E2E.dir/GT_902PMGG_irq.cpp.obj
                0x0000000010003150                std::_Deque_iterator<char, char&, char*> std::__uninitialized_copy_a<std::move_iterator<std::_Deque_iterator<char, char&, char*> >, std::_Deque_iterator<char, char&, char*>, char>(std::move_iterator<std::_Deque_iterator<char, char&, char*> >, std::move_iterator<std::_Deque_iterator<char, char&, char*> >, std::_Deque_iterator<char, char&, char*>, std::allocator<char>&)
 *fill*         0x000000001000328e        0x2 
 .text._ZNSt5dequeIcSaIcEE13_M_insert_auxISt15_Deque_iteratorIcRKcPS4_EEEvS3_IcRcPcET_SB_j
                0x0000000010003290     0x11bc CMakeFiles/E2E.dir/GT_902PMGG_irq.cpp.obj
                0x0000000010003290                void std::deque<char, std::allocator<char> >::_M_insert_aux<std::_Deque_iterator<char, char const&, char const*> >(std::_Deque_iterator<char, char&, char*>, std::_Deque_iterator<char, char const&, char const*>, std::_Deque_iterator<char, char const&, char const*>, unsigned int)
 .text._ZNSt5dequeIcSaIcEE19_M_range_insert_auxISt15_Deque_iteratorIcRKcPS4_EEEvS3_IcRcPcET_SB_St20forward_iterator_tag
                0x000000001000444c      0x468 CMakeFiles/E2E.dir/GT_902PMGG_irq.cpp.obj
                0x000000001000444c                void std::deque<char, std::allocator<char> >::_M_range_insert_aux<std::_Deque_iterator<char, char const&, char const*> >(std::_Deque_iterator<char, char&, char*>, std::_Deque_iterator<char, char const&, char const*>, std::_Deque_iterator<char, char const&, char const*>, std::forward_iterator_tag)
 .text._ZNSt5dequeIcSaIcEEaSERKS1_
                0x00000000100048b4      0x2f8 CMakeFiles/E2E.dir/GT_902PMGG_irq.cpp.obj
                0x00000000100048b4                std::deque<char, std::allocator<char> >::operator=(std::deque<char, std::allocator<char> > const&)
 .text._ZN3GPS7measureEv
                0x0000000010004bac     0x25f0 CMakeFiles/E2E.dir/GT_902PMGG_irq.cpp.obj
                0x0000000010004bac                GPS::measure()
 .text._GLOBAL__sub_I__ZN3gps5recv0E
                0x000000001000719c       0x10 CMakeFiles/E2E.dir/GT_902PMGG_irq.cpp.obj
 .text._ZN6BME28015compensate_tempEl
                0x00000000100071ac       0x30 CMakeFiles/E2E.dir/BME280.cpp.obj
                0x00000000100071ac                BME280::compensate_temp(long)
 .text._ZN6BME28019compensate_pressureEl
                0x00000000100071dc       0xb4 CMakeFiles/E2E.dir/BME280.cpp.obj
                0x00000000100071dc                BME280::compensate_pressure(long)
 .text._ZN6BME28019compensate_humidityEl
                0x0000000010007290       0x88 CMakeFiles/E2E.dir/BME280.cpp.obj
                0x0000000010007290                BME280::compensate_humidity(long)
 .text._ZN6BME28014write_registerEhh
                0x0000000010007318       0x26 CMakeFiles/E2E.dir/BME280.cpp.obj
                0x0000000010007318                BME280::write_register(unsigned char, unsigned char)
 .text._ZN6BME28014read_registersEhPht
                0x000000001000733e       0x48 CMakeFiles/E2E.dir/BME280.cpp.obj
                0x000000001000733e                BME280::read_registers(unsigned char, unsigned char*, unsigned short)
 .text._ZN6BME28028read_compensation_parametersEv
                0x0000000010007386      0x126 CMakeFiles/E2E.dir/BME280.cpp.obj
                0x0000000010007386                BME280::read_compensation_parameters()
 .text._ZN6BME280C2EjjjjjNS_4MODEE
                0x00000000100074ac       0xf4 CMakeFiles/E2E.dir/BME280.cpp.obj
                0x00000000100074ac                BME280::BME280(unsigned int, unsigned int, unsigned int, unsigned int, unsigned int, BME280::MODE)
                0x00000000100074ac                BME280::BME280(unsigned int, unsigned int, unsigned int, unsigned int, unsigned int, BME280::MODE)
 .text._ZN6BME28015bme280_read_rawEPlS0_S0_
                0x00000000100075a0       0x52 CMakeFiles/E2E.dir/BME280.cpp.obj
                0x00000000100075a0                BME280::bme280_read_raw(long*, long*, long*)
 *fill*         0x00000000100075f2        0x2 
 .text._ZN6BME2807measureEv
                0x00000000100075f4      0x170 CMakeFiles/E2E.dir/BME280.cpp.obj
                0x00000000100075f4                BME280::measure()
 .text.gpio_set_function
                0x0000000010007764       0x30 CMakeFiles/E2E.dir/home/n17y17/pico/pico-sdk/src/rp2_common/hardware_gpio/gpio.c.obj
                0x0000000010007764                gpio_set_function
 .text.gpio_set_pulls
                0x0000000010007794       0x34 CMakeFiles/E2E.dir/home/n17y17/pico/pico-sdk/src/rp2_common/hardware_gpio/gpio.c.obj
                0x0000000010007794                gpio_set_pulls
 .text.gpio_init
                0x00000000100077c8       0x16 CMakeFiles/E2E.dir/home/n17y17/pico/pico-sdk/src/rp2_common/hardware_gpio/gpio.c.obj
                0x00000000100077c8                gpio_init
 *fill*         0x00000000100077de        0x2 
 .text.running_on_fpga
                0x00000000100077e0       0x14 CMakeFiles/E2E.dir/home/n17y17/pico/pico-sdk/src/rp2_common/pico_platform/platform.c.obj
                0x00000000100077e0                running_on_fpga
 .text.hw_claim_lock
                0x00000000100077f4       0x18 CMakeFiles/E2E.dir/home/n17y17/pico/pico-sdk/src/rp2_common/hardware_claim/claim.c.obj
                0x00000000100077f4                hw_claim_lock
 .text.hw_claim_unlock
                0x000000001000780c       0x14 CMakeFiles/E2E.dir/home/n17y17/pico/pico-sdk/src/rp2_common/hardware_claim/claim.c.obj
                0x000000001000780c                hw_claim_unlock
 .text.hw_claim_or_assert
                0x0000000010007820       0x32 CMakeFiles/E2E.dir/home/n17y17/pico/pico-sdk/src/rp2_common/hardware_claim/claim.c.obj
                0x0000000010007820                hw_claim_or_assert
 .text.hw_claim_unused_from_range
                0x0000000010007852       0x50 CMakeFiles/E2E.dir/home/n17y17/pico/pico-sdk/src/rp2_common/hardware_claim/claim.c.obj
                0x0000000010007852                hw_claim_unused_from_range
 *fill*         0x00000000100078a2        0x2 
 .text.spin_locks_reset
                0x00000000100078a4       0x20 CMakeFiles/E2E.dir/home/n17y17/pico/pico-sdk/src/rp2_common/hardware_sync/sync.c.obj
                0x00000000100078a4                spin_locks_reset
 .text.next_striped_spin_lock_num
                0x00000000100078c4       0x1c CMakeFiles/E2E.dir/home/n17y17/pico/pico-sdk/src/rp2_common/hardware_sync/sync.c.obj
                0x00000000100078c4                next_striped_spin_lock_num
 .text.spin_lock_claim_unused
                0x00000000100078e0       0x20 CMakeFiles/E2E.dir/home/n17y17/pico/pico-sdk/src/rp2_common/hardware_sync/sync.c.obj
                0x00000000100078e0                spin_lock_claim_unused
 .text.set_raw_irq_handler_and_unlock
                0x0000000010007900       0x28 CMakeFiles/E2E.dir/home/n17y17/pico/pico-sdk/src/rp2_common/hardware_irq/irq.c.obj
 .text.make_branch
                0x0000000010007928       0x48 CMakeFiles/E2E.dir/home/n17y17/pico/pico-sdk/src/rp2_common/hardware_irq/irq.c.obj
 .text.insert_branch_and_link
                0x0000000010007970       0x40 CMakeFiles/E2E.dir/home/n17y17/pico/pico-sdk/src/rp2_common/hardware_irq/irq.c.obj
 .text.irq_is_enabled
                0x00000000100079b0       0x18 CMakeFiles/E2E.dir/home/n17y17/pico/pico-sdk/src/rp2_common/hardware_irq/irq.c.obj
                0x00000000100079b0                irq_is_enabled
 .text.irq_set_mask_enabled
                0x00000000100079c8       0x20 CMakeFiles/E2E.dir/home/n17y17/pico/pico-sdk/src/rp2_common/hardware_irq/irq.c.obj
                0x00000000100079c8                irq_set_mask_enabled
 .text.irq_set_enabled
                0x00000000100079e8        0xe CMakeFiles/E2E.dir/home/n17y17/pico/pico-sdk/src/rp2_common/hardware_irq/irq.c.obj
                0x00000000100079e8                irq_set_enabled
 *fill*         0x00000000100079f6        0x2 
 .text.irq_set_pending
                0x00000000100079f8       0x10 CMakeFiles/E2E.dir/home/n17y17/pico/pico-sdk/src/rp2_common/hardware_irq/irq.c.obj
                0x00000000100079f8                irq_set_pending
 .text.irq_get_vtable_handler
                0x0000000010007a08       0x10 CMakeFiles/E2E.dir/home/n17y17/pico/pico-sdk/src/rp2_common/hardware_irq/irq.c.obj
                0x0000000010007a08                irq_get_vtable_handler
 .text.irq_has_shared_handler
                0x0000000010007a18       0x24 CMakeFiles/E2E.dir/home/n17y17/pico/pico-sdk/src/rp2_common/hardware_irq/irq.c.obj
                0x0000000010007a18                irq_has_shared_handler
 .text.irq_set_exclusive_handler
                0x0000000010007a3c       0x54 CMakeFiles/E2E.dir/home/n17y17/pico/pico-sdk/src/rp2_common/hardware_irq/irq.c.obj
                0x0000000010007a3c                irq_set_exclusive_handler
 .text.irq_add_shared_handler
                0x0000000010007a90      0x234 CMakeFiles/E2E.dir/home/n17y17/pico/pico-sdk/src/rp2_common/hardware_irq/irq.c.obj
                0x0000000010007a90                irq_add_shared_handler
 .text.irq_remove_handler
                0x0000000010007cc4      0x1ac CMakeFiles/E2E.dir/home/n17y17/pico/pico-sdk/src/rp2_common/hardware_irq/irq.c.obj
                0x0000000010007cc4                irq_remove_handler
 .text.irq_add_tail_to_free_list
                0x0000000010007e70       0xf0 CMakeFiles/E2E.dir/home/n17y17/pico/pico-sdk/src/rp2_common/hardware_irq/irq.c.obj
                0x0000000010007e70                irq_add_tail_to_free_list
 .text.irq_init_priorities
                0x0000000010007f60       0x1c CMakeFiles/E2E.dir/home/n17y17/pico/pico-sdk/src/rp2_common/hardware_irq/irq.c.obj
                0x0000000010007f60                irq_init_priorities
 .text.user_irq_claim_unused
                0x0000000010007f7c       0x28 CMakeFiles/E2E.dir/home/n17y17/pico/pico-sdk/src/rp2_common/hardware_irq/irq.c.obj
                0x0000000010007f7c                user_irq_claim_unused
 .text.lock_init
                0x0000000010007fa4       0x10 CMakeFiles/E2E.dir/home/n17y17/pico/pico-sdk/src/common/pico_sync/lock_core.c.obj
                0x0000000010007fa4                lock_init
 .text.mutex_init
                0x0000000010007fb4       0x1a CMakeFiles/E2E.dir/home/n17y17/pico/pico-sdk/src/common/pico_sync/mutex.c.obj
                0x0000000010007fb4                mutex_init
 .text.recursive_mutex_init
                0x0000000010007fce       0x1e CMakeFiles/E2E.dir/home/n17y17/pico/pico-sdk/src/common/pico_sync/mutex.c.obj
                0x0000000010007fce                recursive_mutex_init
 .text.critical_section_init_with_lock_num
                0x0000000010007fec       0x14 CMakeFiles/E2E.dir/home/n17y17/pico/pico-sdk/src/common/pico_sync/critical_section.c.obj
                0x0000000010007fec                critical_section_init_with_lock_num
 .text.critical_section_init
                0x0000000010008000       0x14 CMakeFiles/E2E.dir/home/n17y17/pico/pico-sdk/src/common/pico_sync/critical_section.c.obj
                0x0000000010008000                critical_section_init
 .text.alarm_pool_post_alloc_init
                0x0000000010008014       0x40 CMakeFiles/E2E.dir/home/n17y17/pico/pico-sdk/src/common/pico_time/time.c.obj
 .text.sleep_until_callback
                0x0000000010008054       0x30 CMakeFiles/E2E.dir/home/n17y17/pico/pico-sdk/src/common/pico_time/time.c.obj
 .text.timer_pool_entry_comparator
                0x0000000010008084       0x7c CMakeFiles/E2E.dir/home/n17y17/pico/pico-sdk/src/common/pico_time/time.c.obj
                0x0000000010008084                timer_pool_entry_comparator
 .text.ph_add_child_node
                0x0000000010008100       0xa4 CMakeFiles/E2E.dir/home/n17y17/pico/pico-sdk/src/common/pico_time/time.c.obj
 .text.ph_merge_nodes
                0x00000000100081a4       0x3e CMakeFiles/E2E.dir/home/n17y17/pico/pico-sdk/src/common/pico_time/time.c.obj
 *fill*         0x00000000100081e2        0x2 
 .text.add_alarm_under_lock
                0x00000000100081e4      0x174 CMakeFiles/E2E.dir/home/n17y17/pico/pico-sdk/src/common/pico_time/time.c.obj
 .text.alarm_pool_alarm_callback
                0x0000000010008358      0x33c CMakeFiles/E2E.dir/home/n17y17/pico/pico-sdk/src/common/pico_time/time.c.obj
 .text.alarm_pool_init_default
                0x0000000010008694       0x40 CMakeFiles/E2E.dir/home/n17y17/pico/pico-sdk/src/common/pico_time/time.c.obj
                0x0000000010008694                alarm_pool_init_default
 .text.alarm_pool_get_default
                0x00000000100086d4       0x2c CMakeFiles/E2E.dir/home/n17y17/pico/pico-sdk/src/common/pico_time/time.c.obj
                0x00000000100086d4                alarm_pool_get_default
 .text.alarm_pool_add_alarm_at
                0x0000000010008700      0x168 CMakeFiles/E2E.dir/home/n17y17/pico/pico-sdk/src/common/pico_time/time.c.obj
                0x0000000010008700                alarm_pool_add_alarm_at
 .text.alarm_pool_cancel_alarm
                0x0000000010008868       0xf8 CMakeFiles/E2E.dir/home/n17y17/pico/pico-sdk/src/common/pico_time/time.c.obj
                0x0000000010008868                alarm_pool_cancel_alarm
 .text.alarm_pool_core_num
                0x0000000010008960        0x4 CMakeFiles/E2E.dir/home/n17y17/pico/pico-sdk/src/common/pico_time/time.c.obj
                0x0000000010008960                alarm_pool_core_num
 .text.sleep_until
                0x0000000010008964       0xfc CMakeFiles/E2E.dir/home/n17y17/pico/pico-sdk/src/common/pico_time/time.c.obj
                0x0000000010008964                sleep_until
 .text.sleep_us
                0x0000000010008a60       0x58 CMakeFiles/E2E.dir/home/n17y17/pico/pico-sdk/src/common/pico_time/time.c.obj
                0x0000000010008a60                sleep_us
 .text.sleep_ms
                0x0000000010008ab8       0x14 CMakeFiles/E2E.dir/home/n17y17/pico/pico-sdk/src/common/pico_time/time.c.obj
                0x0000000010008ab8                sleep_ms
 .text.best_effort_wfe_or_timeout
                0x0000000010008acc       0xac CMakeFiles/E2E.dir/home/n17y17/pico/pico-sdk/src/common/pico_time/time.c.obj
                0x0000000010008acc                best_effort_wfe_or_timeout
 .text.hardware_alarm_irq_handler
                0x0000000010008b78       0x90 CMakeFiles/E2E.dir/home/n17y17/pico/pico-sdk/src/rp2_common/hardware_timer/timer.c.obj
 .text.hardware_alarm_claim
                0x0000000010008c08       0x18 CMakeFiles/E2E.dir/home/n17y17/pico/pico-sdk/src/rp2_common/hardware_timer/timer.c.obj
                0x0000000010008c08                hardware_alarm_claim
 .text.time_us_64
                0x0000000010008c20       0x18 CMakeFiles/E2E.dir/home/n17y17/pico/pico-sdk/src/rp2_common/hardware_timer/timer.c.obj
                0x0000000010008c20                time_us_64
 .text.busy_wait_until
                0x0000000010008c38       0x28 CMakeFiles/E2E.dir/home/n17y17/pico/pico-sdk/src/rp2_common/hardware_timer/timer.c.obj
                0x0000000010008c38                busy_wait_until
 .text.busy_wait_us
                0x0000000010008c60       0x48 CMakeFiles/E2E.dir/home/n17y17/pico/pico-sdk/src/rp2_common/hardware_timer/timer.c.obj
                0x0000000010008c60                busy_wait_us
 .text.hardware_alarm_set_callback
                0x0000000010008ca8       0x90 CMakeFiles/E2E.dir/home/n17y17/pico/pico-sdk/src/rp2_common/hardware_timer/timer.c.obj
                0x0000000010008ca8                hardware_alarm_set_callback
 .text.hardware_alarm_set_target
                0x0000000010008d38       0xe8 CMakeFiles/E2E.dir/home/n17y17/pico/pico-sdk/src/rp2_common/hardware_timer/timer.c.obj
                0x0000000010008d38                hardware_alarm_set_target
 .text.hardware_alarm_cancel
                0x0000000010008e20       0x40 CMakeFiles/E2E.dir/home/n17y17/pico/pico-sdk/src/rp2_common/hardware_timer/timer.c.obj
                0x0000000010008e20                hardware_alarm_cancel
 .text.ph_add_child_node
                0x0000000010008e60       0xa4 CMakeFiles/E2E.dir/home/n17y17/pico/pico-sdk/src/common/pico_util/pheap.c.obj
 .text.ph_merge_nodes
                0x0000000010008f04       0x3e CMakeFiles/E2E.dir/home/n17y17/pico/pico-sdk/src/common/pico_util/pheap.c.obj
 *fill*         0x0000000010008f42        0x2 
 .text.ph_clear
                0x0000000010008f44       0x70 CMakeFiles/E2E.dir/home/n17y17/pico/pico-sdk/src/common/pico_util/pheap.c.obj
                0x0000000010008f44                ph_clear
 .text.ph_post_alloc_init
                0x0000000010008fb4        0xe CMakeFiles/E2E.dir/home/n17y17/pico/pico-sdk/src/common/pico_util/pheap.c.obj
                0x0000000010008fb4                ph_post_alloc_init
 *fill*         0x0000000010008fc2        0x2 
 .text.ph_merge_two_pass
                0x0000000010008fc4       0xa8 CMakeFiles/E2E.dir/home/n17y17/pico/pico-sdk/src/common/pico_util/pheap.c.obj
                0x0000000010008fc4                ph_merge_two_pass
 .text.ph_remove_any_head
                0x000000001000906c      0x128 CMakeFiles/E2E.dir/home/n17y17/pico/pico-sdk/src/common/pico_util/pheap.c.obj
 .text.ph_remove_head
                0x0000000010009194       0x14 CMakeFiles/E2E.dir/home/n17y17/pico/pico-sdk/src/common/pico_util/pheap.c.obj
                0x0000000010009194                ph_remove_head
 .text.ph_remove_and_free_node
                0x00000000100091a8       0xf8 CMakeFiles/E2E.dir/home/n17y17/pico/pico-sdk/src/common/pico_util/pheap.c.obj
                0x00000000100091a8                ph_remove_and_free_node
 .text.uart_disable_before_lcr_write
                0x00000000100092a0       0x48 CMakeFiles/E2E.dir/home/n17y17/pico/pico-sdk/src/rp2_common/hardware_uart/uart.c.obj
 .text.uart_write_lcr_bits_masked
                0x00000000100092e8       0x22 CMakeFiles/E2E.dir/home/n17y17/pico/pico-sdk/src/rp2_common/hardware_uart/uart.c.obj
 *fill*         0x000000001000930a        0x2 
 .text.uart_set_baudrate
                0x000000001000930c       0x5c CMakeFiles/E2E.dir/home/n17y17/pico/pico-sdk/src/rp2_common/hardware_uart/uart.c.obj
                0x000000001000930c                uart_set_baudrate
 .text.uart_set_format
                0x0000000010009368       0x2c CMakeFiles/E2E.dir/home/n17y17/pico/pico-sdk/src/rp2_common/hardware_uart/uart.c.obj
                0x0000000010009368                uart_set_format
 .text.uart_set_translate_crlf
                0x0000000010009394       0x28 CMakeFiles/E2E.dir/home/n17y17/pico/pico-sdk/src/rp2_common/hardware_uart/uart.c.obj
                0x0000000010009394                uart_set_translate_crlf
 .text.uart_init
                0x00000000100093bc       0x80 CMakeFiles/E2E.dir/home/n17y17/pico/pico-sdk/src/rp2_common/hardware_uart/uart.c.obj
                0x00000000100093bc                uart_init
 .text.clock_configure
                0x000000001000943c      0x108 CMakeFiles/E2E.dir/home/n17y17/pico/pico-sdk/src/rp2_common/hardware_clocks/clocks.c.obj
                0x000000001000943c                clock_configure
 .text.clocks_init
                0x0000000010009544      0x100 CMakeFiles/E2E.dir/home/n17y17/pico/pico-sdk/src/rp2_common/hardware_clocks/clocks.c.obj
                0x0000000010009544                clocks_init
 .text.clock_get_hz
                0x0000000010009644        0xc CMakeFiles/E2E.dir/home/n17y17/pico/pico-sdk/src/rp2_common/hardware_clocks/clocks.c.obj
                0x0000000010009644                clock_get_hz
 .text.pll_init
                0x0000000010009650      0x120 CMakeFiles/E2E.dir/home/n17y17/pico/pico-sdk/src/rp2_common/hardware_pll/pll.c.obj
                0x0000000010009650                pll_init
 .text.watchdog_start_tick
                0x0000000010009770       0x10 CMakeFiles/E2E.dir/home/n17y17/pico/pico-sdk/src/rp2_common/hardware_watchdog/watchdog.c.obj
                0x0000000010009770                watchdog_start_tick
 .text.watchdog_update
                0x0000000010009780       0x14 CMakeFiles/E2E.dir/home/n17y17/pico/pico-sdk/src/rp2_common/hardware_watchdog/watchdog.c.obj
                0x0000000010009780                watchdog_update
 .text._watchdog_enable
                0x0000000010009794       0x78 CMakeFiles/E2E.dir/home/n17y17/pico/pico-sdk/src/rp2_common/hardware_watchdog/watchdog.c.obj
                0x0000000010009794                _watchdog_enable
 .text.watchdog_reboot
                0x000000001000980c       0x48 CMakeFiles/E2E.dir/home/n17y17/pico/pico-sdk/src/rp2_common/hardware_watchdog/watchdog.c.obj
                0x000000001000980c                watchdog_reboot
 .text.xosc_init
                0x0000000010009854       0x28 CMakeFiles/E2E.dir/home/n17y17/pico/pico-sdk/src/rp2_common/hardware_xosc/xosc.c.obj
                0x0000000010009854                xosc_init
 .text._exit    0x000000001000987c        0x4 CMakeFiles/E2E.dir/home/n17y17/pico/pico-sdk/src/rp2_common/pico_runtime/runtime.c.obj
                0x000000001000987c                _exit
 .text._sbrk    0x0000000010009880       0x38 CMakeFiles/E2E.dir/home/n17y17/pico/pico-sdk/src/rp2_common/pico_runtime/runtime.c.obj
                0x0000000010009880                _sbrk
 .text._getpid  0x00000000100098b8        0x4 CMakeFiles/E2E.dir/home/n17y17/pico/pico-sdk/src/rp2_common/pico_runtime/runtime.c.obj
                0x00000000100098b8                _getpid
 .text._kill    0x00000000100098bc        0x6 CMakeFiles/E2E.dir/home/n17y17/pico/pico-sdk/src/rp2_common/pico_runtime/runtime.c.obj
                0x00000000100098bc                _kill
 .text.exit     0x00000000100098c2        0x6 CMakeFiles/E2E.dir/home/n17y17/pico/pico-sdk/src/rp2_common/pico_runtime/runtime.c.obj
                0x00000000100098c2                exit
 .text.__assert_func
                0x00000000100098c8       0x3c CMakeFiles/E2E.dir/home/n17y17/pico/pico-sdk/src/rp2_common/pico_runtime/runtime.c.obj
                0x00000000100098c8                __assert_func
 .text.runtime_init
                0x0000000010009904       0xf8 CMakeFiles/E2E.dir/home/n17y17/pico/pico-sdk/src/rp2_common/pico_runtime/runtime.c.obj
                0x0000000010009904                runtime_init
 .text.panic    0x00000000100099fc       0x30 CMakeFiles/E2E.dir/home/n17y17/pico/pico-sdk/src/rp2_common/pico_runtime/runtime.c.obj
                0x00000000100099fc                panic
 .text._out_buffer
                0x0000000010009a2c        0x8 CMakeFiles/E2E.dir/home/n17y17/pico/pico-sdk/src/rp2_common/pico_printf/printf.c.obj
 .text._out_null
                0x0000000010009a34        0x2 CMakeFiles/E2E.dir/home/n17y17/pico/pico-sdk/src/rp2_common/pico_printf/printf.c.obj
 .text._out_fct
                0x0000000010009a36        0xe CMakeFiles/E2E.dir/home/n17y17/pico/pico-sdk/src/rp2_common/pico_printf/printf.c.obj
 .text._atoi    0x0000000010009a44       0x24 CMakeFiles/E2E.dir/home/n17y17/pico/pico-sdk/src/rp2_common/pico_printf/printf.c.obj
 .text._out_rev
                0x0000000010009a68       0xae CMakeFiles/E2E.dir/home/n17y17/pico/pico-sdk/src/rp2_common/pico_printf/printf.c.obj
 .text._ntoa_format
                0x0000000010009b16      0x112 CMakeFiles/E2E.dir/home/n17y17/pico/pico-sdk/src/rp2_common/pico_printf/printf.c.obj
 .text._ntoa_long
                0x0000000010009c28       0xbc CMakeFiles/E2E.dir/home/n17y17/pico/pico-sdk/src/rp2_common/pico_printf/printf.c.obj
 .text._ntoa_long_long
                0x0000000010009ce4       0xe2 CMakeFiles/E2E.dir/home/n17y17/pico/pico-sdk/src/rp2_common/pico_printf/printf.c.obj
 *fill*         0x0000000010009dc6        0x2 
 .text._etoa    0x0000000010009dc8      0x414 CMakeFiles/E2E.dir/home/n17y17/pico/pico-sdk/src/rp2_common/pico_printf/printf.c.obj
 .text._ftoa    0x000000001000a1dc      0x354 CMakeFiles/E2E.dir/home/n17y17/pico/pico-sdk/src/rp2_common/pico_printf/printf.c.obj
 .text._vsnprintf
                0x000000001000a530      0x624 CMakeFiles/E2E.dir/home/n17y17/pico/pico-sdk/src/rp2_common/pico_printf/printf.c.obj
 .text.__wrap_sprintf
                0x000000001000ab54       0x28 CMakeFiles/E2E.dir/home/n17y17/pico/pico-sdk/src/rp2_common/pico_printf/printf.c.obj
                0x000000001000ab54                __wrap_sprintf
 .text.vfctprintf
                0x000000001000ab7c       0x20 CMakeFiles/E2E.dir/home/n17y17/pico/pico-sdk/src/rp2_common/pico_printf/printf.c.obj
                0x000000001000ab7c                vfctprintf
 .text          0x000000001000ab9c       0x10 CMakeFiles/E2E.dir/home/n17y17/pico/pico-sdk/src/rp2_common/pico_bit_ops/bit_ops_aeabi.S.obj
 .text.rom_func_lookup
                0x000000001000abac       0x10 CMakeFiles/E2E.dir/home/n17y17/pico/pico-sdk/src/rp2_common/pico_bootrom/bootrom.c.obj
                0x000000001000abac                rom_func_lookup
 .text.rom_data_lookup
                0x000000001000abbc       0x10 CMakeFiles/E2E.dir/home/n17y17/pico/pico-sdk/src/rp2_common/pico_bootrom/bootrom.c.obj
                0x000000001000abbc                rom_data_lookup
 .text.rom_funcs_lookup
                0x000000001000abcc       0x36 CMakeFiles/E2E.dir/home/n17y17/pico/pico-sdk/src/rp2_common/pico_bootrom/bootrom.c.obj
                0x000000001000abcc                rom_funcs_lookup
 *fill*         0x000000001000ac02        0x2 
 .text.__wrap___aeabi_idiv
                0x000000001000ac04       0x50 CMakeFiles/E2E.dir/home/n17y17/pico/pico-sdk/src/rp2_common/pico_divider/divider.S.obj
                0x000000001000ac04                __wrap___aeabi_idivmod
                0x000000001000ac04                divmod_s32s32
                0x000000001000ac04                div_s32s32
                0x000000001000ac04                __wrap___aeabi_idiv
                0x000000001000ac0c                divmod_s32s32_unsafe
                0x000000001000ac38                divmod_s32s32_savestate
 .text.__wrap___aeabi_uidiv
                0x000000001000ac54       0x4c CMakeFiles/E2E.dir/home/n17y17/pico/pico-sdk/src/rp2_common/pico_divider/divider.S.obj
                0x000000001000ac54                __wrap___aeabi_uidiv
                0x000000001000ac54                __wrap___aeabi_uidivmod
                0x000000001000ac54                div_u32u32
                0x000000001000ac54                divmod_u32u32
                0x000000001000ac5c                divmod_u32u32_unsafe
                0x000000001000ac84                divmod_u32u32_savestate
 .text.__wrap___aeabi_ldiv
                0x000000001000aca0      0x424 CMakeFiles/E2E.dir/home/n17y17/pico/pico-sdk/src/rp2_common/pico_divider/divider.S.obj
                0x000000001000aca0                div_s64s64
                0x000000001000aca0                divmod_s64s64
                0x000000001000aca0                __wrap___aeabi_ldivmod
                0x000000001000acd0                div_u64u64
                0x000000001000acd0                divmod_u64u64
                0x000000001000acd0                __wrap___aeabi_uldivmod
                0x000000001000ace0                divmod_u64u64_savestate
                0x000000001000ad00                divmod_s64s64_unsafe
                0x000000001000ad88                divmod_u64u64_unsafe
 .text.push_r8_r11
                0x000000001000b0c4        0xc CMakeFiles/E2E.dir/home/n17y17/pico/pico-sdk/src/rp2_common/pico_double/double_aeabi.S.obj
                0x000000001000b0c4                push_r8_r11
 .text.pop_r8_r11
                0x000000001000b0d0        0xc CMakeFiles/E2E.dir/home/n17y17/pico/pico-sdk/src/rp2_common/pico_double/double_aeabi.S.obj
                0x000000001000b0d0                pop_r8_r11
 .text.__wrap___aeabi_darithmetic
                0x000000001000b0dc       0x80 CMakeFiles/E2E.dir/home/n17y17/pico/pico-sdk/src/rp2_common/pico_double/double_aeabi.S.obj
                0x000000001000b0dc                __wrap___aeabi_drsub
                0x000000001000b0e2                __wrap___aeabi_dsub
                0x000000001000b0f4                __wrap___aeabi_dadd
                0x000000001000b106                __wrap___aeabi_ddiv
                0x000000001000b142                __wrap___aeabi_dmul
 .text.__wrap___aeabi_cdcmple
                0x000000001000b15c       0x6c CMakeFiles/E2E.dir/home/n17y17/pico/pico-sdk/src/rp2_common/pico_double/double_aeabi.S.obj
                0x000000001000b15c                __wrap___aeabi_cdrcmple
                0x000000001000b16c                __wrap___aeabi_cdcmple
                0x000000001000b16c                __wrap___aeabi_cdcmpeq
 .text.__wrap___aeabi_dcmpeq
                0x000000001000b1c8       0x10 CMakeFiles/E2E.dir/home/n17y17/pico/pico-sdk/src/rp2_common/pico_double/double_aeabi.S.obj
                0x000000001000b1c8                __wrap___aeabi_dcmpeq
 .text.__wrap___aeabi_dcmplt
                0x000000001000b1d8        0xc CMakeFiles/E2E.dir/home/n17y17/pico/pico-sdk/src/rp2_common/pico_double/double_aeabi.S.obj
                0x000000001000b1d8                __wrap___aeabi_dcmplt
 .text.__wrap___aeabi_dcmple
                0x000000001000b1e4       0x10 CMakeFiles/E2E.dir/home/n17y17/pico/pico-sdk/src/rp2_common/pico_double/double_aeabi.S.obj
                0x000000001000b1e4                __wrap___aeabi_dcmple
 .text.__wrap___aeabi_dcmpge
                0x000000001000b1f4       0x10 CMakeFiles/E2E.dir/home/n17y17/pico/pico-sdk/src/rp2_common/pico_double/double_aeabi.S.obj
                0x000000001000b1f4                __wrap___aeabi_dcmpge
 .text.__wrap___aeabi_dcmpgt
                0x000000001000b204        0xa CMakeFiles/E2E.dir/home/n17y17/pico/pico-sdk/src/rp2_common/pico_double/double_aeabi.S.obj
                0x000000001000b204                __wrap___aeabi_dcmpgt
 .text.__wrap___aeabi_dcmpun
                0x000000001000b20e       0x1c CMakeFiles/E2E.dir/home/n17y17/pico/pico-sdk/src/rp2_common/pico_double/double_aeabi.S.obj
                0x000000001000b20e                __wrap___aeabi_dcmpun
 *fill*         0x000000001000b22a        0x2 
 .text.__wrap___aeabi_i2d
                0x000000001000b22c       0x38 CMakeFiles/E2E.dir/home/n17y17/pico/pico-sdk/src/rp2_common/pico_double/double_aeabi.S.obj
                0x000000001000b22c                __wrap___aeabi_ui2d
                0x000000001000b234                __wrap___aeabi_i2d
 .text.__wrap___aeabi_d2iz
                0x000000001000b264       0x48 CMakeFiles/E2E.dir/home/n17y17/pico/pico-sdk/src/rp2_common/pico_double/double_aeabi.S.obj
                0x000000001000b264                __wrap___aeabi_d2iz
                0x000000001000b264                double2int_z
 .text.__wrap___aeabi_d2uiz
                0x000000001000b2ac       0x18 CMakeFiles/E2E.dir/home/n17y17/pico/pico-sdk/src/rp2_common/pico_double/double_aeabi.S.obj
                0x000000001000b2ac                double2uint
                0x000000001000b2ac                __wrap___aeabi_d2uiz
 .text.fix642double
                0x000000001000b2c4       0x18 CMakeFiles/E2E.dir/home/n17y17/pico/pico-sdk/src/rp2_common/pico_double/double_aeabi.S.obj
                0x000000001000b2c4                fix642double
 .text.__wrap___aeabi_l2d
                0x000000001000b2dc       0x18 CMakeFiles/E2E.dir/home/n17y17/pico/pico-sdk/src/rp2_common/pico_double/double_aeabi.S.obj
                0x000000001000b2dc                __wrap___aeabi_l2d
 .text.__wrap___aeabi_d2lz
                0x000000001000b2f4       0x26 CMakeFiles/E2E.dir/home/n17y17/pico/pico-sdk/src/rp2_common/pico_double/double_aeabi.S.obj
                0x000000001000b2f4                __wrap___aeabi_d2lz
                0x000000001000b2f4                double2int64_z
 *fill*         0x000000001000b31a        0x2 
 .text.double2int64
                0x000000001000b31c       0x18 CMakeFiles/E2E.dir/home/n17y17/pico/pico-sdk/src/rp2_common/pico_double/double_aeabi.S.obj
                0x000000001000b31c                double2int64
 .text.double2ufix64
                0x000000001000b334       0x18 CMakeFiles/E2E.dir/home/n17y17/pico/pico-sdk/src/rp2_common/pico_double/double_aeabi.S.obj
                0x000000001000b334                double2ufix64
 .text.__wrap___aeabi_d2f
                0x000000001000b34c       0x18 CMakeFiles/E2E.dir/home/n17y17/pico/pico-sdk/src/rp2_common/pico_double/double_aeabi.S.obj
                0x000000001000b34c                __wrap___aeabi_d2f
 .text.__wrap_srqt
                0x000000001000b364       0x18 CMakeFiles/E2E.dir/home/n17y17/pico/pico-sdk/src/rp2_common/pico_double/double_aeabi.S.obj
                0x000000001000b364                __wrap_sqrt
 .text.__wrap_sincostan_remainder
                0x000000001000b37c       0x14 CMakeFiles/E2E.dir/home/n17y17/pico/pico-sdk/src/rp2_common/pico_double/double_aeabi.S.obj
                0x000000001000b37c                sincostan_remainder
 .text.__wrap_cos
                0x000000001000b390       0x2c CMakeFiles/E2E.dir/home/n17y17/pico/pico-sdk/src/rp2_common/pico_double/double_aeabi.S.obj
                0x000000001000b390                __wrap_cos
 .text.__wrap_sin
                0x000000001000b3bc       0x2c CMakeFiles/E2E.dir/home/n17y17/pico/pico-sdk/src/rp2_common/pico_double/double_aeabi.S.obj
                0x000000001000b3bc                __wrap_sin
 .text.__wrap_atan2
                0x000000001000b3e8       0x18 CMakeFiles/E2E.dir/home/n17y17/pico/pico-sdk/src/rp2_common/pico_double/double_aeabi.S.obj
                0x000000001000b3e8                __wrap_atan2
 .text.__wrap_exp
                0x000000001000b400       0x18 CMakeFiles/E2E.dir/home/n17y17/pico/pico-sdk/src/rp2_common/pico_double/double_aeabi.S.obj
                0x000000001000b400                __wrap_exp
 .text.__wrap_log
                0x000000001000b418       0x18 CMakeFiles/E2E.dir/home/n17y17/pico/pico-sdk/src/rp2_common/pico_double/double_aeabi.S.obj
                0x000000001000b418                __wrap_log
 .text.__aeabi_double_init
                0x000000001000b430       0xc8 CMakeFiles/E2E.dir/home/n17y17/pico/pico-sdk/src/rp2_common/pico_double/double_init_rom.c.obj
                0x000000001000b430                __aeabi_double_init
 .text.dpow_int2
                0x000000001000b4f8       0x2c CMakeFiles/E2E.dir/home/n17y17/pico/pico-sdk/src/rp2_common/pico_double/double_math.c.obj
 .text.drem_0   0x000000001000b524      0x130 CMakeFiles/E2E.dir/home/n17y17/pico/pico-sdk/src/rp2_common/pico_double/double_math.c.obj
 .text.dpow_1   0x000000001000b654      0x2a8 CMakeFiles/E2E.dir/home/n17y17/pico/pico-sdk/src/rp2_common/pico_double/double_math.c.obj
 .text.dpow_0   0x000000001000b8fc      0x1a0 CMakeFiles/E2E.dir/home/n17y17/pico/pico-sdk/src/rp2_common/pico_double/double_math.c.obj
 .text.__wrap_ldexp
                0x000000001000ba9c       0x50 CMakeFiles/E2E.dir/home/n17y17/pico/pico-sdk/src/rp2_common/pico_double/double_math.c.obj
                0x000000001000ba9c                __wrap_ldexp
 .text.__wrap_round
                0x000000001000baec       0x9c CMakeFiles/E2E.dir/home/n17y17/pico/pico-sdk/src/rp2_common/pico_double/double_math.c.obj
                0x000000001000baec                __wrap_round
 .text.__wrap_acos
                0x000000001000bb88       0x5c CMakeFiles/E2E.dir/home/n17y17/pico/pico-sdk/src/rp2_common/pico_double/double_math.c.obj
                0x000000001000bb88                __wrap_acos
 .text.__wrap_atan
                0x000000001000bbe4       0x40 CMakeFiles/E2E.dir/home/n17y17/pico/pico-sdk/src/rp2_common/pico_double/double_math.c.obj
                0x000000001000bbe4                __wrap_atan
 .text.__wrap_exp2
                0x000000001000bc24       0xcc CMakeFiles/E2E.dir/home/n17y17/pico/pico-sdk/src/rp2_common/pico_double/double_math.c.obj
                0x000000001000bc24                __wrap_exp2
 .text.__wrap_pow
                0x000000001000bcf0      0x37c CMakeFiles/E2E.dir/home/n17y17/pico/pico-sdk/src/rp2_common/pico_double/double_math.c.obj
                0x000000001000bcf0                __wrap_pow
 .text.__wrap_remquo
                0x000000001000c06c      0x17c CMakeFiles/E2E.dir/home/n17y17/pico/pico-sdk/src/rp2_common/pico_double/double_math.c.obj
                0x000000001000c06c                __wrap_remquo
 .text.__wrap_remainder
                0x000000001000c1e8       0x10 CMakeFiles/E2E.dir/home/n17y17/pico/pico-sdk/src/rp2_common/pico_double/double_math.c.obj
                0x000000001000c1e8                __wrap_remainder
 .text.double_table_shim_on_use_helper
                0x000000001000c1f8       0x34 CMakeFiles/E2E.dir/home/n17y17/pico/pico-sdk/src/rp2_common/pico_double/double_v1_rom_shim.S.obj
                0x000000001000c1f8                double_table_shim_on_use_helper
 .text.__wrap___aeabi_dsub
                0x000000001000c22c       0x10 CMakeFiles/E2E.dir/home/n17y17/pico/pico-sdk/src/rp2_common/pico_double/double_v1_rom_shim.S.obj
                0x000000001000c22c                drsub_shim
                0x000000001000c232                dsub_shim
 .text.dadd_shim
                0x000000001000c23c      0x15c CMakeFiles/E2E.dir/home/n17y17/pico/pico-sdk/src/rp2_common/pico_double/double_v1_rom_shim.S.obj
                0x000000001000c23c                dadd_shim
 .text.dmul_shim
                0x000000001000c398      0x15c CMakeFiles/E2E.dir/home/n17y17/pico/pico-sdk/src/rp2_common/pico_double/double_v1_rom_shim.S.obj
                0x000000001000c398                dmul_shim
 .text.ddiv_shim
                0x000000001000c4f4      0x1b0 CMakeFiles/E2E.dir/home/n17y17/pico/pico-sdk/src/rp2_common/pico_double/double_v1_rom_shim.S.obj
                0x000000001000c4f4                ddiv_shim
 .text.dsqrt_shim
                0x000000001000c6a4      0x1a8 CMakeFiles/E2E.dir/home/n17y17/pico/pico-sdk/src/rp2_common/pico_double/double_v1_rom_shim.S.obj
                0x000000001000c6c0                dsqrt_shim
 .text.dcordic_vec_step
                0x000000001000c84c        0xe CMakeFiles/E2E.dir/home/n17y17/pico/pico-sdk/src/rp2_common/pico_double/double_v1_rom_shim.S.obj
                0x000000001000c84c                dcordic_vec_step
 .text.dcordic_rot_step
                0x000000001000c85a       0x76 CMakeFiles/E2E.dir/home/n17y17/pico/pico-sdk/src/rp2_common/pico_double/double_v1_rom_shim.S.obj
                0x000000001000c85a                dcordic_rot_step
 .text.double2uint_shim
                0x000000001000c8d0        0xe CMakeFiles/E2E.dir/home/n17y17/pico/pico-sdk/src/rp2_common/pico_double/double_v1_rom_shim.S.obj
                0x000000001000c8d0                double2uint_shim
                0x000000001000c8d2                double2ufix_shim
 .text.double2int64_shim
                0x000000001000c8de       0x1a CMakeFiles/E2E.dir/home/n17y17/pico/pico-sdk/src/rp2_common/pico_double/double_v1_rom_shim.S.obj
                0x000000001000c8de                double2int64_shim
                0x000000001000c8e0                double2fix64_shim
 .text.double2uint64_shim
                0x000000001000c8f8       0x70 CMakeFiles/E2E.dir/home/n17y17/pico/pico-sdk/src/rp2_common/pico_double/double_v1_rom_shim.S.obj
                0x000000001000c8f8                double2uint64_shim
                0x000000001000c8fa                double2ufix64_shim
                0x000000001000c91a                d2fix_a
 .text.double2float_shim
                0x000000001000c968       0x5c CMakeFiles/E2E.dir/home/n17y17/pico/pico-sdk/src/rp2_common/pico_double/double_v1_rom_shim.S.obj
                0x000000001000c968                double2float_shim
 .text.x2double_shims
                0x000000001000c9c4       0x90 CMakeFiles/E2E.dir/home/n17y17/pico/pico-sdk/src/rp2_common/pico_double/double_v1_rom_shim.S.obj
                0x000000001000c9c4                uint2double_shim
                0x000000001000c9c6                ufix2double_shim
                0x000000001000c9cc                int2double_shim
                0x000000001000c9ce                fix2double_shim
                0x000000001000c9d4                uint642double_shim
                0x000000001000c9d6                ufix642double_shim
                0x000000001000c9dc                int642double_shim
                0x000000001000c9de                fix642double_shim
 .text.dunpacks
                0x000000001000ca54       0x3c CMakeFiles/E2E.dir/home/n17y17/pico/pico-sdk/src/rp2_common/pico_double/double_v1_rom_shim.S.obj
                0x000000001000ca54                dunpacks
 .text.dreduce  0x000000001000ca90       0x82 CMakeFiles/E2E.dir/home/n17y17/pico/pico-sdk/src/rp2_common/pico_double/double_v1_rom_shim.S.obj
                0x000000001000ca90                dreduce
 .text.dcos_shim
                0x000000001000cb12       0x10 CMakeFiles/E2E.dir/home/n17y17/pico/pico-sdk/src/rp2_common/pico_double/double_v1_rom_shim.S.obj
                0x000000001000cb12                dcos_shim
 .text.dsin_shim
                0x000000001000cb22       0x14 CMakeFiles/E2E.dir/home/n17y17/pico/pico-sdk/src/rp2_common/pico_double/double_v1_rom_shim.S.obj
                0x000000001000cb22                dsin_shim
 *fill*         0x000000001000cb36        0x2 
 .text.dtrig_guts
                0x000000001000cb38      0x2ec CMakeFiles/E2E.dir/home/n17y17/pico/pico-sdk/src/rp2_common/pico_double/double_v1_rom_shim.S.obj
                0x000000001000cc10                datan2_shim
 .text.dexp_guts
                0x000000001000ce24      0x268 CMakeFiles/E2E.dir/home/n17y17/pico/pico-sdk/src/rp2_common/pico_double/double_v1_rom_shim.S.obj
                0x000000001000ce24                dexp_shim
                0x000000001000cec0                dln_shim
 .text.__aeabi_lmul
                0x000000001000d08c       0x32 CMakeFiles/E2E.dir/home/n17y17/pico/pico-sdk/src/rp2_common/pico_int64_ops/pico_int64_ops_aeabi.S.obj
                0x000000001000d08c                __wrap___aeabi_lmul
 *fill*         0x000000001000d0be        0x2 
 .text.__wrap___aeabi_farithmetic
                0x000000001000d0c0       0x58 CMakeFiles/E2E.dir/home/n17y17/pico/pico-sdk/src/rp2_common/pico_float/float_aeabi.S.obj
                0x000000001000d0c0                __wrap___aeabi_frsub
                0x000000001000d0c6                __wrap___aeabi_fsub
                0x000000001000d0d0                __wrap___aeabi_fadd
                0x000000001000d0da                __wrap___aeabi_fdiv
                0x000000001000d106                __wrap___aeabi_fmul
 .text.__wrap___aeabi_cfcmple
                0x000000001000d118       0x50 CMakeFiles/E2E.dir/home/n17y17/pico/pico-sdk/src/rp2_common/pico_float/float_aeabi.S.obj
                0x000000001000d118                __wrap___aeabi_cfrcmple
                0x000000001000d124                __wrap___aeabi_cfcmpeq
                0x000000001000d124                __wrap___aeabi_cfcmple
 .text.__wrap___aeabi_fcmpeq
                0x000000001000d168       0x10 CMakeFiles/E2E.dir/home/n17y17/pico/pico-sdk/src/rp2_common/pico_float/float_aeabi.S.obj
                0x000000001000d168                __wrap___aeabi_fcmpeq
 .text.__wrap___aeabi_fcmplt
                0x000000001000d178        0xc CMakeFiles/E2E.dir/home/n17y17/pico/pico-sdk/src/rp2_common/pico_float/float_aeabi.S.obj
                0x000000001000d178                __wrap___aeabi_fcmplt
 .text.__wrap___aeabi_fcmple
                0x000000001000d184       0x10 CMakeFiles/E2E.dir/home/n17y17/pico/pico-sdk/src/rp2_common/pico_float/float_aeabi.S.obj
                0x000000001000d184                __wrap___aeabi_fcmple
 .text.__wrap___aeabi_fcmpge
                0x000000001000d194       0x10 CMakeFiles/E2E.dir/home/n17y17/pico/pico-sdk/src/rp2_common/pico_float/float_aeabi.S.obj
                0x000000001000d194                __wrap___aeabi_fcmpge
 .text.__wrap___aeabi_fcmpgt
                0x000000001000d1a4        0xa CMakeFiles/E2E.dir/home/n17y17/pico/pico-sdk/src/rp2_common/pico_float/float_aeabi.S.obj
                0x000000001000d1a4                __wrap___aeabi_fcmpgt
 .text.__wrap___aeabi_fcmpun
                0x000000001000d1ae       0x18 CMakeFiles/E2E.dir/home/n17y17/pico/pico-sdk/src/rp2_common/pico_float/float_aeabi.S.obj
                0x000000001000d1ae                __wrap___aeabi_fcmpun
 .text.__wrap___aeabi_f2iz
                0x000000001000d1c6       0x4e CMakeFiles/E2E.dir/home/n17y17/pico/pico-sdk/src/rp2_common/pico_float/float_aeabi.S.obj
                0x000000001000d1c6                __wrap___aeabi_f2iz
                0x000000001000d1c6                float2int_z
 .text.float2int
                0x000000001000d214       0x14 CMakeFiles/E2E.dir/home/n17y17/pico/pico-sdk/src/rp2_common/pico_float/float_aeabi.S.obj
                0x000000001000d214                float2int
 .text.__wrap___aeabi_f2uiz
                0x000000001000d228       0x10 CMakeFiles/E2E.dir/home/n17y17/pico/pico-sdk/src/rp2_common/pico_float/float_aeabi.S.obj
                0x000000001000d228                __wrap___aeabi_f2uiz
 .text.__wrap___aeabi_f2d
                0x000000001000d238       0x14 CMakeFiles/E2E.dir/home/n17y17/pico/pico-sdk/src/rp2_common/pico_float/float_aeabi.S.obj
                0x000000001000d238                __wrap___aeabi_f2d
 .text.__aeabi_float_init
                0x000000001000d24c       0xfc CMakeFiles/E2E.dir/home/n17y17/pico/pico-sdk/src/rp2_common/pico_float/float_init_rom.c.obj
                0x000000001000d24c                __aeabi_float_init
 .text.fpow_int2
                0x000000001000d348       0x26 CMakeFiles/E2E.dir/home/n17y17/pico/pico-sdk/src/rp2_common/pico_float/float_math.c.obj
 *fill*         0x000000001000d36e        0x2 
 .text.fpow_0   0x000000001000d370      0x140 CMakeFiles/E2E.dir/home/n17y17/pico/pico-sdk/src/rp2_common/pico_float/float_math.c.obj
 .text.__wrap_powf
                0x000000001000d4b0      0x20c CMakeFiles/E2E.dir/home/n17y17/pico/pico-sdk/src/rp2_common/pico_float/float_math.c.obj
                0x000000001000d4b0                __wrap_powf
 .text.float_table_shim_on_use_helper
                0x000000001000d6bc       0x34 CMakeFiles/E2E.dir/home/n17y17/pico/pico-sdk/src/rp2_common/pico_float/float_v1_rom_shim.S.obj
                0x000000001000d6bc                float_table_shim_on_use_helper
 .text.float232_shims
                0x000000001000d6f0       0x18 CMakeFiles/E2E.dir/home/n17y17/pico/pico-sdk/src/rp2_common/pico_float/float_v1_rom_shim.S.obj
                0x000000001000d6f0                float2int_shim
                0x000000001000d6f2                float2fix_shim
 .text.float2double_shim
                0x000000001000d708       0x30 CMakeFiles/E2E.dir/home/n17y17/pico/pico-sdk/src/rp2_common/pico_float/float_v1_rom_shim.S.obj
                0x000000001000d708                float2double_shim
 .text.__wrap_malloc
                0x000000001000d738       0x24 CMakeFiles/E2E.dir/home/n17y17/pico/pico-sdk/src/rp2_common/pico_malloc/pico_malloc.c.obj
                0x000000001000d738                __wrap_malloc
 .text.__wrap_free
                0x000000001000d75c        0x8 CMakeFiles/E2E.dir/home/n17y17/pico/pico-sdk/src/rp2_common/pico_malloc/pico_malloc.c.obj
                0x000000001000d75c                __wrap_free
 .text          0x000000001000d764       0x10 CMakeFiles/E2E.dir/home/n17y17/pico/pico-sdk/src/rp2_common/pico_mem_ops/mem_ops_aeabi.S.obj
                0x000000001000d764                __aeabi_mem_init
 .text.memset   0x000000001000d774        0xc CMakeFiles/E2E.dir/home/n17y17/pico/pico-sdk/src/rp2_common/pico_mem_ops/mem_ops_aeabi.S.obj
                0x000000001000d774                __wrap_memset
 .text.memcpy   0x000000001000d780        0xc CMakeFiles/E2E.dir/home/n17y17/pico/pico-sdk/src/rp2_common/pico_mem_ops/mem_ops_aeabi.S.obj
                0x000000001000d780                __wrap___aeabi_memcpy
                0x000000001000d780                __wrap_memcpy
 .text._Znwj    0x000000001000d78c        0x8 CMakeFiles/E2E.dir/home/n17y17/pico/pico-sdk/src/rp2_common/pico_standard_link/new_delete.cpp.obj
                0x000000001000d78c                operator new(unsigned int)
 .text._ZdlPv   0x000000001000d794        0x8 CMakeFiles/E2E.dir/home/n17y17/pico/pico-sdk/src/rp2_common/pico_standard_link/new_delete.cpp.obj
                0x000000001000d794                operator delete(void*)
 .text._ZdlPvj  0x000000001000d79c        0x8 CMakeFiles/E2E.dir/home/n17y17/pico/pico-sdk/src/rp2_common/pico_standard_link/new_delete.cpp.obj
                0x000000001000d79c                operator delete(void*, unsigned int)
 .text.stdio_out_chars_no_crlf
                0x000000001000d7a4        0xe CMakeFiles/E2E.dir/home/n17y17/pico/pico-sdk/src/rp2_common/pico_stdio/stdio.c.obj
 *fill*         0x000000001000d7b2        0x2 
 .text.stdio_out_chars_crlf
                0x000000001000d7b4       0x80 CMakeFiles/E2E.dir/home/n17y17/pico/pico-sdk/src/rp2_common/pico_stdio/stdio.c.obj
 .text.stdio_stack_buffer_flush
                0x000000001000d834       0x44 CMakeFiles/E2E.dir/home/n17y17/pico/pico-sdk/src/rp2_common/pico_stdio/stdio.c.obj
 .text.stdio_buffered_printer
                0x000000001000d878       0x20 CMakeFiles/E2E.dir/home/n17y17/pico/pico-sdk/src/rp2_common/pico_stdio/stdio.c.obj
 .text.stdout_serialize_begin
                0x000000001000d898       0x5c CMakeFiles/E2E.dir/home/n17y17/pico/pico-sdk/src/rp2_common/pico_stdio/stdio.c.obj
                0x000000001000d898                stdout_serialize_begin
 .text.stdout_serialize_end
                0x000000001000d8f4       0x10 CMakeFiles/E2E.dir/home/n17y17/pico/pico-sdk/src/rp2_common/pico_stdio/stdio.c.obj
                0x000000001000d8f4                stdout_serialize_end
 .text.stdio_put_string
                0x000000001000d904       0x98 CMakeFiles/E2E.dir/home/n17y17/pico/pico-sdk/src/rp2_common/pico_stdio/stdio.c.obj
 .text.stdio_set_driver_enabled
                0x000000001000d99c       0x2c CMakeFiles/E2E.dir/home/n17y17/pico/pico-sdk/src/rp2_common/pico_stdio/stdio.c.obj
                0x000000001000d99c                stdio_set_driver_enabled
 .text.stdio_flush
                0x000000001000d9c8       0x20 CMakeFiles/E2E.dir/home/n17y17/pico/pico-sdk/src/rp2_common/pico_stdio/stdio.c.obj
                0x000000001000d9c8                stdio_flush
 .text.__wrap_puts
                0x000000001000d9e8       0x1e CMakeFiles/E2E.dir/home/n17y17/pico/pico-sdk/src/rp2_common/pico_stdio/stdio.c.obj
                0x000000001000d9e8                __wrap_puts
 *fill*         0x000000001000da06        0x2 
 .text.__wrap_vprintf
                0x000000001000da08       0x40 CMakeFiles/E2E.dir/home/n17y17/pico/pico-sdk/src/rp2_common/pico_stdio/stdio.c.obj
                0x000000001000da08                __wrap_vprintf
 .text.__wrap_printf
                0x000000001000da48       0x18 CMakeFiles/E2E.dir/home/n17y17/pico/pico-sdk/src/rp2_common/pico_stdio/stdio.c.obj
                0x000000001000da48                __wrap_printf
 .text.stdio_init_all
                0x000000001000da60        0x8 CMakeFiles/E2E.dir/home/n17y17/pico/pico-sdk/src/rp2_common/pico_stdio/stdio.c.obj
                0x000000001000da60                stdio_init_all
 .text.resetd_init
                0x000000001000da68        0x2 CMakeFiles/E2E.dir/home/n17y17/pico/pico-sdk/src/rp2_common/pico_stdio_usb/reset_interface.c.obj
 *fill*         0x000000001000da6a        0x2 
 .text.resetd_reset
                0x000000001000da6c        0xc CMakeFiles/E2E.dir/home/n17y17/pico/pico-sdk/src/rp2_common/pico_stdio_usb/reset_interface.c.obj
 .text.resetd_open
                0x000000001000da78       0x34 CMakeFiles/E2E.dir/home/n17y17/pico/pico-sdk/src/rp2_common/pico_stdio_usb/reset_interface.c.obj
 .text.resetd_xfer_cb
                0x000000001000daac        0x4 CMakeFiles/E2E.dir/home/n17y17/pico/pico-sdk/src/rp2_common/pico_stdio_usb/reset_interface.c.obj
 .text.reset_usb_boot
                0x000000001000dab0       0x18 CMakeFiles/E2E.dir/home/n17y17/pico/pico-sdk/src/rp2_common/pico_stdio_usb/reset_interface.c.obj
 .text.resetd_control_xfer_cb
                0x000000001000dac8       0x5c CMakeFiles/E2E.dir/home/n17y17/pico/pico-sdk/src/rp2_common/pico_stdio_usb/reset_interface.c.obj
 .text.usbd_app_driver_get_cb
                0x000000001000db24        0xc CMakeFiles/E2E.dir/home/n17y17/pico/pico-sdk/src/rp2_common/pico_stdio_usb/reset_interface.c.obj
                0x000000001000db24                usbd_app_driver_get_cb
 .text.tud_cdc_line_coding_cb
                0x000000001000db30       0x28 CMakeFiles/E2E.dir/home/n17y17/pico/pico-sdk/src/rp2_common/pico_stdio_usb/reset_interface.c.obj
                0x000000001000db30                tud_cdc_line_coding_cb
 .text.stdio_usb_set_chars_available_callback
                0x000000001000db58       0x14 CMakeFiles/E2E.dir/home/n17y17/pico/pico-sdk/src/rp2_common/pico_stdio_usb/stdio_usb.c.obj
                0x000000001000db58                stdio_usb_set_chars_available_callback
 .text.usb_irq  0x000000001000db6c       0x10 CMakeFiles/E2E.dir/home/n17y17/pico/pico-sdk/src/rp2_common/pico_stdio_usb/stdio_usb.c.obj
 .text.timer_task
                0x000000001000db7c       0x5c CMakeFiles/E2E.dir/home/n17y17/pico/pico-sdk/src/rp2_common/pico_stdio_usb/stdio_usb.c.obj
 .text.low_priority_worker_irq
                0x000000001000dbd8       0xdc CMakeFiles/E2E.dir/home/n17y17/pico/pico-sdk/src/rp2_common/pico_stdio_usb/stdio_usb.c.obj
 .text.tud_cdc_rx_cb
                0x000000001000dcb4       0x20 CMakeFiles/E2E.dir/home/n17y17/pico/pico-sdk/src/rp2_common/pico_stdio_usb/stdio_usb.c.obj
                0x000000001000dcb4                tud_cdc_rx_cb
 .text.stdio_usb_init
                0x000000001000dcd4      0x11c CMakeFiles/E2E.dir/home/n17y17/pico/pico-sdk/src/rp2_common/pico_stdio_usb/stdio_usb.c.obj
                0x000000001000dcd4                stdio_usb_init
 .text.stdio_usb_connected
                0x000000001000ddf0        0xa CMakeFiles/E2E.dir/home/n17y17/pico/pico-sdk/src/rp2_common/pico_stdio_usb/stdio_usb.c.obj
                0x000000001000ddf0                stdio_usb_connected
 *fill*         0x000000001000ddfa        0x2 
 .text.stdio_usb_in_chars
                0x000000001000ddfc       0xc4 CMakeFiles/E2E.dir/home/n17y17/pico/pico-sdk/src/rp2_common/pico_stdio_usb/stdio_usb.c.obj
                0x000000001000ddfc                stdio_usb_in_chars
 .text.stdio_usb_out_chars
                0x000000001000dec0      0x114 CMakeFiles/E2E.dir/home/n17y17/pico/pico-sdk/src/rp2_common/pico_stdio_usb/stdio_usb.c.obj
 .text.tud_descriptor_device_cb
                0x000000001000dfd4        0x8 CMakeFiles/E2E.dir/home/n17y17/pico/pico-sdk/src/rp2_common/pico_stdio_usb/stdio_usb_descriptors.c.obj
                0x000000001000dfd4                tud_descriptor_device_cb
 .text.tud_descriptor_configuration_cb
                0x000000001000dfdc        0x8 CMakeFiles/E2E.dir/home/n17y17/pico/pico-sdk/src/rp2_common/pico_stdio_usb/stdio_usb_descriptors.c.obj
                0x000000001000dfdc                tud_descriptor_configuration_cb
 .text.tud_descriptor_string_cb
                0x000000001000dfe4       0x6c CMakeFiles/E2E.dir/home/n17y17/pico/pico-sdk/src/rp2_common/pico_stdio_usb/stdio_usb_descriptors.c.obj
                0x000000001000dfe4                tud_descriptor_string_cb
 .text._retrieve_unique_id_on_boot
                0x000000001000e050       0x10 CMakeFiles/E2E.dir/home/n17y17/pico/pico-sdk/src/rp2_common/pico_unique_id/unique_id.c.obj
 .text.pico_get_unique_board_id_string
                0x000000001000e060       0x60 CMakeFiles/E2E.dir/home/n17y17/pico/pico-sdk/src/rp2_common/pico_unique_id/unique_id.c.obj
                0x000000001000e060                pico_get_unique_board_id_string
 .text.flash_get_unique_id
                0x000000001000e0c0       0x46 CMakeFiles/E2E.dir/home/n17y17/pico/pico-sdk/src/rp2_common/hardware_flash/flash.c.obj
                0x000000001000e0c0                flash_get_unique_id
 *fill*         0x000000001000e106        0x2 
 .text.hw_endpoint_get_by_addr
                0x000000001000e108       0x18 CMakeFiles/E2E.dir/home/n17y17/pico/pico-sdk/lib/tinyusb/src/portable/raspberrypi/rp2040/dcd_rp2040.c.obj
 .text._hw_endpoint_alloc
                0x000000001000e120       0x70 CMakeFiles/E2E.dir/home/n17y17/pico/pico-sdk/lib/tinyusb/src/portable/raspberrypi/rp2040/dcd_rp2040.c.obj
 .text.hw_endpoint_init
                0x000000001000e190       0x88 CMakeFiles/E2E.dir/home/n17y17/pico/pico-sdk/lib/tinyusb/src/portable/raspberrypi/rp2040/dcd_rp2040.c.obj
 .text.hw_endpoint_xfer
                0x000000001000e218       0x14 CMakeFiles/E2E.dir/home/n17y17/pico/pico-sdk/lib/tinyusb/src/portable/raspberrypi/rp2040/dcd_rp2040.c.obj
 .text.dcd_int_enable
                0x000000001000e22c       0x2c CMakeFiles/E2E.dir/home/n17y17/pico/pico-sdk/lib/tinyusb/src/portable/raspberrypi/rp2040/dcd_rp2040.c.obj
                0x000000001000e22c                dcd_int_enable
 .text.dcd_set_address
                0x000000001000e258       0x2c CMakeFiles/E2E.dir/home/n17y17/pico/pico-sdk/lib/tinyusb/src/portable/raspberrypi/rp2040/dcd_rp2040.c.obj
                0x000000001000e258                dcd_set_address
 .text.dcd_connect
                0x000000001000e284       0x10 CMakeFiles/E2E.dir/home/n17y17/pico/pico-sdk/lib/tinyusb/src/portable/raspberrypi/rp2040/dcd_rp2040.c.obj
                0x000000001000e284                dcd_connect
 .text.dcd_init
                0x000000001000e294       0x80 CMakeFiles/E2E.dir/home/n17y17/pico/pico-sdk/lib/tinyusb/src/portable/raspberrypi/rp2040/dcd_rp2040.c.obj
                0x000000001000e294                dcd_init
 .text.dcd_edpt0_status_complete
                0x000000001000e314       0x1c CMakeFiles/E2E.dir/home/n17y17/pico/pico-sdk/lib/tinyusb/src/portable/raspberrypi/rp2040/dcd_rp2040.c.obj
                0x000000001000e314                dcd_edpt0_status_complete
 .text.dcd_edpt_open
                0x000000001000e330       0x40 CMakeFiles/E2E.dir/home/n17y17/pico/pico-sdk/lib/tinyusb/src/portable/raspberrypi/rp2040/dcd_rp2040.c.obj
                0x000000001000e330                dcd_edpt_open
 .text.dcd_edpt_close_all
                0x000000001000e370        0x8 CMakeFiles/E2E.dir/home/n17y17/pico/pico-sdk/lib/tinyusb/src/portable/raspberrypi/rp2040/dcd_rp2040.c.obj
                0x000000001000e370                dcd_edpt_close_all
 .text.dcd_edpt_xfer
                0x000000001000e378       0x34 CMakeFiles/E2E.dir/home/n17y17/pico/pico-sdk/lib/tinyusb/src/portable/raspberrypi/rp2040/dcd_rp2040.c.obj
                0x000000001000e378                dcd_edpt_xfer
 .text.dcd_edpt_stall
                0x000000001000e3ac       0x2c CMakeFiles/E2E.dir/home/n17y17/pico/pico-sdk/lib/tinyusb/src/portable/raspberrypi/rp2040/dcd_rp2040.c.obj
                0x000000001000e3ac                dcd_edpt_stall
 .text.dcd_edpt_clear_stall
                0x000000001000e3d8       0x20 CMakeFiles/E2E.dir/home/n17y17/pico/pico-sdk/lib/tinyusb/src/portable/raspberrypi/rp2040/dcd_rp2040.c.obj
                0x000000001000e3d8                dcd_edpt_clear_stall
 .text.rp2040_usb_init
                0x000000001000e3f8       0x4c CMakeFiles/E2E.dir/home/n17y17/pico/pico-sdk/lib/tinyusb/src/portable/raspberrypi/rp2040/rp2040_usb.c.obj
                0x000000001000e3f8                rp2040_usb_init
 .text.hw_endpoint_xfer_start
                0x000000001000e444       0x50 CMakeFiles/E2E.dir/home/n17y17/pico/pico-sdk/lib/tinyusb/src/portable/raspberrypi/rp2040/rp2040_usb.c.obj
                0x000000001000e444                hw_endpoint_xfer_start
 .text.configuration_reset
                0x000000001000e494       0x84 CMakeFiles/E2E.dir/home/n17y17/pico/pico-sdk/lib/tinyusb/src/device/usbd.c.obj
 .text.usbd_reset
                0x000000001000e518        0xc CMakeFiles/E2E.dir/home/n17y17/pico/pico-sdk/lib/tinyusb/src/device/usbd.c.obj
 .text.invoke_class_control
                0x000000001000e524       0x1a CMakeFiles/E2E.dir/home/n17y17/pico/pico-sdk/lib/tinyusb/src/device/usbd.c.obj
 *fill*         0x000000001000e53e        0x2 
 .text.process_set_config
                0x000000001000e540      0x178 CMakeFiles/E2E.dir/home/n17y17/pico/pico-sdk/lib/tinyusb/src/device/usbd.c.obj
 .text.process_get_descriptor
                0x000000001000e6b8       0xdc CMakeFiles/E2E.dir/home/n17y17/pico/pico-sdk/lib/tinyusb/src/device/usbd.c.obj
 .text.tud_mounted
                0x000000001000e794       0x10 CMakeFiles/E2E.dir/home/n17y17/pico/pico-sdk/lib/tinyusb/src/device/usbd.c.obj
                0x000000001000e794                tud_mounted
 .text.tud_suspended
                0x000000001000e7a4       0x10 CMakeFiles/E2E.dir/home/n17y17/pico/pico-sdk/lib/tinyusb/src/device/usbd.c.obj
                0x000000001000e7a4                tud_suspended
 .text.tud_inited
                0x000000001000e7b4       0x14 CMakeFiles/E2E.dir/home/n17y17/pico/pico-sdk/lib/tinyusb/src/device/usbd.c.obj
                0x000000001000e7b4                tud_inited
 .text.tud_init
                0x000000001000e7c8       0xcc CMakeFiles/E2E.dir/home/n17y17/pico/pico-sdk/lib/tinyusb/src/device/usbd.c.obj
                0x000000001000e7c8                tud_init
 .text.usbd_defer_func
                0x000000001000e894       0x2a CMakeFiles/E2E.dir/home/n17y17/pico/pico-sdk/lib/tinyusb/src/device/usbd.c.obj
                0x000000001000e894                usbd_defer_func
 *fill*         0x000000001000e8be        0x2 
 .text.usbd_edpt_open
                0x000000001000e8c0       0x34 CMakeFiles/E2E.dir/home/n17y17/pico/pico-sdk/lib/tinyusb/src/device/usbd.c.obj
                0x000000001000e8c0                usbd_edpt_open
 .text.usbd_open_edpt_pair
                0x000000001000e8f4       0x62 CMakeFiles/E2E.dir/home/n17y17/pico/pico-sdk/lib/tinyusb/src/device/usbd.c.obj
                0x000000001000e8f4                usbd_open_edpt_pair
 *fill*         0x000000001000e956        0x2 
 .text.usbd_edpt_claim
                0x000000001000e958       0x28 CMakeFiles/E2E.dir/home/n17y17/pico/pico-sdk/lib/tinyusb/src/device/usbd.c.obj
                0x000000001000e958                usbd_edpt_claim
 .text.usbd_edpt_release
                0x000000001000e980       0x28 CMakeFiles/E2E.dir/home/n17y17/pico/pico-sdk/lib/tinyusb/src/device/usbd.c.obj
                0x000000001000e980                usbd_edpt_release
 .text.usbd_edpt_xfer
                0x000000001000e9a8       0x78 CMakeFiles/E2E.dir/home/n17y17/pico/pico-sdk/lib/tinyusb/src/device/usbd.c.obj
                0x000000001000e9a8                usbd_edpt_xfer
 .text.usbd_edpt_stall
                0x000000001000ea20       0x48 CMakeFiles/E2E.dir/home/n17y17/pico/pico-sdk/lib/tinyusb/src/device/usbd.c.obj
                0x000000001000ea20                usbd_edpt_stall
 .text.usbd_edpt_clear_stall
                0x000000001000ea68       0x48 CMakeFiles/E2E.dir/home/n17y17/pico/pico-sdk/lib/tinyusb/src/device/usbd.c.obj
                0x000000001000ea68                usbd_edpt_clear_stall
 .text.usbd_edpt_stalled
                0x000000001000eab0       0x1c CMakeFiles/E2E.dir/home/n17y17/pico/pico-sdk/lib/tinyusb/src/device/usbd.c.obj
                0x000000001000eab0                usbd_edpt_stalled
 .text.process_control_request
                0x000000001000eacc      0x37c CMakeFiles/E2E.dir/home/n17y17/pico/pico-sdk/lib/tinyusb/src/device/usbd.c.obj
 .text.tud_task_ext
                0x000000001000ee48      0x1b8 CMakeFiles/E2E.dir/home/n17y17/pico/pico-sdk/lib/tinyusb/src/device/usbd.c.obj
                0x000000001000ee48                tud_task_ext
 .text._data_stage_xact
                0x000000001000f000       0x58 CMakeFiles/E2E.dir/home/n17y17/pico/pico-sdk/lib/tinyusb/src/device/usbd_control.c.obj
 .text.tud_control_status
                0x000000001000f058       0x38 CMakeFiles/E2E.dir/home/n17y17/pico/pico-sdk/lib/tinyusb/src/device/usbd_control.c.obj
                0x000000001000f058                tud_control_status
 .text.tud_control_xfer
                0x000000001000f090       0x74 CMakeFiles/E2E.dir/home/n17y17/pico/pico-sdk/lib/tinyusb/src/device/usbd_control.c.obj
                0x000000001000f090                tud_control_xfer
 .text.usbd_control_reset
                0x000000001000f104       0x14 CMakeFiles/E2E.dir/home/n17y17/pico/pico-sdk/lib/tinyusb/src/device/usbd_control.c.obj
                0x000000001000f104                usbd_control_reset
 .text.usbd_control_set_complete_callback
                0x000000001000f118        0xc CMakeFiles/E2E.dir/home/n17y17/pico/pico-sdk/lib/tinyusb/src/device/usbd_control.c.obj
                0x000000001000f118                usbd_control_set_complete_callback
 .text.usbd_control_set_request
                0x000000001000f124       0x1c CMakeFiles/E2E.dir/home/n17y17/pico/pico-sdk/lib/tinyusb/src/device/usbd_control.c.obj
                0x000000001000f124                usbd_control_set_request
 .text.usbd_control_xfer_cb
                0x000000001000f140       0xcc CMakeFiles/E2E.dir/home/n17y17/pico/pico-sdk/lib/tinyusb/src/device/usbd_control.c.obj
                0x000000001000f140                usbd_control_xfer_cb
 .text._prep_out_transaction
                0x000000001000f20c       0x4a CMakeFiles/E2E.dir/home/n17y17/pico/pico-sdk/lib/tinyusb/src/class/cdc/cdc_device.c.obj
 *fill*         0x000000001000f256        0x2 
 .text.tud_cdc_n_connected
                0x000000001000f258       0x44 CMakeFiles/E2E.dir/home/n17y17/pico/pico-sdk/lib/tinyusb/src/class/cdc/cdc_device.c.obj
                0x000000001000f258                tud_cdc_n_connected
 .text.tud_cdc_n_available
                0x000000001000f29c       0x18 CMakeFiles/E2E.dir/home/n17y17/pico/pico-sdk/lib/tinyusb/src/class/cdc/cdc_device.c.obj
                0x000000001000f29c                tud_cdc_n_available
 .text.tud_cdc_n_read
                0x000000001000f2b4       0x28 CMakeFiles/E2E.dir/home/n17y17/pico/pico-sdk/lib/tinyusb/src/class/cdc/cdc_device.c.obj
                0x000000001000f2b4                tud_cdc_n_read
 .text.tud_cdc_n_write_flush
                0x000000001000f2dc       0xb8 CMakeFiles/E2E.dir/home/n17y17/pico/pico-sdk/lib/tinyusb/src/class/cdc/cdc_device.c.obj
                0x000000001000f2dc                tud_cdc_n_write_flush
 .text.tud_cdc_n_write
                0x000000001000f394       0x38 CMakeFiles/E2E.dir/home/n17y17/pico/pico-sdk/lib/tinyusb/src/class/cdc/cdc_device.c.obj
                0x000000001000f394                tud_cdc_n_write
 .text.tud_cdc_n_write_available
                0x000000001000f3cc       0x1c CMakeFiles/E2E.dir/home/n17y17/pico/pico-sdk/lib/tinyusb/src/class/cdc/cdc_device.c.obj
                0x000000001000f3cc                tud_cdc_n_write_available
 .text.cdcd_init
                0x000000001000f3e8       0xbc CMakeFiles/E2E.dir/home/n17y17/pico/pico-sdk/lib/tinyusb/src/class/cdc/cdc_device.c.obj
                0x000000001000f3e8                cdcd_init
 .text.cdcd_reset
                0x000000001000f4a4       0x44 CMakeFiles/E2E.dir/home/n17y17/pico/pico-sdk/lib/tinyusb/src/class/cdc/cdc_device.c.obj
                0x000000001000f4a4                cdcd_reset
 .text.cdcd_open
                0x000000001000f4e8       0xcc CMakeFiles/E2E.dir/home/n17y17/pico/pico-sdk/lib/tinyusb/src/class/cdc/cdc_device.c.obj
                0x000000001000f4e8                cdcd_open
 .text.cdcd_control_xfer_cb
                0x000000001000f5b4      0x134 CMakeFiles/E2E.dir/home/n17y17/pico/pico-sdk/lib/tinyusb/src/class/cdc/cdc_device.c.obj
                0x000000001000f5b4                cdcd_control_xfer_cb
 .text.cdcd_xfer_cb
                0x000000001000f6e8      0x130 CMakeFiles/E2E.dir/home/n17y17/pico/pico-sdk/lib/tinyusb/src/class/cdc/cdc_device.c.obj
                0x000000001000f6e8                cdcd_xfer_cb
 .text.tusb_init
                0x000000001000f818        0xa CMakeFiles/E2E.dir/home/n17y17/pico/pico-sdk/lib/tinyusb/src/tusb.c.obj
                0x000000001000f818                tusb_init
 .text.tusb_inited
                0x000000001000f822        0xe CMakeFiles/E2E.dir/home/n17y17/pico/pico-sdk/lib/tinyusb/src/tusb.c.obj
                0x000000001000f822                tusb_inited
 .text.tu_edpt_claim
                0x000000001000f830       0x50 CMakeFiles/E2E.dir/home/n17y17/pico/pico-sdk/lib/tinyusb/src/tusb.c.obj
                0x000000001000f830                tu_edpt_claim
 .text.tu_edpt_release
                0x000000001000f880       0x3c CMakeFiles/E2E.dir/home/n17y17/pico/pico-sdk/lib/tinyusb/src/tusb.c.obj
                0x000000001000f880                tu_edpt_release
 .text.tu_edpt_validate