Archive member included to satisfy reference by file (symbol)

/usr/lib/gcc/arm-none-eabi/10.3.1/thumb/v6-m/nofp/libgcc.a(_dvmd_tls.o)
                              CMakeFiles/drop_test.dir/home/n17y17/pico/pico-sdk/src/rp2_common/pico_divider/divider.S.obj (__aeabi_idiv0)
/usr/lib/gcc/arm-none-eabi/10.3.1/../../../arm-none-eabi/lib/thumb/v6-m/nofp/libg.a(lib_a-atexit.o)
                              /usr/lib/gcc/arm-none-eabi/10.3.1/../../../arm-none-eabi/lib/thumb/v6-m/nofp/crt0.o (atexit)
/usr/lib/gcc/arm-none-eabi/10.3.1/../../../arm-none-eabi/lib/thumb/v6-m/nofp/libg.a(lib_a-calloc.o)
                              CMakeFiles/drop_test.dir/home/n17y17/pico/pico-sdk/src/rp2_common/pico_malloc/pico_malloc.c.obj (calloc)
/usr/lib/gcc/arm-none-eabi/10.3.1/../../../arm-none-eabi/lib/thumb/v6-m/nofp/libg.a(lib_a-callocr.o)
                              /usr/lib/gcc/arm-none-eabi/10.3.1/../../../arm-none-eabi/lib/thumb/v6-m/nofp/libg.a(lib_a-calloc.o) (_calloc_r)
/usr/lib/gcc/arm-none-eabi/10.3.1/../../../arm-none-eabi/lib/thumb/v6-m/nofp/libg.a(lib_a-errno.o)
                              CMakeFiles/drop_test.dir/FatFs_SPI/src/ff_stdio.c.obj (__errno)
/usr/lib/gcc/arm-none-eabi/10.3.1/../../../arm-none-eabi/lib/thumb/v6-m/nofp/libg.a(lib_a-fflush.o)
                              CMakeFiles/drop_test.dir/FatFs_SPI/sd_driver/demo_logging.c.obj (fflush)
/usr/lib/gcc/arm-none-eabi/10.3.1/../../../arm-none-eabi/lib/thumb/v6-m/nofp/libg.a(lib_a-findfp.o)
                              /usr/lib/gcc/arm-none-eabi/10.3.1/../../../arm-none-eabi/lib/thumb/v6-m/nofp/libg.a(lib_a-fflush.o) (__sinit)
/usr/lib/gcc/arm-none-eabi/10.3.1/../../../arm-none-eabi/lib/thumb/v6-m/nofp/libg.a(lib_a-fini.o)
                              /usr/lib/gcc/arm-none-eabi/10.3.1/../../../arm-none-eabi/lib/thumb/v6-m/nofp/crt0.o (__libc_fini_array)
/usr/lib/gcc/arm-none-eabi/10.3.1/../../../arm-none-eabi/lib/thumb/v6-m/nofp/libg.a(lib_a-freer.o)
                              /usr/lib/gcc/arm-none-eabi/10.3.1/../../../arm-none-eabi/lib/thumb/v6-m/nofp/libg.a(lib_a-fflush.o) (_free_r)
/usr/lib/gcc/arm-none-eabi/10.3.1/../../../arm-none-eabi/lib/thumb/v6-m/nofp/libg.a(lib_a-fwalk.o)
                              /usr/lib/gcc/arm-none-eabi/10.3.1/../../../arm-none-eabi/lib/thumb/v6-m/nofp/libg.a(lib_a-findfp.o) (_fwalk)
/usr/lib/gcc/arm-none-eabi/10.3.1/../../../arm-none-eabi/lib/thumb/v6-m/nofp/libg.a(lib_a-impure.o)
                              /usr/lib/gcc/arm-none-eabi/10.3.1/../../../arm-none-eabi/lib/thumb/v6-m/nofp/libg.a(lib_a-fflush.o) (_global_impure_ptr)
/usr/lib/gcc/arm-none-eabi/10.3.1/../../../arm-none-eabi/lib/thumb/v6-m/nofp/libg.a(lib_a-init.o)
                              /usr/lib/gcc/arm-none-eabi/10.3.1/../../../arm-none-eabi/lib/thumb/v6-m/nofp/crt0.o (__libc_init_array)
/usr/lib/gcc/arm-none-eabi/10.3.1/../../../arm-none-eabi/lib/thumb/v6-m/nofp/libg.a(lib_a-malloc.o)
                              CMakeFiles/drop_test.dir/home/n17y17/pico/pico-sdk/src/rp2_common/pico_malloc/pico_malloc.c.obj (malloc)
/usr/lib/gcc/arm-none-eabi/10.3.1/../../../arm-none-eabi/lib/thumb/v6-m/nofp/libg.a(lib_a-mallocr.o)
                              /usr/lib/gcc/arm-none-eabi/10.3.1/../../../arm-none-eabi/lib/thumb/v6-m/nofp/libg.a(lib_a-callocr.o) (_malloc_r)
/usr/lib/gcc/arm-none-eabi/10.3.1/../../../arm-none-eabi/lib/thumb/v6-m/nofp/libg.a(lib_a-memcmp.o)
                              CMakeFiles/drop_test.dir/FatFs_SPI/ff15/source/ff.c.obj (memcmp)
/usr/lib/gcc/arm-none-eabi/10.3.1/../../../arm-none-eabi/lib/thumb/v6-m/nofp/libg.a(lib_a-mktime.o)
                              CMakeFiles/drop_test.dir/FatFs_SPI/src/rtc.c.obj (mktime)
/usr/lib/gcc/arm-none-eabi/10.3.1/../../../arm-none-eabi/lib/thumb/v6-m/nofp/libg.a(lib_a-mlock.o)
                              /usr/lib/gcc/arm-none-eabi/10.3.1/../../../arm-none-eabi/lib/thumb/v6-m/nofp/libg.a(lib_a-freer.o) (__malloc_lock)
/usr/lib/gcc/arm-none-eabi/10.3.1/../../../arm-none-eabi/lib/thumb/v6-m/nofp/libg.a(lib_a-realloc.o)
                              CMakeFiles/drop_test.dir/home/n17y17/pico/pico-sdk/src/rp2_common/pico_malloc/pico_malloc.c.obj (realloc)
/usr/lib/gcc/arm-none-eabi/10.3.1/../../../arm-none-eabi/lib/thumb/v6-m/nofp/libg.a(lib_a-reallocr.o)
                              /usr/lib/gcc/arm-none-eabi/10.3.1/../../../arm-none-eabi/lib/thumb/v6-m/nofp/libg.a(lib_a-realloc.o) (_realloc_r)
/usr/lib/gcc/arm-none-eabi/10.3.1/../../../arm-none-eabi/lib/thumb/v6-m/nofp/libg.a(lib_a-sbrkr.o)
                              /usr/lib/gcc/arm-none-eabi/10.3.1/../../../arm-none-eabi/lib/thumb/v6-m/nofp/libg.a(lib_a-freer.o) (_sbrk_r)
/usr/lib/gcc/arm-none-eabi/10.3.1/../../../arm-none-eabi/lib/thumb/v6-m/nofp/libg.a(lib_a-stdio.o)
                              /usr/lib/gcc/arm-none-eabi/10.3.1/../../../arm-none-eabi/lib/thumb/v6-m/nofp/libg.a(lib_a-findfp.o) (__sread)
/usr/lib/gcc/arm-none-eabi/10.3.1/../../../arm-none-eabi/lib/thumb/v6-m/nofp/libg.a(lib_a-strchr.o)
[...]
Memory Configuration

Name             Origin             Length             Attributes
FLASH            0x0000000010000000 0x0000000000200000 xr
RAM              0x0000000020000000 0x0000000000040000 xrw
SCRATCH_X        0x0000000020040000 0x0000000000001000 xrw
SCRATCH_Y        0x0000000020041000 0x0000000000001000 xrw
*default*        0x0000000000000000 0xffffffffffffffff

Linker script and memory map

LOAD /usr/lib/gcc/arm-none-eabi/10.3.1/thumb/v6-m/nofp/crti.o
LOAD /usr/lib/gcc/arm-none-eabi/10.3.1/thumb/v6-m/nofp/crtbegin.o
LOAD /usr/lib/gcc/arm-none-eabi/10.3.1/../../../arm-none-eabi/lib/thumb/v6-m/nofp/crt0.o

.flash_begin    0x0000000010000000        0x0
                0x0000000010000000                __flash_binary_start = .

.boot2          0x0000000010000000      0x100
                0x0000000010000000                __boot2_start__ = .
 *(.boot2)
 .boot2         0x0000000010000000      0x100 /tmp/ccXtP4rC.o
                0x0000000010000100                __boot2_end__ = .
                0x0000000000000001                ASSERT (((__boot2_end__ - __boot2_start__) == 0x100), ERROR: Pico second stage bootloader must be 256 bytes in size)

.text           0x0000000010000100     0xe8b0
                0x0000000010000100                __logical_binary_start = .
 *(.vectors)
 .vectors       0x0000000010000100       0xd4 CMakeFiles/drop_test.dir/home/n17y17/pico/pico-sdk/src/rp2_common/pico_standard_link/crt0.S.obj
                0x0000000010000100                __vectors
                0x0000000010000100                __VECTOR_TABLE
                0x00000000100001c0                isr_invalid
                0x00000000100001c0                __default_isrs_start
                0x00000000100001c2                isr_nmi
                0x00000000100001c4                isr_hardfault
                0x00000000100001c6                isr_svcall
                0x00000000100001c8                isr_pendsv
                0x00000000100001ca                isr_systick
                0x00000000100001cc                isr_irq30
                0x00000000100001cc                __unhandled_user_irq
                0x00000000100001cc                isr_irq13
                0x00000000100001cc                isr_irq27
                0x00000000100001cc                isr_irq31
                0x00000000100001cc                isr_irq5
                0x00000000100001cc                isr_irq11
                0x00000000100001cc                isr_irq23
                0x00000000100001cc                isr_irq18
                0x00000000100001cc                isr_irq28
                0x00000000100001cc                isr_irq19
                0x00000000100001cc                isr_irq0
                0x00000000100001cc                isr_irq6
                0x00000000100001cc                isr_irq22
                0x00000000100001cc                isr_irq17
                0x00000000100001cc                isr_irq14
                0x00000000100001cc                isr_irq2
                0x00000000100001cc                isr_irq10
                0x00000000100001cc                isr_irq8
                0x00000000100001cc                isr_irq24
                0x00000000100001cc                isr_irq1
                0x00000000100001cc                isr_irq7
                0x00000000100001cc                isr_irq21
                0x00000000100001cc                isr_irq20
                0x00000000100001cc                isr_irq15
                0x00000000100001cc                isr_irq25
                0x00000000100001cc                isr_irq4
                0x00000000100001cc                isr_irq16
                0x00000000100001cc                isr_irq29
                0x00000000100001cc                isr_irq26
                0x00000000100001cc                __default_isrs_end
                0x00000000100001cc                isr_irq3
                0x00000000100001cc                isr_irq12
                0x00000000100001cc                isr_irq9
                0x00000000100001d2                unhandled_user_irq_num_in_r0
 *(.binary_info_header)
 .binary_info_header
                0x00000000100001d4       0x14 CMakeFiles/drop_test.dir/home/n17y17/pico/pico-sdk/src/rp2_common/pico_standard_link/crt0.S.obj
                0x00000000100001e8                __binary_info_header_end = .
 *(.reset)
 .reset         0x00000000100001e8       0xa0 CMakeFiles/drop_test.dir/home/n17y17/pico/pico-sdk/src/rp2_common/pico_standard_link/crt0.S.obj
                0x00000000100001e8                _entry_point
 .reset         0x0000000010000288       0x30 CMakeFiles/drop_test.dir/home/n17y17/pico/pico-sdk/src/rp2_common/pico_standard_link/binary_info.c.obj
 *(.init)
 .init          0x00000000100002b8        0x4 /usr/lib/gcc/arm-none-eabi/10.3.1/thumb/v6-m/nofp/crti.o
                0x00000000100002b8                _init
 *(EXCLUDE_FILE(*libm.a: *libc.a:*lib_a-mem*.o *libgcc.a:) .text*)
 .text          0x00000000100002bc       0x98 /usr/lib/gcc/arm-none-eabi/10.3.1/thumb/v6-m/nofp/crtbegin.o
 .text._Z5writePKc
                0x0000000010000354       0xbc CMakeFiles/drop_test.dir/drop_test.cpp.obj
                0x0000000010000354                write(char const*)
 .text._Z10accel_initv
                0x0000000010000410      0x104 CMakeFiles/drop_test.dir/drop_test.cpp.obj
                0x0000000010000410                accel_init()
 .text.main     0x0000000010000514       0xd4 CMakeFiles/drop_test.dir/drop_test.cpp.obj
                0x0000000010000514                main
 .text._ZN6BME28010set_originEfff
                0x00000000100005e8        0x8 CMakeFiles/drop_test.dir/bme280.cpp.obj
                0x00000000100005e8                BME280::set_origin(float, float, float)
 .text._ZN6BME28015compensate_tempEl
                0x00000000100005f0       0x30 CMakeFiles/drop_test.dir/bme280.cpp.obj
                0x00000000100005f0                BME280::compensate_temp(long)
 .text._ZN6BME28019compensate_pressureEl
                0x0000000010000620       0xb4 CMakeFiles/drop_test.dir/bme280.cpp.obj
                0x0000000010000620                BME280::compensate_pressure(long)
 .text._ZN6BME28019compensate_humidityEl
                0x00000000100006d4       0x88 CMakeFiles/drop_test.dir/bme280.cpp.obj
                0x00000000100006d4                BME280::compensate_humidity(long)
 .text._ZN6BME28014write_registerEhh
                0x000000001000075c       0x26 CMakeFiles/drop_test.dir/bme280.cpp.obj
                0x000000001000075c                BME280::write_register(unsigned char, unsigned char)
 .text._ZN6BME28014read_registersEhPht
                0x0000000010000782       0x48 CMakeFiles/drop_test.dir/bme280.cpp.obj
                0x0000000010000782                BME280::read_registers(unsigned char, unsigned char*, unsigned short)
 .text._ZN6BME28028read_compensation_parametersEv
                0x00000000100007ca      0x126 CMakeFiles/drop_test.dir/bme280.cpp.obj
                0x00000000100007ca                BME280::read_compensation_parameters()
 .text._ZN6BME280C2EjjjjjNS_4MODEE
                0x00000000100008f0       0xf4 CMakeFiles/drop_test.dir/bme280.cpp.obj
                0x00000000100008f0                BME280::BME280(unsigned int, unsigned int, unsigned int, unsigned int, unsigned int, BME280::MODE)
                0x00000000100008f0                BME280::BME280(unsigned int, unsigned int, unsigned int, unsigned int, unsigned int, BME280::MODE)
 .text._ZN6BME28015bme280_read_rawEPlS0_S0_
                0x00000000100009e4       0x52 CMakeFiles/drop_test.dir/bme280.cpp.obj
                0x00000000100009e4                BME280::bme280_read_raw(long*, long*, long*)
 *fill*         0x0000000010000a36        0x2 
 .text._ZN6BME2807measureEv
                0x0000000010000a38      0x170 CMakeFiles/drop_test.dir/bme280.cpp.obj
                0x0000000010000a38                BME280::measure()
 .text.sd_get_num
                0x0000000010000ba8        0x4 CMakeFiles/drop_test.dir/hw_config.c.obj
                0x0000000010000ba8                sd_get_num
 .text.sd_get_by_num
                0x0000000010000bac       0x20 CMakeFiles/drop_test.dir/hw_config.c.obj
                0x0000000010000bac                sd_get_by_num
 .text.spi_get_num
                0x0000000010000bcc        0x4 CMakeFiles/drop_test.dir/hw_config.c.obj
                0x0000000010000bcc                spi_get_num
 .text.spi_get_by_num
                0x0000000010000bd0       0x1c CMakeFiles/drop_test.dir/hw_config.c.obj
                0x0000000010000bd0                spi_get_by_num
 .text.gpio_set_function
                0x0000000010000bec       0x30 CMakeFiles/drop_test.dir/home/n17y17/pico/pico-sdk/src/rp2_common/hardware_gpio/gpio.c.obj
                0x0000000010000bec                gpio_set_function
 .text.gpio_set_pulls
                0x0000000010000c1c       0x34 CMakeFiles/drop_test.dir/home/n17y17/pico/pico-sdk/src/rp2_common/hardware_gpio/gpio.c.obj
                0x0000000010000c1c                gpio_set_pulls
 .text.gpio_set_drive_strength
                0x0000000010000c50       0x20 CMakeFiles/drop_test.dir/home/n17y17/pico/pico-sdk/src/rp2_common/hardware_gpio/gpio.c.obj
                0x0000000010000c50                gpio_set_drive_strength
 .text.gpio_init
                0x0000000010000c70       0x16 CMakeFiles/drop_test.dir/home/n17y17/pico/pico-sdk/src/rp2_common/hardware_gpio/gpio.c.obj
                0x0000000010000c70                gpio_init
 *fill*         0x0000000010000c86        0x2 
 .text.running_on_fpga
                0x0000000010000c88       0x14 CMakeFiles/drop_test.dir/home/n17y17/pico/pico-sdk/src/rp2_common/pico_platform/platform.c.obj
                0x0000000010000c88                running_on_fpga
 .text.hw_claim_lock
                0x0000000010000c9c       0x18 CMakeFiles/drop_test.dir/home/n17y17/pico/pico-sdk/src/rp2_common/hardware_claim/claim.c.obj
                0x0000000010000c9c                hw_claim_lock
 .text.hw_claim_unlock
                0x0000000010000cb4       0x14 CMakeFiles/drop_test.dir/home/n17y17/pico/pico-sdk/src/rp2_common/hardware_claim/claim.c.obj
                0x0000000010000cb4                hw_claim_unlock
 .text.hw_claim_or_assert
                0x0000000010000cc8       0x32 CMakeFiles/drop_test.dir/home/n17y17/pico/pico-sdk/src/rp2_common/hardware_claim/claim.c.obj
                0x0000000010000cc8                hw_claim_or_assert
 .text.hw_claim_unused_from_range
                0x0000000010000cfa       0x50 CMakeFiles/drop_test.dir/home/n17y17/pico/pico-sdk/src/rp2_common/hardware_claim/claim.c.obj
                0x0000000010000cfa                hw_claim_unused_from_range
 *fill*         0x0000000010000d4a        0x2 
 .text.spin_locks_reset
                0x0000000010000d4c       0x20 CMakeFiles/drop_test.dir/home/n17y17/pico/pico-sdk/src/rp2_common/hardware_sync/sync.c.obj
                0x0000000010000d4c                spin_locks_reset
 .text.next_striped_spin_lock_num
                0x0000000010000d6c       0x1c CMakeFiles/drop_test.dir/home/n17y17/pico/pico-sdk/src/rp2_common/hardware_sync/sync.c.obj
                0x0000000010000d6c                next_striped_spin_lock_num
 .text.spin_lock_claim_unused
                0x0000000010000d88       0x20 CMakeFiles/drop_test.dir/home/n17y17/pico/pico-sdk/src/rp2_common/hardware_sync/sync.c.obj
                0x0000000010000d88                spin_lock_claim_unused
 .text.set_raw_irq_handler_and_unlock
                0x0000000010000da8       0x28 CMakeFiles/drop_test.dir/home/n17y17/pico/pico-sdk/src/rp2_common/hardware_irq/irq.c.obj
 .text.make_branch
                0x0000000010000dd0       0x48 CMakeFiles/drop_test.dir/home/n17y17/pico/pico-sdk/src/rp2_common/hardware_irq/irq.c.obj
 .text.insert_branch_and_link
                0x0000000010000e18       0x40 CMakeFiles/drop_test.dir/home/n17y17/pico/pico-sdk/src/rp2_common/hardware_irq/irq.c.obj
 .text.irq_is_enabled
                0x0000000010000e58       0x18 CMakeFiles/drop_test.dir/home/n17y17/pico/pico-sdk/src/rp2_common/hardware_irq/irq.c.obj
                0x0000000010000e58                irq_is_enabled
 .text.irq_set_mask_enabled
                0x0000000010000e70       0x20 CMakeFiles/drop_test.dir/home/n17y17/pico/pico-sdk/src/rp2_common/hardware_irq/irq.c.obj
                0x0000000010000e70                irq_set_mask_enabled
 .text.irq_set_enabled
                0x0000000010000e90        0xe CMakeFiles/drop_test.dir/home/n17y17/pico/pico-sdk/src/rp2_common/hardware_irq/irq.c.obj
                0x0000000010000e90                irq_set_enabled
 *fill*         0x0000000010000e9e        0x2 
 .text.irq_set_pending
                0x0000000010000ea0       0x10 CMakeFiles/drop_test.dir/home/n17y17/pico/pico-sdk/src/rp2_common/hardware_irq/irq.c.obj
                0x0000000010000ea0                irq_set_pending
 .text.irq_get_vtable_handler
                0x0000000010000eb0       0x10 CMakeFiles/drop_test.dir/home/n17y17/pico/pico-sdk/src/rp2_common/hardware_irq/irq.c.obj
                0x0000000010000eb0                irq_get_vtable_handler
 .text.irq_has_shared_handler
                0x0000000010000ec0       0x24 CMakeFiles/drop_test.dir/home/n17y17/pico/pico-sdk/src/rp2_common/hardware_irq/irq.c.obj
                0x0000000010000ec0                irq_has_shared_handler
 .text.irq_set_exclusive_handler
                0x0000000010000ee4       0x54 CMakeFiles/drop_test.dir/home/n17y17/pico/pico-sdk/src/rp2_common/hardware_irq/irq.c.obj
                0x0000000010000ee4                irq_set_exclusive_handler
 .text.irq_add_shared_handler
                0x0000000010000f38      0x234 CMakeFiles/drop_test.dir/home/n17y17/pico/pico-sdk/src/rp2_common/hardware_irq/irq.c.obj
                0x0000000010000f38                irq_add_shared_handler
 .text.irq_remove_handler
                0x000000001000116c      0x1ac CMakeFiles/drop_test.dir/home/n17y17/pico/pico-sdk/src/rp2_common/hardware_irq/irq.c.obj
                0x000000001000116c                irq_remove_handler
 .text.irq_add_tail_to_free_list
                0x0000000010001318       0xf0 CMakeFiles/drop_test.dir/home/n17y17/pico/pico-sdk/src/rp2_common/hardware_irq/irq.c.obj
                0x0000000010001318                irq_add_tail_to_free_list
 .text.irq_init_priorities
                0x0000000010001408       0x1c CMakeFiles/drop_test.dir/home/n17y17/pico/pico-sdk/src/rp2_common/hardware_irq/irq.c.obj
                0x0000000010001408                irq_init_priorities
 .text.user_irq_claim_unused
                0x0000000010001424       0x28 CMakeFiles/drop_test.dir/home/n17y17/pico/pico-sdk/src/rp2_common/hardware_irq/irq.c.obj
                0x0000000010001424                user_irq_claim_unused
 .text.sem_init
                0x000000001000144c       0x1e CMakeFiles/drop_test.dir/home/n17y17/pico/pico-sdk/src/common/pico_sync/sem.c.obj
                0x000000001000144c                sem_init
 *fill*         0x000000001000146a        0x2 
 .text.lock_init
                0x000000001000146c       0x10 CMakeFiles/drop_test.dir/home/n17y17/pico/pico-sdk/src/common/pico_sync/lock_core.c.obj
                0x000000001000146c                lock_init
 .text.mutex_init
                0x000000001000147c       0x1a CMakeFiles/drop_test.dir/home/n17y17/pico/pico-sdk/src/common/pico_sync/mutex.c.obj
                0x000000001000147c                mutex_init
 .text.recursive_mutex_init
                0x0000000010001496       0x1e CMakeFiles/drop_test.dir/home/n17y17/pico/pico-sdk/src/common/pico_sync/mutex.c.obj
                0x0000000010001496                recursive_mutex_init
 .text.critical_section_init_with_lock_num
                0x00000000100014b4       0x14 CMakeFiles/drop_test.dir/home/n17y17/pico/pico-sdk/src/common/pico_sync/critical_section.c.obj
                0x00000000100014b4                critical_section_init_with_lock_num
 .text.critical_section_init
                0x00000000100014c8       0x14 CMakeFiles/drop_test.dir/home/n17y17/pico/pico-sdk/src/common/pico_sync/critical_section.c.obj
                0x00000000100014c8                critical_section_init
 .text.alarm_pool_post_alloc_init
                0x00000000100014dc       0x40 CMakeFiles/drop_test.dir/home/n17y17/pico/pico-sdk/src/common/pico_time/time.c.obj
 .text.sleep_until_callback
                0x000000001000151c       0x30 CMakeFiles/drop_test.dir/home/n17y17/pico/pico-sdk/src/common/pico_time/time.c.obj
 .text.timer_pool_entry_comparator
                0x000000001000154c       0x7c CMakeFiles/drop_test.dir/home/n17y17/pico/pico-sdk/src/common/pico_time/time.c.obj
                0x000000001000154c                timer_pool_entry_comparator
 .text.ph_add_child_node
                0x00000000100015c8       0xa4 CMakeFiles/drop_test.dir/home/n17y17/pico/pico-sdk/src/common/pico_time/time.c.obj
 .text.ph_merge_nodes
                0x000000001000166c       0x3e CMakeFiles/drop_test.dir/home/n17y17/pico/pico-sdk/src/common/pico_time/time.c.obj
 *fill*         0x00000000100016aa        0x2 
 .text.add_alarm_under_lock
                0x00000000100016ac      0x174 CMakeFiles/drop_test.dir/home/n17y17/pico/pico-sdk/src/common/pico_time/time.c.obj
 .text.alarm_pool_alarm_callback
                0x0000000010001820      0x33c CMakeFiles/drop_test.dir/home/n17y17/pico/pico-sdk/src/common/pico_time/time.c.obj
 .text.alarm_pool_init_default
                0x0000000010001b5c       0x40 CMakeFiles/drop_test.dir/home/n17y17/pico/pico-sdk/src/common/pico_time/time.c.obj
                0x0000000010001b5c                alarm_pool_init_default
 .text.alarm_pool_get_default
                0x0000000010001b9c       0x2c CMakeFiles/drop_test.dir/home/n17y17/pico/pico-sdk/src/common/pico_time/time.c.obj
                0x0000000010001b9c                alarm_pool_get_default
 .text.alarm_pool_add_alarm_at
                0x0000000010001bc8      0x168 CMakeFiles/drop_test.dir/home/n17y17/pico/pico-sdk/src/common/pico_time/time.c.obj
                0x0000000010001bc8                alarm_pool_add_alarm_at
 .text.alarm_pool_cancel_alarm
                0x0000000010001d30       0xf8 CMakeFiles/drop_test.dir/home/n17y17/pico/pico-sdk/src/common/pico_time/time.c.obj
                0x0000000010001d30                alarm_pool_cancel_alarm
 .text.alarm_pool_core_num
                0x0000000010001e28        0x4 CMakeFiles/drop_test.dir/home/n17y17/pico/pico-sdk/src/common/pico_time/time.c.obj
                0x0000000010001e28                alarm_pool_core_num
 .text.sleep_until
                0x0000000010001e2c       0xfc CMakeFiles/drop_test.dir/home/n17y17/pico/pico-sdk/src/common/pico_time/time.c.obj
                0x0000000010001e2c                sleep_until
 .text.sleep_us
                0x0000000010001f28       0x58 CMakeFiles/drop_test.dir/home/n17y17/pico/pico-sdk/src/common/pico_time/time.c.obj
                0x0000000010001f28                sleep_us
 .text.sleep_ms
                0x0000000010001f80       0x14 CMakeFiles/drop_test.dir/home/n17y17/pico/pico-sdk/src/common/pico_time/time.c.obj
                0x0000000010001f80                sleep_ms
 .text.best_effort_wfe_or_timeout
                0x0000000010001f94       0xac CMakeFiles/drop_test.dir/home/n17y17/pico/pico-sdk/src/common/pico_time/time.c.obj
                0x0000000010001f94                best_effort_wfe_or_timeout
 .text.hardware_alarm_irq_handler
                0x0000000010002040       0x90 CMakeFiles/drop_test.dir/home/n17y17/pico/pico-sdk/src/rp2_common/hardware_timer/timer.c.obj
 .text.hardware_alarm_claim
                0x00000000100020d0       0x18 CMakeFiles/drop_test.dir/home/n17y17/pico/pico-sdk/src/rp2_common/hardware_timer/timer.c.obj
                0x00000000100020d0                hardware_alarm_claim
 .text.time_us_64
                0x00000000100020e8       0x18 CMakeFiles/drop_test.dir/home/n17y17/pico/pico-sdk/src/rp2_common/hardware_timer/timer.c.obj
                0x00000000100020e8                time_us_64
 .text.busy_wait_until
                0x0000000010002100       0x28 CMakeFiles/drop_test.dir/home/n17y17/pico/pico-sdk/src/rp2_common/hardware_timer/timer.c.obj
                0x0000000010002100                busy_wait_until
 .text.busy_wait_us
                0x0000000010002128       0x48 CMakeFiles/drop_test.dir/home/n17y17/pico/pico-sdk/src/rp2_common/hardware_timer/timer.c.obj
                0x0000000010002128                busy_wait_us
 .text.hardware_alarm_set_callback
                0x0000000010002170       0x90 CMakeFiles/drop_test.dir/home/n17y17/pico/pico-sdk/src/rp2_common/hardware_timer/timer.c.obj
                0x0000000010002170                hardware_alarm_set_callback
 .text.hardware_alarm_set_target
                0x0000000010002200       0xe8 CMakeFiles/drop_test.dir/home/n17y17/pico/pico-sdk/src/rp2_common/hardware_timer/timer.c.obj
                0x0000000010002200                hardware_alarm_set_target
 .text.hardware_alarm_cancel
                0x00000000100022e8       0x40 CMakeFiles/drop_test.dir/home/n17y17/pico/pico-sdk/src/rp2_common/hardware_timer/timer.c.obj
                0x00000000100022e8                hardware_alarm_cancel
 .text.ph_add_child_node
                0x0000000010002328       0xa4 CMakeFiles/drop_test.dir/home/n17y17/pico/pico-sdk/src/common/pico_util/pheap.c.obj
 .text.ph_merge_nodes
                0x00000000100023cc       0x3e CMakeFiles/drop_test.dir/home/n17y17/pico/pico-sdk/src/common/pico_util/pheap.c.obj
 *fill*         0x000000001000240a        0x2 
 .text.ph_clear
                0x000000001000240c       0x70 CMakeFiles/drop_test.dir/home/n17y17/pico/pico-sdk/src/common/pico_util/pheap.c.obj
                0x000000001000240c                ph_clear
 .text.ph_post_alloc_init
                0x000000001000247c        0xe CMakeFiles/drop_test.dir/home/n17y17/pico/pico-sdk/src/common/pico_util/pheap.c.obj
                0x000000001000247c                ph_post_alloc_init
 *fill*         0x000000001000248a        0x2 
 .text.ph_merge_two_pass
                0x000000001000248c       0xa8 CMakeFiles/drop_test.dir/home/n17y17/pico/pico-sdk/src/common/pico_util/pheap.c.obj
                0x000000001000248c                ph_merge_two_pass
 .text.ph_remove_any_head
                0x0000000010002534      0x128 CMakeFiles/drop_test.dir/home/n17y17/pico/pico-sdk/src/common/pico_util/pheap.c.obj
 .text.ph_remove_head
                0x000000001000265c       0x14 CMakeFiles/drop_test.dir/home/n17y17/pico/pico-sdk/src/common/pico_util/pheap.c.obj
                0x000000001000265c                ph_remove_head
 .text.ph_remove_and_free_node
                0x0000000010002670       0xf8 CMakeFiles/drop_test.dir/home/n17y17/pico/pico-sdk/src/common/pico_util/pheap.c.obj
                0x0000000010002670                ph_remove_and_free_node
 .text.clock_configure
                0x0000000010002768      0x108 CMakeFiles/drop_test.dir/home/n17y17/pico/pico-sdk/src/rp2_common/hardware_clocks/clocks.c.obj
                0x0000000010002768                clock_configure
 .text.clocks_init
                0x0000000010002870      0x100 CMakeFiles/drop_test.dir/home/n17y17/pico/pico-sdk/src/rp2_common/hardware_clocks/clocks.c.obj
                0x0000000010002870                clocks_init
 .text.clock_get_hz
                0x0000000010002970        0xc CMakeFiles/drop_test.dir/home/n17y17/pico/pico-sdk/src/rp2_common/hardware_clocks/clocks.c.obj
                0x0000000010002970                clock_get_hz
 .text.pll_init
                0x000000001000297c      0x120 CMakeFiles/drop_test.dir/home/n17y17/pico/pico-sdk/src/rp2_common/hardware_pll/pll.c.obj
                0x000000001000297c                pll_init
 .text.watchdog_start_tick
                0x0000000010002a9c       0x10 CMakeFiles/drop_test.dir/home/n17y17/pico/pico-sdk/src/rp2_common/hardware_watchdog/watchdog.c.obj
                0x0000000010002a9c                watchdog_start_tick
 .text.watchdog_update
                0x0000000010002aac       0x14 CMakeFiles/drop_test.dir/home/n17y17/pico/pico-sdk/src/rp2_common/hardware_watchdog/watchdog.c.obj
                0x0000000010002aac                watchdog_update
 .text._watchdog_enable
                0x0000000010002ac0       0x78 CMakeFiles/drop_test.dir/home/n17y17/pico/pico-sdk/src/rp2_common/hardware_watchdog/watchdog.c.obj
                0x0000000010002ac0                _watchdog_enable
 .text.watchdog_reboot
                0x0000000010002b38       0x48 CMakeFiles/drop_test.dir/home/n17y17/pico/pico-sdk/src/rp2_common/hardware_watchdog/watchdog.c.obj
                0x0000000010002b38                watchdog_reboot
 .text.xosc_init
                0x0000000010002b80       0x28 CMakeFiles/drop_test.dir/home/n17y17/pico/pico-sdk/src/rp2_common/hardware_xosc/xosc.c.obj
                0x0000000010002b80                xosc_init
 .text._exit    0x0000000010002ba8        0x4 CMakeFiles/drop_test.dir/home/n17y17/pico/pico-sdk/src/rp2_common/pico_runtime/runtime.c.obj
                0x0000000010002ba8                _exit
 .text._sbrk    0x0000000010002bac       0x38 CMakeFiles/drop_test.dir/home/n17y17/pico/pico-sdk/src/rp2_common/pico_runtime/runtime.c.obj
                0x0000000010002bac                _sbrk
 .text.exit     0x0000000010002be4        0x6 CMakeFiles/drop_test.dir/home/n17y17/pico/pico-sdk/src/rp2_common/pico_runtime/runtime.c.obj
                0x0000000010002be4                exit
 *fill*         0x0000000010002bea        0x2 
 .text.__assert_func
                0x0000000010002bec       0x3c CMakeFiles/drop_test.dir/home/n17y17/pico/pico-sdk/src/rp2_common/pico_runtime/runtime.c.obj
                0x0000000010002bec                __assert_func
 .text.runtime_init
                0x0000000010002c28       0xf8 CMakeFiles/drop_test.dir/home/n17y17/pico/pico-sdk/src/rp2_common/pico_runtime/runtime.c.obj
                0x0000000010002c28                runtime_init
 .text.panic    0x0000000010002d20       0x30 CMakeFiles/drop_test.dir/home/n17y17/pico/pico-sdk/src/rp2_common/pico_runtime/runtime.c.obj
                0x0000000010002d20                panic
 .text._out_buffer
                0x0000000010002d50        0x8 CMakeFiles/drop_test.dir/home/n17y17/pico/pico-sdk/src/rp2_common/pico_printf/printf.c.obj
 .text._out_null
                0x0000000010002d58        0x2 CMakeFiles/drop_test.dir/home/n17y17/pico/pico-sdk/src/rp2_common/pico_printf/printf.c.obj
 .text._out_fct
                0x0000000010002d5a        0xe CMakeFiles/drop_test.dir/home/n17y17/pico/pico-sdk/src/rp2_common/pico_printf/printf.c.obj
 .text._atoi    0x0000000010002d68       0x24 CMakeFiles/drop_test.dir/home/n17y17/pico/pico-sdk/src/rp2_common/pico_printf/printf.c.obj
 .text._out_rev
                0x0000000010002d8c       0xae CMakeFiles/drop_test.dir/home/n17y17/pico/pico-sdk/src/rp2_common/pico_printf/printf.c.obj
 .text._ntoa_format
                0x0000000010002e3a      0x112 CMakeFiles/drop_test.dir/home/n17y17/pico/pico-sdk/src/rp2_common/pico_printf/printf.c.obj
 .text._ntoa_long
                0x0000000010002f4c       0xbc CMakeFiles/drop_test.dir/home/n17y17/pico/pico-sdk/src/rp2_common/pico_printf/printf.c.obj
 .text._ntoa_long_long
                0x0000000010003008       0xe2 CMakeFiles/drop_test.dir/home/n17y17/pico/pico-sdk/src/rp2_common/pico_printf/printf.c.obj
 *fill*         0x00000000100030ea        0x2 
 .text._etoa    0x00000000100030ec      0x414 CMakeFiles/drop_test.dir/home/n17y17/pico/pico-sdk/src/rp2_common/pico_printf/printf.c.obj
 .text._ftoa    0x0000000010003500      0x354 CMakeFiles/drop_test.dir/home/n17y17/pico/pico-sdk/src/rp2_common/pico_printf/printf.c.obj
 .text._vsnprintf
                0x0000000010003854      0x624 CMakeFiles/drop_test.dir/home/n17y17/pico/pico-sdk/src/rp2_common/pico_printf/printf.c.obj
 .text.__wrap_vsnprintf
                0x0000000010003e78       0x1c CMakeFiles/drop_test.dir/home/n17y17/pico/pico-sdk/src/rp2_common/pico_printf/printf.c.obj
                0x0000000010003e78                __wrap_vsnprintf
 .text.vfctprintf
                0x0000000010003e94       0x20 CMakeFiles/drop_test.dir/home/n17y17/pico/pico-sdk/src/rp2_common/pico_printf/printf.c.obj
                0x0000000010003e94                vfctprintf
 .text          0x0000000010003eb4       0x10 CMakeFiles/drop_test.dir/home/n17y17/pico/pico-sdk/src/rp2_common/pico_bit_ops/bit_ops_aeabi.S.obj
 .text.rom_func_lookup
                0x0000000010003ec4       0x10 CMakeFiles/drop_test.dir/home/n17y17/pico/pico-sdk/src/rp2_common/pico_bootrom/bootrom.c.obj
                0x0000000010003ec4                rom_func_lookup
 .text.rom_data_lookup
                0x0000000010003ed4       0x10 CMakeFiles/drop_test.dir/home/n17y17/pico/pico-sdk/src/rp2_common/pico_bootrom/bootrom.c.obj
                0x0000000010003ed4                rom_data_lookup
 .text.rom_funcs_lookup
                0x0000000010003ee4       0x36 CMakeFiles/drop_test.dir/home/n17y17/pico/pico-sdk/src/rp2_common/pico_bootrom/bootrom.c.obj
                0x0000000010003ee4                rom_funcs_lookup
 *fill*         0x0000000010003f1a        0x2 
 .text.__wrap___aeabi_idiv
                0x0000000010003f1c       0x50 CMakeFiles/drop_test.dir/home/n17y17/pico/pico-sdk/src/rp2_common/pico_divider/divider.S.obj
                0x0000000010003f1c                __wrap___aeabi_idivmod
                0x0000000010003f1c                divmod_s32s32
                0x0000000010003f1c                div_s32s32
                0x0000000010003f1c                __wrap___aeabi_idiv
                0x0000000010003f24                divmod_s32s32_unsafe
                0x0000000010003f50                divmod_s32s32_savestate
 .text.__wrap___aeabi_uidiv
                0x0000000010003f6c       0x4c CMakeFiles/drop_test.dir/home/n17y17/pico/pico-sdk/src/rp2_common/pico_divider/divider.S.obj
                0x0000000010003f6c                __wrap___aeabi_uidiv
                0x0000000010003f6c                __wrap___aeabi_uidivmod
                0x0000000010003f6c                div_u32u32
                0x0000000010003f6c                divmod_u32u32
                0x0000000010003f74                divmod_u32u32_unsafe
                0x0000000010003f9c                divmod_u32u32_savestate
 .text.__wrap___aeabi_ldiv
                0x0000000010003fb8      0x424 CMakeFiles/drop_test.dir/home/n17y17/pico/pico-sdk/src/rp2_common/pico_divider/divider.S.obj
                0x0000000010003fb8                div_s64s64
                0x0000000010003fb8                divmod_s64s64
                0x0000000010003fb8                __wrap___aeabi_ldivmod
                0x0000000010003fe8                div_u64u64
                0x0000000010003fe8                divmod_u64u64
                0x0000000010003fe8                __wrap___aeabi_uldivmod
                0x0000000010003ff8                divmod_u64u64_savestate
                0x0000000010004018                divmod_s64s64_unsafe
                0x00000000100040a0                divmod_u64u64_unsafe
 .text.__wrap___aeabi_darithmetic
                0x00000000100043dc       0x80 CMakeFiles/drop_test.dir/home/n17y17/pico/pico-sdk/src/rp2_common/pico_double/double_aeabi.S.obj
                0x00000000100043dc                __wrap___aeabi_drsub
                0x00000000100043e2                __wrap___aeabi_dsub
                0x00000000100043f4                __wrap___aeabi_dadd
                0x0000000010004406                __wrap___aeabi_ddiv
                0x0000000010004442                __wrap___aeabi_dmul
 .text.__wrap___aeabi_cdcmple
                0x000000001000445c       0x6c CMakeFiles/drop_test.dir/home/n17y17/pico/pico-sdk/src/rp2_common/pico_double/double_aeabi.S.obj
                0x000000001000445c                __wrap___aeabi_cdrcmple
                0x000000001000446c                __wrap___aeabi_cdcmple
                0x000000001000446c                __wrap___aeabi_cdcmpeq
 .text.__wrap___aeabi_dcmpeq
                0x00000000100044c8       0x10 CMakeFiles/drop_test.dir/home/n17y17/pico/pico-sdk/src/rp2_common/pico_double/double_aeabi.S.obj
                0x00000000100044c8                __wrap___aeabi_dcmpeq
 .text.__wrap___aeabi_dcmplt
                0x00000000100044d8        0xc CMakeFiles/drop_test.dir/home/n17y17/pico/pico-sdk/src/rp2_common/pico_double/double_aeabi.S.obj
                0x00000000100044d8                __wrap___aeabi_dcmplt
 .text.__wrap___aeabi_dcmple
                0x00000000100044e4       0x10 CMakeFiles/drop_test.dir/home/n17y17/pico/pico-sdk/src/rp2_common/pico_double/double_aeabi.S.obj
                0x00000000100044e4                __wrap___aeabi_dcmple
 .text.__wrap___aeabi_dcmpge
                0x00000000100044f4       0x10 CMakeFiles/drop_test.dir/home/n17y17/pico/pico-sdk/src/rp2_common/pico_double/double_aeabi.S.obj
                0x00000000100044f4                __wrap___aeabi_dcmpge
 .text.__wrap___aeabi_dcmpgt
                0x0000000010004504        0xa CMakeFiles/drop_test.dir/home/n17y17/pico/pico-sdk/src/rp2_common/pico_double/double_aeabi.S.obj
                0x0000000010004504                __wrap___aeabi_dcmpgt
 .text.__wrap___aeabi_dcmpun
                0x000000001000450e       0x1c CMakeFiles/drop_test.dir/home/n17y17/pico/pico-sdk/src/rp2_common/pico_double/double_aeabi.S.obj
                0x000000001000450e                __wrap___aeabi_dcmpun
 *fill*         0x000000001000452a        0x2 
 .text.__wrap___aeabi_i2d
                0x000000001000452c       0x38 CMakeFiles/drop_test.dir/home/n17y17/pico/pico-sdk/src/rp2_common/pico_double/double_aeabi.S.obj
                0x000000001000452c                __wrap___aeabi_ui2d
                0x0000000010004534                __wrap___aeabi_i2d
 .text.__wrap___aeabi_d2iz
                0x0000000010004564       0x48 CMakeFiles/drop_test.dir/home/n17y17/pico/pico-sdk/src/rp2_common/pico_double/double_aeabi.S.obj
                0x0000000010004564                __wrap___aeabi_d2iz
                0x0000000010004564                double2int_z
 .text.__wrap___aeabi_d2uiz
                0x00000000100045ac       0x18 CMakeFiles/drop_test.dir/home/n17y17/pico/pico-sdk/src/rp2_common/pico_double/double_aeabi.S.obj
                0x00000000100045ac                double2uint
                0x00000000100045ac                __wrap___aeabi_d2uiz
 .text.__wrap___aeabi_d2f
                0x00000000100045c4       0x18 CMakeFiles/drop_test.dir/home/n17y17/pico/pico-sdk/src/rp2_common/pico_double/double_aeabi.S.obj
                0x00000000100045c4                __wrap___aeabi_d2f
 .text.__wrap_exp
                0x00000000100045dc       0x18 CMakeFiles/drop_test.dir/home/n17y17/pico/pico-sdk/src/rp2_common/pico_double/double_aeabi.S.obj
                0x00000000100045dc                __wrap_exp
 .text.__wrap_log
                0x00000000100045f4       0x18 CMakeFiles/drop_test.dir/home/n17y17/pico/pico-sdk/src/rp2_common/pico_double/double_aeabi.S.obj
                0x00000000100045f4                __wrap_log
 .text.__aeabi_double_init
                0x000000001000460c       0xc8 CMakeFiles/drop_test.dir/home/n17y17/pico/pico-sdk/src/rp2_common/pico_double/double_init_rom.c.obj
                0x000000001000460c                __aeabi_double_init
 .text.double_table_shim_on_use_helper
                0x00000000100046d4       0x34 CMakeFiles/drop_test.dir/home/n17y17/pico/pico-sdk/src/rp2_common/pico_double/double_v1_rom_shim.S.obj
                0x00000000100046d4                double_table_shim_on_use_helper
 .text.__wrap___aeabi_dsub
                0x0000000010004708       0x10 CMakeFiles/drop_test.dir/home/n17y17/pico/pico-sdk/src/rp2_common/pico_double/double_v1_rom_shim.S.obj
                0x0000000010004708                drsub_shim
                0x000000001000470e                dsub_shim
 .text.dadd_shim
                0x0000000010004718      0x15c CMakeFiles/drop_test.dir/home/n17y17/pico/pico-sdk/src/rp2_common/pico_double/double_v1_rom_shim.S.obj
                0x0000000010004718                dadd_shim
 .text.dmul_shim
                0x0000000010004874      0x15c CMakeFiles/drop_test.dir/home/n17y17/pico/pico-sdk/src/rp2_common/pico_double/double_v1_rom_shim.S.obj
                0x0000000010004874                dmul_shim
 .text.ddiv_shim
                0x00000000100049d0      0x1b0 CMakeFiles/drop_test.dir/home/n17y17/pico/pico-sdk/src/rp2_common/pico_double/double_v1_rom_shim.S.obj
                0x00000000100049d0                ddiv_shim
 .text.double2uint_shim
                0x0000000010004b80        0xe CMakeFiles/drop_test.dir/home/n17y17/pico/pico-sdk/src/rp2_common/pico_double/double_v1_rom_shim.S.obj
                0x0000000010004b80                double2uint_shim
                0x0000000010004b82                double2ufix_shim
 *fill*         0x0000000010004b8e        0x2 
 .text.double2uint64_shim
                0x0000000010004b90       0x70 CMakeFiles/drop_test.dir/home/n17y17/pico/pico-sdk/src/rp2_common/pico_double/double_v1_rom_shim.S.obj
                0x0000000010004b90                double2uint64_shim
                0x0000000010004b92                double2ufix64_shim
                0x0000000010004bb2                d2fix_a
 .text.double2float_shim
                0x0000000010004c00       0x5c CMakeFiles/drop_test.dir/home/n17y17/pico/pico-sdk/src/rp2_common/pico_double/double_v1_rom_shim.S.obj
                0x0000000010004c00                double2float_shim
 .text.x2double_shims
                0x0000000010004c5c       0x90 CMakeFiles/drop_test.dir/home/n17y17/pico/pico-sdk/src/rp2_common/pico_double/double_v1_rom_shim.S.obj
                0x0000000010004c5c                uint2double_shim
                0x0000000010004c5e                ufix2double_shim
                0x0000000010004c64                int2double_shim
                0x0000000010004c66                fix2double_shim
                0x0000000010004c6c                uint642double_shim
                0x0000000010004c6e                ufix642double_shim
                0x0000000010004c74                int642double_shim
                0x0000000010004c76                fix642double_shim
 .text.dunpacks
                0x0000000010004cec       0x3c CMakeFiles/drop_test.dir/home/n17y17/pico/pico-sdk/src/rp2_common/pico_double/double_v1_rom_shim.S.obj
                0x0000000010004cec                dunpacks
 .text.dreduce  0x0000000010004d28       0x82 CMakeFiles/drop_test.dir/home/n17y17/pico/pico-sdk/src/rp2_common/pico_double/double_v1_rom_shim.S.obj
                0x0000000010004d28                dreduce
 *fill*         0x0000000010004daa        0x2 
 .text.dexp_guts
                0x0000000010004dac      0x268 CMakeFiles/drop_test.dir/home/n17y17/pico/pico-sdk/src/rp2_common/pico_double/double_v1_rom_shim.S.obj
                0x0000000010004dac                dexp_shim
                0x0000000010004e48                dln_shim
 .text.__aeabi_lmul
                0x0000000010005014       0x32 CMakeFiles/drop_test.dir/home/n17y17/pico/pico-sdk/src/rp2_common/pico_int64_ops/pico_int64_ops_aeabi.S.obj
                0x0000000010005014                __wrap___aeabi_lmul
 *fill*         0x0000000010005046        0x2 
 .text.__wrap___aeabi_farithmetic
                0x0000000010005048       0x58 CMakeFiles/drop_test.dir/home/n17y17/pico/pico-sdk/src/rp2_common/pico_float/float_aeabi.S.obj
                0x0000000010005048                __wrap___aeabi_frsub
                0x000000001000504e                __wrap___aeabi_fsub
                0x0000000010005058                __wrap___aeabi_fadd
                0x0000000010005062                __wrap___aeabi_fdiv
                0x000000001000508e                __wrap___aeabi_fmul
 .text.__wrap___aeabi_cfcmple
                0x00000000100050a0       0x50 CMakeFiles/drop_test.dir/home/n17y17/pico/pico-sdk/src/rp2_common/pico_float/float_aeabi.S.obj
                0x00000000100050a0                __wrap___aeabi_cfrcmple
                0x00000000100050ac                __wrap___aeabi_cfcmpeq
                0x00000000100050ac                __wrap___aeabi_cfcmple
 .text.__wrap___aeabi_fcmpeq
                0x00000000100050f0       0x10 CMakeFiles/drop_test.dir/home/n17y17/pico/pico-sdk/src/rp2_common/pico_float/float_aeabi.S.obj
                0x00000000100050f0                __wrap___aeabi_fcmpeq
 .text.__wrap___aeabi_f2iz
                0x0000000010005100       0x4e CMakeFiles/drop_test.dir/home/n17y17/pico/pico-sdk/src/rp2_common/pico_float/float_aeabi.S.obj
                0x0000000010005100                __wrap___aeabi_f2iz
                0x0000000010005100                float2int_z
 *fill*         0x000000001000514e        0x2 
 .text.float2int
                0x0000000010005150       0x14 CMakeFiles/drop_test.dir/home/n17y17/pico/pico-sdk/src/rp2_common/pico_float/float_aeabi.S.obj
                0x0000000010005150                float2int
 .text.__wrap___aeabi_f2uiz
                0x0000000010005164       0x10 CMakeFiles/drop_test.dir/home/n17y17/pico/pico-sdk/src/rp2_common/pico_float/float_aeabi.S.obj
                0x0000000010005164                __wrap___aeabi_f2uiz
 .text.__wrap___aeabi_f2d
                0x0000000010005174       0x14 CMakeFiles/drop_test.dir/home/n17y17/pico/pico-sdk/src/rp2_common/pico_float/float_aeabi.S.obj
                0x0000000010005174                __wrap___aeabi_f2d
 .text.__aeabi_float_init
                0x0000000010005188       0xfc CMakeFiles/drop_test.dir/home/n17y17/pico/pico-sdk/src/rp2_common/pico_float/float_init_rom.c.obj
                0x0000000010005188                __aeabi_float_init
 .text.fpow_int2
                0x0000000010005284       0x26 CMakeFiles/drop_test.dir/home/n17y17/pico/pico-sdk/src/rp2_common/pico_float/float_math.c.obj
 *fill*         0x00000000100052aa        0x2 
 .text.fpow_0   0x00000000100052ac      0x140 CMakeFiles/drop_test.dir/home/n17y17/pico/pico-sdk/src/rp2_common/pico_float/float_math.c.obj
 .text.__wrap_powf
                0x00000000100053ec      0x20c CMakeFiles/drop_test.dir/home/n17y17/pico/pico-sdk/src/rp2_common/pico_float/float_math.c.obj
                0x00000000100053ec                __wrap_powf
 .text.float_table_shim_on_use_helper
                0x00000000100055f8       0x34 CMakeFiles/drop_test.dir/home/n17y17/pico/pico-sdk/src/rp2_common/pico_float/float_v1_rom_shim.S.obj
                0x00000000100055f8                float_table_shim_on_use_helper
 .text.float232_shims
                0x000000001000562c       0x18 CMakeFiles/drop_test.dir/home/n17y17/pico/pico-sdk/src/rp2_common/pico_float/float_v1_rom_shim.S.obj
                0x000000001000562c                float2int_shim
                0x000000001000562e                float2fix_shim
 .text.float2double_shim
                0x0000000010005644       0x30 CMakeFiles/drop_test.dir/home/n17y17/pico/pico-sdk/src/rp2_common/pico_float/float_v1_rom_shim.S.obj
                0x0000000010005644                float2double_shim
 .text.__wrap_malloc
                0x0000000010005674       0x24 CMakeFiles/drop_test.dir/home/n17y17/pico/pico-sdk/src/rp2_common/pico_malloc/pico_malloc.c.obj
                0x0000000010005674                __wrap_malloc
 .text.__wrap_free
                0x0000000010005698        0x8 CMakeFiles/drop_test.dir/home/n17y17/pico/pico-sdk/src/rp2_common/pico_malloc/pico_malloc.c.obj
                0x0000000010005698                __wrap_free
 .text          0x00000000100056a0       0x10 CMakeFiles/drop_test.dir/home/n17y17/pico/pico-sdk/src/rp2_common/pico_mem_ops/mem_ops_aeabi.S.obj
                0x00000000100056a0                __aeabi_mem_init
 .text.memset   0x00000000100056b0        0xc CMakeFiles/drop_test.dir/home/n17y17/pico/pico-sdk/src/rp2_common/pico_mem_ops/mem_ops_aeabi.S.obj
                0x00000000100056b0                __wrap_memset
 .text.memcpy   0x00000000100056bc        0xc CMakeFiles/drop_test.dir/home/n17y17/pico/pico-sdk/src/rp2_common/pico_mem_ops/mem_ops_aeabi.S.obj
                0x00000000100056bc                __wrap___aeabi_memcpy
                0x00000000100056bc                __wrap_memcpy
 .text.stdio_out_chars_no_crlf
                0x00000000100056c8        0xe CMakeFiles/drop_test.dir/home/n17y17/pico/pico-sdk/src/rp2_common/pico_stdio/stdio.c.obj
 *fill*         0x00000000100056d6        0x2 
 .text.stdio_out_chars_crlf
                0x00000000100056d8       0x80 CMakeFiles/drop_test.dir/home/n17y17/pico/pico-sdk/src/rp2_common/pico_stdio/stdio.c.obj
 .text.stdio_stack_buffer_flush
                0x0000000010005758       0x44 CMakeFiles/drop_test.dir/home/n17y17/pico/pico-sdk/src/rp2_common/pico_stdio/stdio.c.obj
 .text.stdio_buffered_printer
                0x000000001000579c       0x20 CMakeFiles/drop_test.dir/home/n17y17/pico/pico-sdk/src/rp2_common/pico_stdio/stdio.c.obj
 .text.stdio_get_until
                0x00000000100057bc       0x80 CMakeFiles/drop_test.dir/home/n17y17/pico/pico-sdk/src/rp2_common/pico_stdio/stdio.c.obj
 .text.stdout_serialize_begin
                0x000000001000583c       0x5c CMakeFiles/drop_test.dir/home/n17y17/pico/pico-sdk/src/rp2_common/pico_stdio/stdio.c.obj
                0x000000001000583c                stdout_serialize_begin
 .text.stdout_serialize_end
                0x0000000010005898       0x10 CMakeFiles/drop_test.dir/home/n17y17/pico/pico-sdk/src/rp2_common/pico_stdio/stdio.c.obj
                0x0000000010005898                stdout_serialize_end
 .text.stdio_put_string
                0x00000000100058a8       0x98 CMakeFiles/drop_test.dir/home/n17y17/pico/pico-sdk/src/rp2_common/pico_stdio/stdio.c.obj
 .text._read    0x0000000010005940       0x24 CMakeFiles/drop_test.dir/home/n17y17/pico/pico-sdk/src/rp2_common/pico_stdio/stdio.c.obj
                0x0000000010005940                _read
 .text._write   0x0000000010005964       0x22 CMakeFiles/drop_test.dir/home/n17y17/pico/pico-sdk/src/rp2_common/pico_stdio/stdio.c.obj
                0x0000000010005964                _write
 .text._close   0x0000000010005986        0x6 CMakeFiles/drop_test.dir/home/n17y17/pico/pico-sdk/src/rp2_common/pico_stdio/stdio.c.obj
                0x0000000010005986                _close
 .text._lseek   0x000000001000598c        0x6 CMakeFiles/drop_test.dir/home/n17y17/pico/pico-sdk/src/rp2_common/pico_stdio/stdio.c.obj
                0x000000001000598c                _lseek
 *fill*         0x0000000010005992        0x2 
 .text.stdio_set_driver_enabled
                0x0000000010005994       0x2c CMakeFiles/drop_test.dir/home/n17y17/pico/pico-sdk/src/rp2_common/pico_stdio/stdio.c.obj
                0x0000000010005994                stdio_set_driver_enabled
 .text.stdio_flush
                0x00000000100059c0       0x20 CMakeFiles/drop_test.dir/home/n17y17/pico/pico-sdk/src/rp2_common/pico_stdio/stdio.c.obj
                0x00000000100059c0                stdio_flush
 .text.__wrap_puts
                0x00000000100059e0       0x1e CMakeFiles/drop_test.dir/home/n17y17/pico/pico-sdk/src/rp2_common/pico_stdio/stdio.c.obj
                0x00000000100059e0                __wrap_puts
 *fill*         0x00000000100059fe        0x2 
 .text.__wrap_vprintf
                0x0000000010005a00       0x40 CMakeFiles/drop_test.dir/home/n17y17/pico/pico-sdk/src/rp2_common/pico_stdio/stdio.c.obj
                0x0000000010005a00                __wrap_vprintf
 .text.__wrap_printf
                0x0000000010005a40       0x18 CMakeFiles/drop_test.dir/home/n17y17/pico/pico-sdk/src/rp2_common/pico_stdio/stdio.c.obj
                0x0000000010005a40                __wrap_printf
 .text.stdio_init_all
                0x0000000010005a58        0x8 CMakeFiles/drop_test.dir/home/n17y17/pico/pico-sdk/src/rp2_common/pico_stdio/stdio.c.obj
                0x0000000010005a58                stdio_init_all
 .text.resetd_init
                0x0000000010005a60        0x2 CMakeFiles/drop_test.dir/home/n17y17/pico/pico-sdk/src/rp2_common/pico_stdio_usb/reset_interface.c.obj
 *fill*         0x0000000010005a62        0x2 
 .text.resetd_reset
                0x0000000010005a64        0xc CMakeFiles/drop_test.dir/home/n17y17/pico/pico-sdk/src/rp2_common/pico_stdio_usb/reset_interface.c.obj
 .text.resetd_open
                0x0000000010005a70       0x34 CMakeFiles/drop_test.dir/home/n17y17/pico/pico-sdk/src/rp2_common/pico_stdio_usb/reset_interface.c.obj
 .text.resetd_xfer_cb
                0x0000000010005aa4        0x4 CMakeFiles/drop_test.dir/home/n17y17/pico/pico-sdk/src/rp2_common/pico_stdio_usb/reset_interface.c.obj
 .text.reset_usb_boot
                0x0000000010005aa8       0x18 CMakeFiles/drop_test.dir/home/n17y17/pico/pico-sdk/src/rp2_common/pico_stdio_usb/reset_interface.c.obj
 .text.resetd_control_xfer_cb
                0x0000000010005ac0       0x5c CMakeFiles/drop_test.dir/home/n17y17/pico/pico-sdk/src/rp2_common/pico_stdio_usb/reset_interface.c.obj
 .text.usbd_app_driver_get_cb
                0x0000000010005b1c        0xc CMakeFiles/drop_test.dir/home/n17y17/pico/pico-sdk/src/rp2_common/pico_stdio_usb/reset_interface.c.obj
                0x0000000010005b1c                usbd_app_driver_get_cb
 .text.tud_cdc_line_coding_cb
                0x0000000010005b28       0x28 CMakeFiles/drop_test.dir/home/n17y17/pico/pico-sdk/src/rp2_common/pico_stdio_usb/reset_interface.c.obj
                0x0000000010005b28                tud_cdc_line_coding_cb
 .text.stdio_usb_set_chars_available_callback
                0x0000000010005b50       0x14 CMakeFiles/drop_test.dir/home/n17y17/pico/pico-sdk/src/rp2_common/pico_stdio_usb/stdio_usb.c.obj
                0x0000000010005b50                stdio_usb_set_chars_available_callback
 .text.usb_irq  0x0000000010005b64       0x10 CMakeFiles/drop_test.dir/home/n17y17/pico/pico-sdk/src/rp2_common/pico_stdio_usb/stdio_usb.c.obj
 .text.timer_task
                0x0000000010005b74       0x5c CMakeFiles/drop_test.dir/home/n17y17/pico/pico-sdk/src/rp2_common/pico_stdio_usb/stdio_usb.c.obj
 .text.low_priority_worker_irq
                0x0000000010005bd0       0xdc CMakeFiles/drop_test.dir/home/n17y17/pico/pico-sdk/src/rp2_common/pico_stdio_usb/stdio_usb.c.obj
 .text.tud_cdc_rx_cb
                0x0000000010005cac       0x20 CMakeFiles/drop_test.dir/home/n17y17/pico/pico-sdk/src/rp2_common/pico_stdio_usb/stdio_usb.c.obj
                0x0000000010005cac                tud_cdc_rx_cb
 .text.stdio_usb_init
                0x0000000010005ccc      0x11c CMakeFiles/drop_test.dir/home/n17y17/pico/pico-sdk/src/rp2_common/pico_stdio_usb/stdio_usb.c.obj
                0x0000000010005ccc                stdio_usb_init
 .text.stdio_usb_connected
                0x0000000010005de8        0xa CMakeFiles/drop_test.dir/home/n17y17/pico/pico-sdk/src/rp2_common/pico_stdio_usb/stdio_usb.c.obj
                0x0000000010005de8                stdio_usb_connected
 *fill*         0x0000000010005df2        0x2 
 .text.stdio_usb_in_chars
                0x0000000010005df4       0xc4 CMakeFiles/drop_test.dir/home/n17y17/pico/pico-sdk/src/rp2_common/pico_stdio_usb/stdio_usb.c.obj
                0x0000000010005df4                stdio_usb_in_chars
 .text.stdio_usb_out_chars
                0x0000000010005eb8      0x114 CMakeFiles/drop_test.dir/home/n17y17/pico/pico-sdk/src/rp2_common/pico_stdio_usb/stdio_usb.c.obj
 .text.tud_descriptor_device_cb
                0x0000000010005fcc        0x8 CMakeFiles/drop_test.dir/home/n17y17/pico/pico-sdk/src/rp2_common/pico_stdio_usb/stdio_usb_descriptors.c.obj
                0x0000000010005fcc                tud_descriptor_device_cb
 .text.tud_descriptor_configuration_cb
                0x0000000010005fd4        0x8 CMakeFiles/drop_test.dir/home/n17y17/pico/pico-sdk/src/rp2_common/pico_stdio_usb/stdio_usb_descriptors.c.obj
                0x0000000010005fd4                tud_descriptor_configuration_cb
 .text.tud_descriptor_string_cb
                0x0000000010005fdc       0x6c CMakeFiles/drop_test.dir/home/n17y17/pico/pico-sdk/src/rp2_common/pico_stdio_usb/stdio_usb_descriptors.c.obj
                0x0000000010005fdc                tud_descriptor_string_cb
 .text._retrieve_unique_id_on_boot
                0x0000000010006048       0x10 CMakeFiles/drop_test.dir/home/n17y17/pico/pico-sdk/src/rp2_common/pico_unique_id/unique_id.c.obj
 .text.pico_get_unique_board_id_string
                0x0000000010006058       0x60 CMakeFiles/drop_test.dir/home/n17y17/pico/pico-sdk/src/rp2_common/pico_unique_id/unique_id.c.obj
                0x0000000010006058                pico_get_unique_board_id_string
 .text.flash_get_unique_id
                0x00000000100060b8       0x46 CMakeFiles/drop_test.dir/home/n17y17/pico/pico-sdk/src/rp2_common/hardware_flash/flash.c.obj
                0x00000000100060b8                flash_get_unique_id
 *fill*         0x00000000100060fe        0x2 
 .text.hw_endpoint_get_by_addr
                0x0000000010006100       0x18 CMakeFiles/drop_test.dir/home/n17y17/pico/pico-sdk/lib/tinyusb/src/portable/raspberrypi/rp2040/dcd_rp2040.c.obj
 .text._hw_endpoint_alloc
                0x0000000010006118       0x70 CMakeFiles/drop_test.dir/home/n17y17/pico/pico-sdk/lib/tinyusb/src/portable/raspberrypi/rp2040/dcd_rp2040.c.obj
 .text.hw_endpoint_init
                0x0000000010006188       0x88 CMakeFiles/drop_test.dir/home/n17y17/pico/pico-sdk/lib/tinyusb/src/portable/raspberrypi/rp2040/dcd_rp2040.c.obj
 .text.hw_endpoint_xfer
                0x0000000010006210       0x14 CMakeFiles/drop_test.dir/home/n17y17/pico/pico-sdk/lib/tinyusb/src/portable/raspberrypi/rp2040/dcd_rp2040.c.obj
 .text.dcd_int_enable
                0x0000000010006224       0x2c CMakeFiles/drop_test.dir/home/n17y17/pico/pico-sdk/lib/tinyusb/src/portable/raspberrypi/rp2040/dcd_rp2040.c.obj
                0x0000000010006224                dcd_int_enable
 .text.dcd_set_address
                0x0000000010006250       0x2c CMakeFiles/drop_test.dir/home/n17y17/pico/pico-sdk/lib/tinyusb/src/portable/raspberrypi/rp2040/dcd_rp2040.c.obj
                0x0000000010006250                dcd_set_address
 .text.dcd_connect
                0x000000001000627c       0x10 CMakeFiles/drop_test.dir/home/n17y17/pico/pico-sdk/lib/tinyusb/src/portable/raspberrypi/rp2040/dcd_rp2040.c.obj
                0x000000001000627c                dcd_connect
 .text.dcd_init
                0x000000001000628c       0x80 CMakeFiles/drop_test.dir/home/n17y17/pico/pico-sdk/lib/tinyusb/src/portable/raspberrypi/rp2040/dcd_rp2040.c.obj
                0x000000001000628c                dcd_init
 .text.dcd_edpt0_status_complete
                0x000000001000630c       0x1c CMakeFiles/drop_test.dir/home/n17y17/pico/pico-sdk/lib/tinyusb/src/portable/raspberrypi/rp2040/dcd_rp2040.c.obj
                0x000000001000630c                dcd_edpt0_status_complete
 .text.dcd_edpt_open
                0x0000000010006328       0x40 CMakeFiles/drop_test.dir/home/n17y17/pico/pico-sdk/lib/tinyusb/src/portable/raspberrypi/rp2040/dcd_rp2040.c.obj
                0x0000000010006328                dcd_edpt_open
 .text.dcd_edpt_close_all
                0x0000000010006368        0x8 CMakeFiles/drop_test.dir/home/n17y17/pico/pico-sdk/lib/tinyusb/src/portable/raspberrypi/rp2040/dcd_rp2040.c.obj
                0x0000000010006368                dcd_edpt_close_all
 .text.dcd_edpt_xfer
                0x0000000010006370       0x34 CMakeFiles/drop_test.dir/home/n17y17/pico/pico-sdk/lib/tinyusb/src/portable/raspberrypi/rp2040/dcd_rp2040.c.obj
                0x0000000010006370                dcd_edpt_xfer
 .text.dcd_edpt_stall
                0x00000000100063a4       0x2c CMakeFiles/drop_test.dir/home/n17y17/pico/pico-sdk/lib/tinyusb/src/portable/raspberrypi/rp2040/dcd_rp2040.c.obj
                0x00000000100063a4                dcd_edpt_stall
 .text.dcd_edpt_clear_stall
                0x00000000100063d0       0x20 CMakeFiles/drop_test.dir/home/n17y17/pico/pico-sdk/lib/tinyusb/src/portable/raspberrypi/rp2040/dcd_rp2040.c.obj
                0x00000000100063d0                dcd_edpt_clear_stall
 .text.rp2040_usb_init
                0x00000000100063f0       0x4c CMakeFiles/drop_test.dir/home/n17y17/pico/pico-sdk/lib/tinyusb/src/portable/raspberrypi/rp2040/rp2040_usb.c.obj
                0x00000000100063f0                rp2040_usb_init
 .text.hw_endpoint_xfer_start
                0x000000001000643c       0x50 CMakeFiles/drop_test.dir/home/n17y17/pico/pico-sdk/lib/tinyusb/src/portable/raspberrypi/rp2040/rp2040_usb.c.obj
                0x000000001000643c                hw_endpoint_xfer_start
 .text.configuration_reset
                0x000000001000648c       0x84 CMakeFiles/drop_test.dir/home/n17y17/pico/pico-sdk/lib/tinyusb/src/device/usbd.c.obj
 .text.usbd_reset
                0x0000000010006510        0xc CMakeFiles/drop_test.dir/home/n17y17/pico/pico-sdk/lib/tinyusb/src/device/usbd.c.obj
 .text.invoke_class_control
                0x000000001000651c       0x1a CMakeFiles/drop_test.dir/home/n17y17/pico/pico-sdk/lib/tinyusb/src/device/usbd.c.obj
 *fill*         0x0000000010006536        0x2 
 .text.process_set_config
                0x0000000010006538      0x178 CMakeFiles/drop_test.dir/home/n17y17/pico/pico-sdk/lib/tinyusb/src/device/usbd.c.obj
 .text.process_get_descriptor
                0x00000000100066b0       0xdc CMakeFiles/drop_test.dir/home/n17y17/pico/pico-sdk/lib/tinyusb/src/device/usbd.c.obj
 .text.tud_mounted
                0x000000001000678c       0x10 CMakeFiles/drop_test.dir/home/n17y17/pico/pico-sdk/lib/tinyusb/src/device/usbd.c.obj
                0x000000001000678c                tud_mounted
 .text.tud_suspended
                0x000000001000679c       0x10 CMakeFiles/drop_test.dir/home/n17y17/pico/pico-sdk/lib/tinyusb/src/device/usbd.c.obj
                0x000000001000679c                tud_suspended
 .text.tud_inited
                0x00000000100067ac       0x14 CMakeFiles/drop_test.dir/home/n17y17/pico/pico-sdk/lib/tinyusb/src/device/usbd.c.obj
                0x00000000100067ac                tud_inited
 .text.tud_init
                0x00000000100067c0       0xcc CMakeFiles/drop_test.dir/home/n17y17/pico/pico-sdk/lib/tinyusb/src/device/usbd.c.obj
                0x00000000100067c0                tud_init
 .text.usbd_defer_func
                0x000000001000688c       0x2a CMakeFiles/drop_test.dir/home/n17y17/pico/pico-sdk/lib/tinyusb/src/device/usbd.c.obj
                0x000000001000688c                usbd_defer_func
 *fill*         0x00000000100068b6        0x2 
 .text.usbd_edpt_open
                0x00000000100068b8       0x34 CMakeFiles/drop_test.dir/home/n17y17/pico/pico-sdk/lib/tinyusb/src/device/usbd.c.obj
                0x00000000100068b8                usbd_edpt_open
 .text.usbd_open_edpt_pair
                0x00000000100068ec       0x62 CMakeFiles/drop_test.dir/home/n17y17/pico/pico-sdk/lib/tinyusb/src/device/usbd.c.obj
                0x00000000100068ec                usbd_open_edpt_pair
 *fill*         0x000000001000694e        0x2 
 .text.usbd_edpt_claim
                0x0000000010006950       0x28 CMakeFiles/drop_test.dir/home/n17y17/pico/pico-sdk/lib/tinyusb/src/device/usbd.c.obj
                0x0000000010006950                usbd_edpt_claim
 .text.usbd_edpt_release
                0x0000000010006978       0x28 CMakeFiles/drop_test.dir/home/n17y17/pico/pico-sdk/lib/tinyusb/src/device/usbd.c.obj
                0x0000000010006978                usbd_edpt_release
 .text.usbd_edpt_xfer
                0x00000000100069a0       0x78 CMakeFiles/drop_test.dir/home/n17y17/pico/pico-sdk/lib/tinyusb/src/device/usbd.c.obj
                0x00000000100069a0                usbd_edpt_xfer
 .text.usbd_edpt_stall
                0x0000000010006a18       0x48 CMakeFiles/drop_test.dir/home/n17y17/pico/pico-sdk/lib/tinyusb/src/device/usbd.c.obj
                0x0000000010006a18                usbd_edpt_stall
 .text.usbd_edpt_clear_stall
                0x0000000010006a60       0x48 CMakeFiles/drop_test.dir/home/n17y17/pico/pico-sdk/lib/tinyusb/src/device/usbd.c.obj
                0x0000000010006a60                usbd_edpt_clear_stall
 .text.usbd_edpt_stalled
                0x0000000010006aa8       0x1c CMakeFiles/drop_test.dir/home/n17y17/pico/pico-sdk/lib/tinyusb/src/device/usbd.c.obj
                0x0000000010006aa8                usbd_edpt_stalled
 .text.process_control_request
                0x0000000010006ac4      0x37c CMakeFiles/drop_test.dir/home/n17y17/pico/pico-sdk/lib/tinyusb/src/device/usbd.c.obj
 .text.tud_task_ext
                0x0000000010006e40      0x1b8 CMakeFiles/drop_test.dir/home/n17y17/pico/pico-sdk/lib/tinyusb/src/device/usbd.c.obj
                0x0000000010006e40                tud_task_ext
 .text._data_stage_xact
                0x0000000010006ff8       0x58 CMakeFiles/drop_test.dir/home/n17y17/pico/pico-sdk/lib/tinyusb/src/device/usbd_control.c.obj
 .text.tud_control_status
                0x0000000010007050       0x38 CMakeFiles/drop_test.dir/home/n17y17/pico/pico-sdk/lib/tinyusb/src/device/usbd_control.c.obj
                0x0000000010007050                tud_control_status
 .text.tud_control_xfer
                0x0000000010007088       0x74 CMakeFiles/drop_test.dir/home/n17y17/pico/pico-sdk/lib/tinyusb/src/device/usbd_control.c.obj
                0x0000000010007088                tud_control_xfer
 .text.usbd_control_reset
                0x00000000100070fc       0x14 CMakeFiles/drop_test.dir/home/n17y17/pico/pico-sdk/lib/tinyusb/src/device/usbd_control.c.obj
                0x00000000100070fc                usbd_control_reset
 .text.usbd_control_set_complete_callback
                0x0000000010007110        0xc CMakeFiles/drop_test.dir/home/n17y17/pico/pico-sdk/lib/tinyusb/src/device/usbd_control.c.obj
                0x0000000010007110                usbd_control_set_complete_callback
 .text.usbd_control_set_request
                0x000000001000711c       0x1c CMakeFiles/drop_test.dir/home/n17y17/pico/pico-sdk/lib/tinyusb/src/device/usbd_control.c.obj
                0x000000001000711c                usbd_control_set_request
 .text.usbd_control_xfer_cb
                0x0000000010007138       0xcc CMakeFiles/drop_test.dir/home/n17y17/pico/pico-sdk/lib/tinyusb/src/device/usbd_control.c.obj
                0x0000000010007138                usbd_control_xfer_cb
 .text._prep_out_transaction
                0x0000000010007204       0x4a CMakeFiles/drop_test.dir/home/n17y17/pico/pico-sdk/lib/tinyusb/src/class/cdc/cdc_device.c.obj
 *fill*         0x000000001000724e        0x2 
 .text.tud_cdc_n_connected
                0x0000000010007250       0x44 CMakeFiles/drop_test.dir/home/n17y17/pico/pico-sdk/lib/tinyusb/src/class/cdc/cdc_device.c.obj
                0x0000000010007250                tud_cdc_n_connected
 .text.tud_cdc_n_available
                0x0000000010007294       0x18 CMakeFiles/drop_test.dir/home/n17y17/pico/pico-sdk/lib/tinyusb/src/class/cdc/cdc_device.c.obj
                0x0000000010007294                tud_cdc_n_available
 .text.tud_cdc_n_read
                0x00000000100072ac       0x28 CMakeFiles/drop_test.dir/home/n17y17/pico/pico-sdk/lib/tinyusb/src/class/cdc/cdc_device.c.obj
                0x00000000100072ac                tud_cdc_n_read
 .text.tud_cdc_n_write_flush
                0x00000000100072d4       0xb8 CMakeFiles/drop_test.dir/home/n17y17/pico/pico-sdk/lib/tinyusb/src/class/cdc/cdc_device.c.obj
                0x00000000100072d4                tud_cdc_n_write_flush
 .text.tud_cdc_n_write
                0x000000001000738c       0x38 CMakeFiles/drop_test.dir/home/n17y17/pico/pico-sdk/lib/tinyusb/src/class/cdc/cdc_device.c.obj
                0x000000001000738c                tud_cdc_n_write
 .text.tud_cdc_n_write_available
                0x00000000100073c4       0x1c CMakeFiles/drop_test.dir/home/n17y17/pico/pico-sdk/lib/tinyusb/src/class/cdc/cdc_device.c.obj
                0x00000000100073c4                tud_cdc_n_write_available
 .text.cdcd_init
                0x00000000100073e0       0xbc CMakeFiles/drop_test.dir/home/n17y17/pico/pico-sdk/lib/tinyusb/src/class/cdc/cdc_device.c.obj
                0x00000000100073e0                cdcd_init
 .text.cdcd_reset
                0x000000001000749c       0x44 CMakeFiles/drop_test.dir/home/n17y17/pico/pico-sdk/lib/tinyusb/src/class/cdc/cdc_device.c.obj
                0x000000001000749c                cdcd_reset
 .text.cdcd_open
                0x00000000100074e0       0xcc CMakeFiles/drop_test.dir/home/n17y17/pico/pico-sdk/lib/tinyusb/src/class/cdc/cdc_device.c.obj
                0x00000000100074e0                cdcd_open
 .text.cdcd_control_xfer_cb
                0x00000000100075ac      0x134 CMakeFiles/drop_test.dir/home/n17y17/pico/pico-sdk/lib/tinyusb/src/class/cdc/cdc_device.c.obj
                0x00000000100075ac                cdcd_control_xfer_cb
 .text.cdcd_xfer_cb
                0x00000000100076e0      0x130 CMakeFiles/drop_test.dir/home/n17y17/pico/pico-sdk/lib/tinyusb/src/class/cdc/cdc_device.c.obj
                0x00000000100076e0                cdcd_xfer_cb
 .text.tusb_init
                0x0000000010007810        0xa CMakeFiles/drop_test.dir/home/n17y17/pico/pico-sdk/lib/tinyusb/src/tusb.c.obj
                0x0000000010007810                tusb_init
 .text.tusb_inited
                0x000000001000781a        0xe CMakeFiles/drop_test.dir/home/n17y17/pico/pico-sdk/lib/tinyusb/src/tusb.c.obj
                0x000000001000781a                tusb_inited
 .text.tu_edpt_claim
                0x0000000010007828       0x50 CMakeFiles/drop_test.dir/home/n17y17/pico/pico-sdk/lib/tinyusb/src/tusb.c.obj
                0x0000000010007828                tu_edpt_claim
 .text.tu_edpt_release
                0x0000000010007878       0x3c CMakeFiles/drop_test.dir/home/n17y17/pico/pico-sdk/lib/tinyusb/src/tusb.c.obj
                0x0000000010007878                tu_edpt_release
 .text.tu_edpt_validate
                0x00000000100078b4       0x78 CMakeFiles/drop_test.dir/home/n17y17/pico/pico-sdk/lib/tinyusb/src/tusb.c.obj
                0x00000000100078b4                tu_edpt_validate
 .text.tu_edpt_bind_driver
                0x000000001000792c       0x26 CMakeFiles/drop_test.dir/home/n17y17/pico/pico-sdk/lib/tinyusb/src/tusb.c.obj
                0x000000001000792c                tu_edpt_bind_driver
 .text.advance_index
                0x0000000010007952       0x1a CMakeFiles/drop_test.dir/home/n17y17/pico/pico-sdk/lib/tinyusb/src/common/tusb_fifo.c.obj
 .text._tu_fifo_peek
                0x000000001000796c       0x56 CMakeFiles/drop_test.dir/home/n17y17/pico/pico-sdk/lib/tinyusb/src/common/tusb_fifo.c.obj
 .text._ff_pull_const_addr
                0x00000000100079c2       0x4c CMakeFiles/drop_test.dir/home/n17y17/pico/pico-sdk/lib/tinyusb/src/common/tusb_fifo.c.obj
 .text._ff_pull_n
                0x0000000010007a0e      0x110 CMakeFiles/drop_test.dir/home/n17y17/pico/pico-sdk/lib/tinyusb/src/common/tusb_fifo.c.obj
 .text._tu_fifo_peek_n
                0x0000000010007b1e       0x6a CMakeFiles/drop_test.dir/home/n17y17/pico/pico-sdk/lib/tinyusb/src/common/tusb_fifo.c.obj
 .text._tu_fifo_read_n
                0x0000000010007b88       0x4e CMakeFiles/drop_test.dir/home/n17y17/pico/pico-sdk/lib/tinyusb/src/common/tusb_fifo.c.obj
 .text._ff_push_const_addr
                0x0000000010007bd6       0x40 CMakeFiles/drop_test.dir/home/n17y17/pico/pico-sdk/lib/tinyusb/src/common/tusb_fifo.c.obj
 .text._ff_push_n
                0x0000000010007c16      0x10c CMakeFiles/drop_test.dir/home/n17y17/pico/pico-sdk/lib/tinyusb/src/common/tusb_fifo.c.obj
 .text._tu_fifo_write_n
                0x0000000010007d22       0xf0 CMakeFiles/drop_test.dir/home/n17y17/pico/pico-sdk/lib/tinyusb/src/common/tusb_fifo.c.obj
 .text.tu_fifo_config
                0x0000000010007e12       0x7c CMakeFiles/drop_test.dir/home/n17y17/pico/pico-sdk/lib/tinyusb/src/common/tusb_fifo.c.obj
                0x0000000010007e12                tu_fifo_config
 .text.tu_fifo_count
                0x0000000010007e8e       0x2a CMakeFiles/drop_test.dir/home/n17y17/pico/pico-sdk/lib/tinyusb/src/common/tusb_fifo.c.obj
                0x0000000010007e8e                tu_fifo_count
 .text.tu_fifo_empty
                0x0000000010007eb8       0x10 CMakeFiles/drop_test.dir/home/n17y17/pico/pico-sdk/lib/tinyusb/src/common/tusb_fifo.c.obj
                0x0000000010007eb8                tu_fifo_empty
 .text.tu_fifo_full
                0x0000000010007ec8       0x28 CMakeFiles/drop_test.dir/home/n17y17/pico/pico-sdk/lib/tinyusb/src/common/tusb_fifo.c.obj
                0x0000000010007ec8                tu_fifo_full
 .text.tu_fifo_remaining
                0x0000000010007ef0       0x2c CMakeFiles/drop_test.dir/home/n17y17/pico/pico-sdk/lib/tinyusb/src/common/tusb_fifo.c.obj
                0x0000000010007ef0                tu_fifo_remaining
 .text.tu_fifo_read
                0x0000000010007f1c       0x42 CMakeFiles/drop_test.dir/home/n17y17/pico/pico-sdk/lib/tinyusb/src/common/tusb_fifo.c.obj
                0x0000000010007f1c                tu_fifo_read
 .text.tu_fifo_read_n
                0x0000000010007f5e        0xa CMakeFiles/drop_test.dir/home/n17y17/pico/pico-sdk/lib/tinyusb/src/common/tusb_fifo.c.obj
                0x0000000010007f5e                tu_fifo_read_n
 .text.tu_fifo_write
                0x0000000010007f68       0x64 CMakeFiles/drop_test.dir/home/n17y17/pico/pico-sdk/lib/tinyusb/src/common/tusb_fifo.c.obj
                0x0000000010007f68                tu_fifo_write
 .text.tu_fifo_write_n
                0x0000000010007fcc        0xa CMakeFiles/drop_test.dir/home/n17y17/pico/pico-sdk/lib/tinyusb/src/common/tusb_fifo.c.obj
                0x0000000010007fcc                tu_fifo_write_n
 .text.tu_fifo_clear
                0x0000000010007fd6       0x3e CMakeFiles/drop_test.dir/home/n17y17/pico/pico-sdk/lib/tinyusb/src/common/tusb_fifo.c.obj
                0x0000000010007fd6                tu_fifo_clear
 .text.tu_fifo_set_overwritable
                0x0000000010008014       0x46 CMakeFiles/drop_test.dir/home/n17y17/pico/pico-sdk/lib/tinyusb/src/common/tusb_fifo.c.obj
                0x0000000010008014                tu_fifo_set_overwritable
 .text.i2c_write_blocking_internal
                0x000000001000805a      0x140 CMakeFiles/drop_test.dir/home/n17y17/pico/pico-sdk/src/rp2_common/hardware_i2c/i2c.c.obj
 .text.i2c_read_blocking_internal
                0x000000001000819a       0xe6 CMakeFiles/drop_test.dir/home/n17y17/pico/pico-sdk/src/rp2_common/hardware_i2c/i2c.c.obj
 .text.i2c_set_baudrate
                0x0000000010008280       0xf0 CMakeFiles/drop_test.dir/home/n17y17/pico/pico-sdk/src/rp2_common/hardware_i2c/i2c.c.obj
                0x0000000010008280                i2c_set_baudrate
 .text.i2c_init
                0x0000000010008370       0x58 CMakeFiles/drop_test.dir/home/n17y17/pico/pico-sdk/src/rp2_common/hardware_i2c/i2c.c.obj
                0x0000000010008370                i2c_init
 .text.i2c_write_blocking
                0x00000000100083c8       0x18 CMakeFiles/drop_test.dir/home/n17y17/pico/pico-sdk/src/rp2_common/hardware_i2c/i2c.c.obj
                0x00000000100083c8                i2c_write_blocking
 .text.i2c_read_blocking
                0x00000000100083e0       0x18 CMakeFiles/drop_test.dir/home/n17y17/pico/pico-sdk/src/rp2_common/hardware_i2c/i2c.c.obj
                0x00000000100083e0                i2c_read_blocking
 .text.ff_memalloc
                0x00000000100083f8        0x8 CMakeFiles/drop_test.dir/FatFs_SPI/ff15/source/ffsystem.c.obj
                0x00000000100083f8                ff_memalloc
 .text.ff_memfree
                0x0000000010008400        0x8 CMakeFiles/drop_test.dir/FatFs_SPI/ff15/source/ffsystem.c.obj
                0x0000000010008400                ff_memfree
 .text.ff_uni2oem
                0x0000000010008408       0x44 CMakeFiles/drop_test.dir/FatFs_SPI/ff15/source/ffunicode.c.obj
                0x0000000010008408                ff_uni2oem
 .text.ff_wtoupper
                0x000000001000844c       0xa8 CMakeFiles/drop_test.dir/FatFs_SPI/ff15/source/ffunicode.c.obj
                0x000000001000844c                ff_wtoupper
 .text.ld_word  0x00000000100084f4        0xa CMakeFiles/drop_test.dir/FatFs_SPI/ff15/source/ff.c.obj
 .text.ld_dword
                0x00000000100084fe       0x18 CMakeFiles/drop_test.dir/FatFs_SPI/ff15/source/ff.c.obj
 .text.ld_qword
                0x0000000010008516       0x42 CMakeFiles/drop_test.dir/FatFs_SPI/ff15/source/ff.c.obj
 .text.st_word  0x0000000010008558        0x8 CMakeFiles/drop_test.dir/FatFs_SPI/ff15/source/ff.c.obj
 .text.st_dword
                0x0000000010008560       0x10 CMakeFiles/drop_test.dir/FatFs_SPI/ff15/source/ff.c.obj
 .text.st_qword
                0x0000000010008570       0x1e CMakeFiles/drop_test.dir/FatFs_SPI/ff15/source/ff.c.obj
 .text.dbc_1st  0x000000001000858e        0x4 CMakeFiles/drop_test.dir/FatFs_SPI/ff15/source/ff.c.obj
 *fill*         0x0000000010008592        0x2 
 .text.tchar2uni
                0x0000000010008594       0xd0 CMakeFiles/drop_test.dir/FatFs_SPI/ff15/source/ff.c.obj
 .text.chk_share
                0x0000000010008664       0x78 CMakeFiles/drop_test.dir/FatFs_SPI/ff15/source/ff.c.obj
 .text.enq_share
                0x00000000100086dc       0x20 CMakeFiles/drop_test.dir/FatFs_SPI/ff15/source/ff.c.obj
 .text.inc_share
                0x00000000100086fc       0xa8 CMakeFiles/drop_test.dir/FatFs_SPI/ff15/source/ff.c.obj
 .text.dec_share
                0x00000000100087a4       0x44 CMakeFiles/drop_test.dir/FatFs_SPI/ff15/source/ff.c.obj
 .text.clear_share
                0x00000000100087e8       0x24 CMakeFiles/drop_test.dir/FatFs_SPI/ff15/source/ff.c.obj
 .text.clst2sect
                0x000000001000880c       0x28 CMakeFiles/drop_test.dir/FatFs_SPI/ff15/source/ff.c.obj
 .text.clmt_clust
                0x0000000010008834       0x30 CMakeFiles/drop_test.dir/FatFs_SPI/ff15/source/ff.c.obj
 .text.ld_clust
                0x0000000010008864       0x26 CMakeFiles/drop_test.dir/FatFs_SPI/ff15/source/ff.c.obj
 .text.st_clust
                0x000000001000888a       0x26 CMakeFiles/drop_test.dir/FatFs_SPI/ff15/source/ff.c.obj
 .text.pick_lfn
                0x00000000100088b0       0x94 CMakeFiles/drop_test.dir/FatFs_SPI/ff15/source/ff.c.obj
 .text.put_lfn  0x0000000010008944       0x8c CMakeFiles/drop_test.dir/FatFs_SPI/ff15/source/ff.c.obj
 .text.sum_sfn  0x00000000100089d0       0x20 CMakeFiles/drop_test.dir/FatFs_SPI/ff15/source/ff.c.obj
 .text.xdir_sum
                0x00000000100089f0       0x2e CMakeFiles/drop_test.dir/FatFs_SPI/ff15/source/ff.c.obj
 .text.init_alloc_info
                0x0000000010008a1e       0x2e CMakeFiles/drop_test.dir/FatFs_SPI/ff15/source/ff.c.obj
 .text.get_ldnumber
                0x0000000010008a4c       0x5c CMakeFiles/drop_test.dir/FatFs_SPI/ff15/source/ff.c.obj
 .text.crc32    0x0000000010008aa8       0x2c CMakeFiles/drop_test.dir/FatFs_SPI/ff15/source/ff.c.obj
 .text.ilog10   0x0000000010008ad4       0xb0 CMakeFiles/drop_test.dir/FatFs_SPI/ff15/source/ff.c.obj
 .text.i10x     0x0000000010008b84       0x54 CMakeFiles/drop_test.dir/FatFs_SPI/ff15/source/ff.c.obj
 .text.ftoa     0x0000000010008bd8      0x294 CMakeFiles/drop_test.dir/FatFs_SPI/ff15/source/ff.c.obj
 .text.validate
                0x0000000010008e6c       0x52 CMakeFiles/drop_test.dir/FatFs_SPI/ff15/source/ff.c.obj
 *fill*         0x0000000010008ebe        0x2 
 .text.test_gpt_header
                0x0000000010008ec0       0x7c CMakeFiles/drop_test.dir/FatFs_SPI/ff15/source/ff.c.obj
 .text.sync_window
                0x0000000010008f3c       0x70 CMakeFiles/drop_test.dir/FatFs_SPI/ff15/source/ff.c.obj
 .text.move_window
                0x0000000010008fac       0x4c CMakeFiles/drop_test.dir/FatFs_SPI/ff15/source/ff.c.obj
 .text.check_fs
                0x0000000010008ff8      0x100 CMakeFiles/drop_test.dir/FatFs_SPI/ff15/source/ff.c.obj
 .text.find_volume
                0x00000000100090f8      0x14c CMakeFiles/drop_test.dir/FatFs_SPI/ff15/source/ff.c.obj
 .text.mount_volume
                0x0000000010009244      0x540 CMakeFiles/drop_test.dir/FatFs_SPI/ff15/source/ff.c.obj
 .text.find_bitmap
                0x0000000010009784       0xa6 CMakeFiles/drop_test.dir/FatFs_SPI/ff15/source/ff.c.obj
 .text.change_bitmap
                0x000000001000982a       0x96 CMakeFiles/drop_test.dir/FatFs_SPI/ff15/source/ff.c.obj
 .text.put_fat  0x00000000100098c0      0x176 CMakeFiles/drop_test.dir/FatFs_SPI/ff15/source/ff.c.obj
 .text.fill_last_frag
                0x0000000010009a36       0x32 CMakeFiles/drop_test.dir/FatFs_SPI/ff15/source/ff.c.obj
 .text.fill_first_frag
                0x0000000010009a68       0x32 CMakeFiles/drop_test.dir/FatFs_SPI/ff15/source/ff.c.obj
 *fill*         0x0000000010009a9a        0x2 
 .text.get_fat  0x0000000010009a9c      0x1ac CMakeFiles/drop_test.dir/FatFs_SPI/ff15/source/ff.c.obj
 .text.create_chain
                0x0000000010009c48      0x1c6 CMakeFiles/drop_test.dir/FatFs_SPI/ff15/source/ff.c.obj
 .text.dir_sdi  0x0000000010009e0e       0xd4 CMakeFiles/drop_test.dir/FatFs_SPI/ff15/source/ff.c.obj
 .text.remove_chain
                0x0000000010009ee2      0x14c CMakeFiles/drop_test.dir/FatFs_SPI/ff15/source/ff.c.obj
 .text.putc_init
                0x000000001000a02e       0x12 CMakeFiles/drop_test.dir/FatFs_SPI/ff15/source/ff.c.obj
 .text.dir_clear
                0x000000001000a040       0xf0 CMakeFiles/drop_test.dir/FatFs_SPI/ff15/source/ff.c.obj
 .text.dir_next
                0x000000001000a130      0x104 CMakeFiles/drop_test.dir/FatFs_SPI/ff15/source/ff.c.obj
 .text.dir_alloc
                0x000000001000a234       0x70 CMakeFiles/drop_test.dir/FatFs_SPI/ff15/source/ff.c.obj
 .text.load_xdir
                0x000000001000a2a4      0x10c CMakeFiles/drop_test.dir/FatFs_SPI/ff15/source/ff.c.obj
 .text.load_obj_xdir
                0x000000001000a3b0       0x36 CMakeFiles/drop_test.dir/FatFs_SPI/ff15/source/ff.c.obj
 .text.dir_read
                0x000000001000a3e6      0x114 CMakeFiles/drop_test.dir/FatFs_SPI/ff15/source/ff.c.obj
 *fill*         0x000000001000a4fa        0x2 
 .text.gen_numname
                0x000000001000a4fc       0xac CMakeFiles/drop_test.dir/FatFs_SPI/ff15/source/ff.c.obj
 .text.store_xdir
                0x000000001000a5a8       0x66 CMakeFiles/drop_test.dir/FatFs_SPI/ff15/source/ff.c.obj
 *fill*         0x000000001000a60e        0x2 
 .text.create_name
                0x000000001000a610      0x324 CMakeFiles/drop_test.dir/FatFs_SPI/ff15/source/ff.c.obj
 .text.xname_sum
                0x000000001000a934       0x38 CMakeFiles/drop_test.dir/FatFs_SPI/ff15/source/ff.c.obj
 .text.create_xdir
                0x000000001000a96c       0x90 CMakeFiles/drop_test.dir/FatFs_SPI/ff15/source/ff.c.obj
 .text.cmp_lfn  0x000000001000a9fc       0xb0 CMakeFiles/drop_test.dir/FatFs_SPI/ff15/source/ff.c.obj
 .text.dir_find
                0x000000001000aaac      0x18c CMakeFiles/drop_test.dir/FatFs_SPI/ff15/source/ff.c.obj
 .text.follow_path
                0x000000001000ac38      0x11a CMakeFiles/drop_test.dir/FatFs_SPI/ff15/source/ff.c.obj
 .text.dir_register
                0x000000001000ad52      0x202 CMakeFiles/drop_test.dir/FatFs_SPI/ff15/source/ff.c.obj
 .text.sync_fs  0x000000001000af54       0xa8 CMakeFiles/drop_test.dir/FatFs_SPI/ff15/source/ff.c.obj
 .text.f_mount  0x000000001000affc       0x60 CMakeFiles/drop_test.dir/FatFs_SPI/ff15/source/ff.c.obj
                0x000000001000affc                f_mount
 .text.f_open   0x000000001000b05c      0x366 CMakeFiles/drop_test.dir/FatFs_SPI/ff15/source/ff.c.obj
                0x000000001000b05c                f_open
 .text.f_write  0x000000001000b3c2      0x2a0 CMakeFiles/drop_test.dir/FatFs_SPI/ff15/source/ff.c.obj
                0x000000001000b3c2                f_write
 .text.putc_bfd
                0x000000001000b662      0x18e CMakeFiles/drop_test.dir/FatFs_SPI/ff15/source/ff.c.obj
 .text.putc_flush
                0x000000001000b7f0       0x3c CMakeFiles/drop_test.dir/FatFs_SPI/ff15/source/ff.c.obj
 .text.f_sync   0x000000001000b82c      0x17e CMakeFiles/drop_test.dir/FatFs_SPI/ff15/source/ff.c.obj
                0x000000001000b82c                f_sync
 .text.f_close  0x000000001000b9aa       0x2e CMakeFiles/drop_test.dir/FatFs_SPI/ff15/source/ff.c.obj
                0x000000001000b9aa                f_close
 .text.f_printf
                0x000000001000b9d8      0x450 CMakeFiles/drop_test.dir/FatFs_SPI/ff15/source/ff.c.obj
                0x000000001000b9d8                f_printf
 .text.sd_spi_deselect
                0x000000001000be28       0x2c CMakeFiles/drop_test.dir/FatFs_SPI/sd_driver/sd_spi.c.obj
 .text.sd_spi_select
                0x000000001000be54       0x2c CMakeFiles/drop_test.dir/FatFs_SPI/sd_driver/sd_spi.c.obj
 .text.sd_spi_lock
                0x000000001000be80        0xa CMakeFiles/drop_test.dir/FatFs_SPI/sd_driver/sd_spi.c.obj
 .text.sd_spi_unlock
                0x000000001000be8a        0xa CMakeFiles/drop_test.dir/FatFs_SPI/sd_driver/sd_spi.c.obj
 .text.sd_spi_go_high_frequency
                0x000000001000be94       0x20 CMakeFiles/drop_test.dir/FatFs_SPI/sd_driver/sd_spi.c.obj
                0x000000001000be94                sd_spi_go_high_frequency
 .text.sd_spi_go_low_frequency
                0x000000001000beb4       0x24 CMakeFiles/drop_test.dir/FatFs_SPI/sd_driver/sd_spi.c.obj
                0x000000001000beb4                sd_spi_go_low_frequency
 .text.sd_spi_deselect_pulse
                0x000000001000bed8       0x10 CMakeFiles/drop_test.dir/FatFs_SPI/sd_driver/sd_spi.c.obj
                0x000000001000bed8                sd_spi_deselect_pulse
 .text.sd_spi_acquire
                0x000000001000bee8       0x10 CMakeFiles/drop_test.dir/FatFs_SPI/sd_driver/sd_spi.c.obj
                0x000000001000bee8                sd_spi_acquire
 .text.sd_spi_release
                0x000000001000bef8       0x10 CMakeFiles/drop_test.dir/FatFs_SPI/sd_driver/sd_spi.c.obj
                0x000000001000bef8                sd_spi_release
 .text.sd_spi_transfer
                0x000000001000bf08        0xa CMakeFiles/drop_test.dir/FatFs_SPI/sd_driver/sd_spi.c.obj
                0x000000001000bf08                sd_spi_transfer
 *fill*         0x000000001000bf12        0x2 
 .text.sd_spi_write
                0x000000001000bf14       0x44 CMakeFiles/drop_test.dir/FatFs_SPI/sd_driver/sd_spi.c.obj
                0x000000001000bf14                sd_spi_write
 .text.sd_spi_send_initializing_sequence
                0x000000001000bf58       0xc0 CMakeFiles/drop_test.dir/FatFs_SPI/sd_driver/sd_spi.c.obj
                0x000000001000bf58                sd_spi_send_initializing_sequence
 .text.spi_get_by_rx_dma
                0x000000001000c018       0x2a CMakeFiles/drop_test.dir/FatFs_SPI/sd_driver/spi.c.obj
 *fill*         0x000000001000c042        0x2 
 .text.spi_lock
                0x000000001000c044       0x30 CMakeFiles/drop_test.dir/FatFs_SPI/sd_driver/spi.c.obj
                0x000000001000c044                spi_lock
 .text.spi_unlock
                0x000000001000c074       0x30 CMakeFiles/drop_test.dir/FatFs_SPI/sd_driver/spi.c.obj
                0x000000001000c074                spi_unlock
 .text.my_spi_init
                0x000000001000c0a4      0x26c CMakeFiles/drop_test.dir/FatFs_SPI/sd_driver/spi.c.obj
                0x000000001000c0a4                my_spi_init
 .text.ext_bits
                0x000000001000c310       0x30 CMakeFiles/drop_test.dir/FatFs_SPI/sd_driver/sd_card.c.obj
 .text.sd_ctor  0x000000001000c340       0x28 CMakeFiles/drop_test.dir/FatFs_SPI/sd_driver/sd_card.c.obj
 .text.sd_lock  0x000000001000c368       0x30 CMakeFiles/drop_test.dir/FatFs_SPI/sd_driver/sd_card.c.obj
 .text.sd_acquire
                0x000000001000c398       0x10 CMakeFiles/drop_test.dir/FatFs_SPI/sd_driver/sd_card.c.obj
 .text.sd_cmd_spi
                0x000000001000c3a8       0x74 CMakeFiles/drop_test.dir/FatFs_SPI/sd_driver/sd_card.c.obj
 .text.sd_unlock
                0x000000001000c41c       0x30 CMakeFiles/drop_test.dir/FatFs_SPI/sd_driver/sd_card.c.obj
 .text.sd_release
                0x000000001000c44c       0x10 CMakeFiles/drop_test.dir/FatFs_SPI/sd_driver/sd_card.c.obj
 .text.sd_wait_token
                0x000000001000c45c       0x9c CMakeFiles/drop_test.dir/FatFs_SPI/sd_driver/sd_card.c.obj
 .text.sd_read_bytes
                0x000000001000c4f8       0x90 CMakeFiles/drop_test.dir/FatFs_SPI/sd_driver/sd_card.c.obj
 .text.sd_read_block
                0x000000001000c588       0x88 CMakeFiles/drop_test.dir/FatFs_SPI/sd_driver/sd_card.c.obj
 .text.sd_wait_ready
                0x000000001000c610       0xb8 CMakeFiles/drop_test.dir/FatFs_SPI/sd_driver/sd_card.c.obj
 .text.sd_cmd   0x000000001000c6c8      0x2f0 CMakeFiles/drop_test.dir/FatFs_SPI/sd_driver/sd_card.c.obj
 .text.sd_cmd8  0x000000001000c9b8       0x50 CMakeFiles/drop_test.dir/FatFs_SPI/sd_driver/sd_card.c.obj
 .text.sd_sectors_nolock
                0x000000001000ca08      0x148 CMakeFiles/drop_test.dir/FatFs_SPI/sd_driver/sd_card.c.obj
 .text.in_sd_read_blocks
                0x000000001000cb50       0xbc CMakeFiles/drop_test.dir/FatFs_SPI/sd_driver/sd_card.c.obj
 .text.sd_read_blocks
                0x000000001000cc0c       0x2e CMakeFiles/drop_test.dir/FatFs_SPI/sd_driver/sd_card.c.obj
                0x000000001000cc0c                sd_read_blocks
 *fill*         0x000000001000cc3a        0x2 
 .text.sd_go_idle_state
                0x000000001000cc3c       0x44 CMakeFiles/drop_test.dir/FatFs_SPI/sd_driver/sd_card.c.obj
 .text.sd_init_medium
                0x000000001000cc80      0x188 CMakeFiles/drop_test.dir/FatFs_SPI/sd_driver/sd_card.c.obj
 .text.sd_write_block
                0x000000001000ce08       0x88 CMakeFiles/drop_test.dir/FatFs_SPI/sd_driver/sd_card.c.obj
 .text.in_sd_write_blocks
                0x000000001000ce90       0xf8 CMakeFiles/drop_test.dir/FatFs_SPI/sd_driver/sd_card.c.obj
 .text.sd_write_blocks
                0x000000001000cf88       0x2e CMakeFiles/drop_test.dir/FatFs_SPI/sd_driver/sd_card.c.obj
                0x000000001000cf88                sd_write_blocks
 *fill*         0x000000001000cfb6        0x2 
 .text.sd_card_detect
                0x000000001000cfb8       0x50 CMakeFiles/drop_test.dir/FatFs_SPI/sd_driver/sd_card.c.obj
                0x000000001000cfb8                sd_card_detect
 .text.sd_init  0x000000001000d008       0xe8 CMakeFiles/drop_test.dir/FatFs_SPI/sd_driver/sd_card.c.obj
 .text.sd_sectors
                0x000000001000d0f0       0x1e CMakeFiles/drop_test.dir/FatFs_SPI/sd_driver/sd_card.c.obj
                0x000000001000d0f0                sd_sectors
 *fill*         0x000000001000d10e        0x2 
 .text.sd_init_driver
                0x000000001000d110       0xc0 CMakeFiles/drop_test.dir/FatFs_SPI/sd_driver/sd_card.c.obj
                0x000000001000d110                sd_init_driver
 .text.crc7     0x000000001000d1d0       0x20 CMakeFiles/drop_test.dir/FatFs_SPI/sd_driver/crc.c.obj
                0x000000001000d1d0                crc7
 .text.crc16    0x000000001000d1f0       0x28 CMakeFiles/drop_test.dir/FatFs_SPI/sd_driver/crc.c.obj
                0x000000001000d1f0                crc16
 .text.sdrc2dresult
                0x000000001000d218       0x60 CMakeFiles/drop_test.dir/FatFs_SPI/src/glue.c.obj
 .text.disk_status
                0x000000001000d278       0x16 CMakeFiles/drop_test.dir/FatFs_SPI/src/glue.c.obj
                0x000000001000d278                disk_status
 .text.disk_initialize
                0x000000001000d28e       0x2a CMakeFiles/drop_test.dir/FatFs_SPI/src/glue.c.obj
                0x000000001000d28e                disk_initialize
 .text.disk_read
                0x000000001000d2b8       0x32 CMakeFiles/drop_test.dir/FatFs_SPI/src/glue.c.obj
                0x000000001000d2b8                disk_read
 .text.disk_write
                0x000000001000d2ea       0x32 CMakeFiles/drop_test.dir/FatFs_SPI/src/glue.c.obj
                0x000000001000d2ea                disk_write
 .text.disk_ioctl
                0x000000001000d31c       0x4c CMakeFiles/drop_test.dir/FatFs_SPI/src/glue.c.obj
                0x000000001000d31c                disk_ioctl
 .text.FRESULT_str
                0x000000001000d368       0xb8 CMakeFiles/drop_test.dir/FatFs_SPI/src/f_util.c.obj
                0x000000001000d368                FRESULT_str
 .text.my_printf
                0x000000001000d420       0x4c CMakeFiles/drop_test.dir/FatFs_SPI/src/my_debug.c.obj
                0x000000001000d420                my_printf
 .text.my_assert_func
                0x000000001000d46c       0x2c CMakeFiles/drop_test.dir/FatFs_SPI/src/my_debug.c.obj
                0x000000001000d46c                my_assert_func
 .text.time_init
                0x000000001000d498       0x68 CMakeFiles/drop_test.dir/FatFs_SPI/src/rtc.c.obj
                0x000000001000d498                time_init
 .text.get_fattime
                0x000000001000d500       0x6c CMakeFiles/drop_test.dir/FatFs_SPI/src/rtc.c.obj
                0x000000001000d500                get_fattime
 .text.spi_set_baudrate
                0x000000001000d56c       0xcc CMakeFiles/drop_test.dir/home/n17y17/pico/pico-sdk/src/rp2_common/hardware_spi/spi.c.obj
                0x000000001000d56c                spi_set_baudrate
 .text.spi_init
                0x000000001000d638       0x74 CMakeFiles/drop_test.dir/home/n17y17/pico/pico-sdk/src/rp2_common/hardware_spi/spi.c.obj
                0x000000001000d638                spi_init
 .text.dma_claim_unused_channel
                0x000000001000d6ac       0x20 CMakeFiles/drop_test.dir/home/n17y17/pico/pico-sdk/src/rp2_common/hardware_dma/dma.c.obj
                0x000000001000d6ac                dma_claim_unused_channel
 .text.valid_datetime
                0x000000001000d6cc       0x5a CMakeFiles/drop_test.dir/home/n17y17/pico/pico-sdk/src/rp2_common/hardware_rtc/rtc.c.obj
 *fill*         0x000000001000d726        0x2 
 .text.rtc_running
                0x000000001000d728       0x10 CMakeFiles/drop_test.dir/home/n17y17/pico/pico-sdk/src/rp2_common/hardware_rtc/rtc.c.obj
                0x000000001000d728                rtc_running
 .text.rtc_init
                0x000000001000d738       0x6c CMakeFiles/drop_test.dir/home/n17y17/pico/pico-sdk/src/rp2_common/hardware_rtc/rtc.c.obj
                0x000000001000d738                rtc_init
 .text.rtc_set_datetime
                0x000000001000d7a4       0x68 CMakeFiles/drop_test.dir/home/n17y17/pico/pico-sdk/src/rp2_common/hardware_rtc/rtc.c.obj
                0x000000001000d7a4                rtc_set_datetime
 .text.rtc_get_datetime
                0x000000001000d80c       0x4c CMakeFiles/drop_test.dir/home/n17y17/pico/pico-sdk/src/rp2_common/hardware_rtc/rtc.c.obj
                0x000000001000d80c                rtc_get_datetime
 .text          0x000000001000d858      0x1c0 /usr/lib/gcc/arm-none-eabi/10.3.1/../../../arm-none-eabi/lib/thumb/v6-m/nofp/libg.a(lib_a-fflush.o)
                0x000000001000d858                __sflush_r
                0x000000001000d998                _fflush_r
                0x000000001000d9c4                fflush
 .text          0x000000001000da18      0x248 /usr/lib/gcc/arm-none-eabi/10.3.1/../../../arm-none-eabi/lib/thumb/v6-m/nofp/libg.a(lib_a-findfp.o)
                0x000000001000da1c                _cleanup_r
                0x000000001000db18                __sfmoreglue
                0x000000001000db48                __sfp
                0x000000001000dbf8                _cleanup
                0x000000001000dc10                __sinit
                0x000000001000dc20                __sfp_lock_acquire
                0x000000001000dc24                __sfp_lock_release
                0x000000001000dc28                __sinit_lock_acquire
                0x000000001000dc2c                __sinit_lock_release
                0x000000001000dc30                __fp_lock_all
                0x000000001000dc48                __fp_unlock_all
 .text          0x000000001000dc60      0x260 /usr/lib/gcc/arm-none-eabi/10.3.1/../../../arm-none-eabi/lib/thumb/v6-m/nofp/libg.a(lib_a-freer.o)
                0x000000001000dc60                _malloc_trim_r
                0x000000001000dcfc                _free_r
 .text          0x000000001000dec0       0x88 /usr/lib/gcc/arm-none-eabi/10.3.1/../../../arm-none-eabi/lib/thumb/v6-m/nofp/libg.a(lib_a-fwalk.o)
                0x000000001000dec0                _fwalk
                0x000000001000df00                _fwalk_reent
 .text          0x000000001000df48       0x28 /usr/lib/gcc/arm-none-eabi/10.3.1/../../../arm-none-eabi/lib/thumb/v6-m/nofp/libg.a(lib_a-malloc.o)
                0x000000001000df48                malloc
                0x000000001000df5c                free
 .text          0x000000001000df70      0x574 /usr/lib/gcc/arm-none-eabi/10.3.1/../../../arm-none-eabi/lib/thumb/v6-m/nofp/libg.a(lib_a-mallocr.o)
                0x000000001000df70                _malloc_r
 .text          0x000000001000e4e4       0x48 /usr/lib/gcc/arm-none-eabi/10.3.1/../../../arm-none-eabi/lib/thumb/v6-m/nofp/libg.a(lib_a-memcmp.o)
                0x000000001000e4e4                memcmp
 .text          0x000000001000e52c        0x8 /usr/lib/gcc/arm-none-eabi/10.3.1/../../../arm-none-eabi/lib/thumb/v6-m/nofp/libg.a(lib_a-mlock.o)
                0x000000001000e52c                __malloc_lock
                0x000000001000e530                __malloc_unlock
 .text          0x000000001000e534       0x24 /usr/lib/gcc/arm-none-eabi/10.3.1/../../../arm-none-eabi/lib/thumb/v6-m/nofp/libg.a(lib_a-sbrkr.o)
                0x000000001000e534                _sbrk_r
 .text          0x000000001000e558       0xa4 /usr/lib/gcc/arm-none-eabi/10.3.1/../../../arm-none-eabi/lib/thumb/v6-m/nofp/libg.a(lib_a-stdio.o)
                0x000000001000e558                __sread
                0x000000001000e580                __seofread
                0x000000001000e584                __swrite
                0x000000001000e5c4                __sseek
                0x000000001000e5f0                __sclose
 .text          0x000000001000e5fc       0xc0 /usr/lib/gcc/arm-none-eabi/10.3.1/../../../arm-none-eabi/lib/thumb/v6-m/nofp/libg.a(lib_a-strchr.o)
                0x000000001000e5fc                strchr